@!@!@STARTMSG 2262:0 @!@!@
TLC2 Version 2.19 of 08 August 2024 (rev: 5a47802)
@!@!@ENDMSG 2262 @!@!@
@!@!@STARTMSG 2187:0 @!@!@
Running breadth-first search Model-Checking with fp 106 and seed -6914832557714063819 with 8 workers on 16 cores with 2357MB heap and 5298MB offheap memory [pid: 20690] (Linux 7.2.7-arch1-1 amd64, AdoptOpenJDK 14.0.1 x86_64, OffHeapDiskFPSet, DiskStateQueue).
@!@!@ENDMSG 2187 @!@!@
@!@!@STARTMSG 2220:0 @!@!@
Starting SANY...
@!@!@ENDMSG 2220 @!@!@
Parsing file /home/jerzy/Documents/programming/TUE/2ix20/trash_single.toolbox/singleBin/MC.tla
Parsing file /home/jerzy/Documents/programming/TUE/2ix20/trash_single.toolbox/singleBin/trash_single.tla
Parsing file /home/jerzy/Downloads/toolbox/plugins/org.lamport.tlatools_1.0.0.202408081326/tla2sany/StandardModules/TLC.tla
Parsing file /home/jerzy/Documents/programming/TUE/2ix20/trash_single.toolbox/singleBin/trash_data.tla
Parsing file /home/jerzy/Downloads/toolbox/plugins/org.lamport.tlatools_1.0.0.202408081326/tla2sany/StandardModules/Integers.tla
Parsing file /home/jerzy/Downloads/toolbox/plugins/org.lamport.tlatools_1.0.0.202408081326/tla2sany/StandardModules/Sequences.tla
Parsing file /home/jerzy/Downloads/toolbox/plugins/org.lamport.tlatools_1.0.0.202408081326/tla2sany/StandardModules/FiniteSets.tla
Parsing file /home/jerzy/Downloads/toolbox/plugins/org.lamport.tlatools_1.0.0.202408081326/tla2sany/StandardModules/Naturals.tla
Semantic processing of module Naturals
Semantic processing of module Integers
Semantic processing of module Sequences
Semantic processing of module FiniteSets
Semantic processing of module TLC
Semantic processing of module trash_data
Semantic processing of module trash_single
Semantic processing of module MC
@!@!@STARTMSG 2219:0 @!@!@
SANY finished.
@!@!@ENDMSG 2219 @!@!@
@!@!@STARTMSG 2185:0 @!@!@
Starting... (2026-09-30 13:59:34)
@!@!@ENDMSG 2185 @!@!@
@!@!@STARTMSG 2189:0 @!@!@
Computing initial states...
@!@!@ENDMSG 2189 @!@!@
@!@!@STARTMSG 2190:0 @!@!@
Finished computing initial states: 1 distinct state generated at 2026-09-30 13:59:35.
@!@!@ENDMSG 2190 @!@!@
@!@!@STARTMSG 2114:1 @!@!@
Deadlock reached.
@!@!@ENDMSG 2114 @!@!@
@!@!@STARTMSG 2121:1 @!@!@
The behavior up to this point is:
@!@!@ENDMSG 2121 @!@!@
@!@!@STARTMSG 2217:4 @!@!@
1: <Initial predicate>
/\ trapDoorOpen = FALSE
/\ binSensor = [sensor |-> "idle"]
/\ serverRequests = <<>>
/\ ramExtended = FALSE
/\ trapDestroyed = FALSE
/\ userTrash = 0
/\ pc = ( 0 :> "ControlStart" @@
  1 :> "BinWaitForCommand" @@
  2 :> "UserNextIteration" @@
  3 :> "TruckStart" @@
  4 :> "ServerNextIteration" )
/\ serverResponses = <<>>
/\ permissions = <<>>
/\ req = [user |-> 0]
/\ outerDoorLocked = TRUE
/\ scans = <<>>
/\ binCommand = [command |-> "finished", open |-> FALSE]
/\ outerDoorOpen = FALSE
/\ truckCommand = [command |-> "emptied", bin |-> 1]
/\ perm = (2 :> [bin |-> 0, user |-> 0, granted |-> FALSE])
/\ trashInTop = 0
/\ trashCompressed = 0
/\ trashUncompressed = 0
/\ trashCapacity = 100

@!@!@ENDMSG 2217 @!@!@
@!@!@STARTMSG 2217:4 @!@!@
2: <ServerNextIteration line 644, col 24 to line 653, col 45 of module trash_single>
/\ trapDoorOpen = FALSE
/\ binSensor = [sensor |-> "idle"]
/\ serverRequests = <<>>
/\ ramExtended = FALSE
/\ trapDestroyed = FALSE
/\ userTrash = 0
/\ pc = ( 0 :> "ControlStart" @@
  1 :> "BinWaitForCommand" @@
  2 :> "UserNextIteration" @@
  3 :> "TruckStart" @@
  4 :> "ServerAwaitRequest" )
/\ serverResponses = <<>>
/\ permissions = <<>>
/\ req = [user |-> 0]
/\ outerDoorLocked = TRUE
/\ scans = <<>>
/\ binCommand = [command |-> "finished", open |-> FALSE]
/\ outerDoorOpen = FALSE
/\ truckCommand = [command |-> "emptied", bin |-> 1]
/\ perm = (2 :> [bin |-> 0, user |-> 0, granted |-> FALSE])
/\ trashInTop = 0
/\ trashCompressed = 0
/\ trashUncompressed = 0
/\ trashCapacity = 100

@!@!@ENDMSG 2217 @!@!@
@!@!@STARTMSG 2217:4 @!@!@
3: <ControlStart line 684, col 17 to line 692, col 75 of module trash_single>
/\ trapDoorOpen = FALSE
/\ binSensor = [sensor |-> "idle"]
/\ serverRequests = <<>>
/\ ramExtended = FALSE
/\ trapDestroyed = FALSE
/\ userTrash = 0
/\ pc = ( 0 :> "Done" @@
  1 :> "BinWaitForCommand" @@
  2 :> "UserNextIteration" @@
  3 :> "TruckStart" @@
  4 :> "ServerAwaitRequest" )
/\ serverResponses = <<>>
/\ permissions = <<>>
/\ req = [user |-> 0]
/\ outerDoorLocked = TRUE
/\ scans = <<>>
/\ binCommand = [command |-> "finished", open |-> FALSE]
/\ outerDoorOpen = FALSE
/\ truckCommand = [command |-> "emptied", bin |-> 1]
/\ perm = (2 :> [bin |-> 0, user |-> 0, granted |-> FALSE])
/\ trashInTop = 0
/\ trashCompressed = 0
/\ trashUncompressed = 0
/\ trashCapacity = 100

@!@!@ENDMSG 2217 @!@!@
@!@!@STARTMSG 2217:4 @!@!@
4: <UserNextIteration line 517, col 28 to line 529, col 49 of module trash_single>
/\ trapDoorOpen = FALSE
/\ binSensor = [sensor |-> "idle"]
/\ serverRequests = <<>>
/\ ramExtended = FALSE
/\ trapDestroyed = FALSE
/\ userTrash = 0
/\ pc = ( 0 :> "Done" @@
  1 :> "BinWaitForCommand" @@
  2 :> "UserNewTrash" @@
  3 :> "TruckStart" @@
  4 :> "ServerAwaitRequest" )
/\ serverResponses = <<>>
/\ permissions = <<>>
/\ req = [user |-> 0]
/\ outerDoorLocked = TRUE
/\ scans = <<>>
/\ binCommand = [command |-> "finished", open |-> FALSE]
/\ outerDoorOpen = FALSE
/\ truckCommand = [command |-> "emptied", bin |-> 1]
/\ perm = (2 :> [bin |-> 0, user |-> 0, granted |-> FALSE])
/\ trashInTop = 0
/\ trashCompressed = 0
/\ trashUncompressed = 0
/\ trashCapacity = 100

@!@!@ENDMSG 2217 @!@!@
@!@!@STARTMSG 2217:4 @!@!@
5: <UserNewTrash line 626, col 23 to line 636, col 64 of module trash_single>
/\ trapDoorOpen = FALSE
/\ binSensor = [sensor |-> "idle"]
/\ serverRequests = <<>>
/\ ramExtended = FALSE
/\ trapDestroyed = FALSE
/\ userTrash = 1
/\ pc = ( 0 :> "Done" @@
  1 :> "BinWaitForCommand" @@
  2 :> "UserScanCard" @@
  3 :> "TruckStart" @@
  4 :> "ServerAwaitRequest" )
/\ serverResponses = <<>>
/\ permissions = <<>>
/\ req = [user |-> 0]
/\ outerDoorLocked = TRUE
/\ scans = <<>>
/\ binCommand = [command |-> "finished", open |-> FALSE]
/\ outerDoorOpen = FALSE
/\ truckCommand = [command |-> "emptied", bin |-> 1]
/\ perm = (2 :> [bin |-> 0, user |-> 0, granted |-> FALSE])
/\ trashInTop = 0
/\ trashCompressed = 0
/\ trashUncompressed = 0
/\ trashCapacity = 100

@!@!@ENDMSG 2217 @!@!@
@!@!@STARTMSG 2217:4 @!@!@
6: <UserScanCard line 531, col 23 to line 540, col 64 of module trash_single>
/\ trapDoorOpen = FALSE
/\ binSensor = [sensor |-> "idle"]
/\ serverRequests = <<>>
/\ ramExtended = FALSE
/\ trapDestroyed = FALSE
/\ userTrash = 1
/\ pc = ( 0 :> "Done" @@
  1 :> "BinWaitForCommand" @@
  2 :> "UserAwaitScanResponse" @@
  3 :> "TruckStart" @@
  4 :> "ServerAwaitRequest" )
/\ serverResponses = <<>>
/\ permissions = <<>>
/\ req = [user |-> 0]
/\ outerDoorLocked = TRUE
/\ scans = <<[bin |-> 1, user |-> 2]>>
/\ binCommand = [command |-> "finished", open |-> FALSE]
/\ outerDoorOpen = FALSE
/\ truckCommand = [command |-> "emptied", bin |-> 1]
/\ perm = (2 :> [bin |-> 0, user |-> 0, granted |-> FALSE])
/\ trashInTop = 0
/\ trashCompressed = 0
/\ trashUncompressed = 0
/\ trashCapacity = 100

@!@!@ENDMSG 2217 @!@!@
@!@!@STARTMSG 2217:4 @!@!@
7: <TruckStart line 671, col 21 to line 680, col 62 of module trash_single>
/\ trapDoorOpen = FALSE
/\ binSensor = [sensor |-> "idle"]
/\ serverRequests = <<>>
/\ ramExtended = FALSE
/\ trapDestroyed = FALSE
/\ userTrash = 1
/\ pc = ( 0 :> "Done" @@
  1 :> "BinWaitForCommand" @@
  2 :> "UserAwaitScanResponse" @@
  3 :> "Done" @@
  4 :> "ServerAwaitRequest" )
/\ serverResponses = <<>>
/\ permissions = <<>>
/\ req = [user |-> 0]
/\ outerDoorLocked = TRUE
/\ scans = <<[bin |-> 1, user |-> 2]>>
/\ binCommand = [command |-> "finished", open |-> FALSE]
/\ outerDoorOpen = FALSE
/\ truckCommand = [command |-> "emptied", bin |-> 1]
/\ perm = (2 :> [bin |-> 0, user |-> 0, granted |-> FALSE])
/\ trashInTop = 0
/\ trashCompressed = 0
/\ trashUncompressed = 0
/\ trashCapacity = 100

@!@!@ENDMSG 2217 @!@!@
@!@!@STARTMSG 2201:0 @!@!@
The coverage statistics at 2026-09-30 13:59:35
@!@!@ENDMSG 2201 @!@!@
@!@!@STARTMSG 2773:0 @!@!@
<Init line 390, col 1 to line 390, col 4 of module trash_single>: 2:2
@!@!@ENDMSG 2773 @!@!@
@!@!@STARTMSG 2221:0 @!@!@
  line 391, col 9 to line 416, col 76 of module trash_single: 2
@!@!@ENDMSG 2221 @!@!@
@!@!@STARTMSG 2772:0 @!@!@
<BinWaitForCommand line 418, col 1 to line 418, col 23 of module trash_single>: 0:0
@!@!@ENDMSG 2772 @!@!@
@!@!@STARTMSG 2221:0 @!@!@
  line 418, col 31 to line 418, col 60 of module trash_single: 727
@!@!@ENDMSG 2221 @!@!@
@!@!@STARTMSG 2221:0 @!@!@
  line 419, col 31 to line 419, col 62 of module trash_single: 727
@!@!@ENDMSG 2221 @!@!@
@!@!@STARTMSG 2221:0 @!@!@
  line 423, col 42 to line 423, col 73 of module trash_single: 0
@!@!@ENDMSG 2221 @!@!@
@!@!@STARTMSG 2221:0 @!@!@
  line 425, col 53 to line 425, col 97 of module trash_single: 0
@!@!@ENDMSG 2221 @!@!@
@!@!@STARTMSG 2221:0 @!@!@
  line 427, col 53 to line 427, col 71 of module trash_single: 0
@!@!@ENDMSG 2221 @!@!@
@!@!@STARTMSG 2221:0 @!@!@
  line 428, col 42 to line 433, col 70 of module trash_single: 0
@!@!@ENDMSG 2221 @!@!@
@!@!@STARTMSG 2221:0 @!@!@
  line 437, col 53 to line 437, col 89 of module trash_single: 0
@!@!@ENDMSG 2221 @!@!@
@!@!@STARTMSG 2221:0 @!@!@
  line 438, col 53 to line 443, col 81 of module trash_single: 0
@!@!@ENDMSG 2221 @!@!@
@!@!@STARTMSG 2221:0 @!@!@
  line 448, col 75 to line 448, col 95 of module trash_single: 0
@!@!@ENDMSG 2221 @!@!@
@!@!@STARTMSG 2221:0 @!@!@
  line 450, col 75 to line 450, col 97 of module trash_single: 0
@!@!@ENDMSG 2221 @!@!@
@!@!@STARTMSG 2221:0 @!@!@
  line 451, col 64 to line 451, col 94 of module trash_single: 0
@!@!@ENDMSG 2221 @!@!@
@!@!@STARTMSG 2221:0 @!@!@
  line 453, col 75 to line 453, col 125 of module trash_single: 0
@!@!@ENDMSG 2221 @!@!@
@!@!@STARTMSG 2221:0 @!@!@
  line 454, col 75 to line 454, col 89 of module trash_single: 0
@!@!@ENDMSG 2221 @!@!@
@!@!@STARTMSG 2221:0 @!@!@
  line 456, col 75 to line 457, col 107 of module trash_single: 0
@!@!@ENDMSG 2221 @!@!@
@!@!@STARTMSG 2221:0 @!@!@
  line 458, col 64 to line 459, col 94 of module trash_single: 0
@!@!@ENDMSG 2221 @!@!@
@!@!@STARTMSG 2221:0 @!@!@
  line 463, col 75 to line 463, col 104 of module trash_single: 0
@!@!@ENDMSG 2221 @!@!@
@!@!@STARTMSG 2221:0 @!@!@
  line 466, col 97 to line 466, col 117 of module trash_single: 0
@!@!@ENDMSG 2221 @!@!@
@!@!@STARTMSG 2221:0 @!@!@
  line 468, col 97 to line 468, col 119 of module trash_single: 0
@!@!@ENDMSG 2221 @!@!@
@!@!@STARTMSG 2221:0 @!@!@
  line 469, col 86 to line 469, col 203 of module trash_single: 0
@!@!@ENDMSG 2221 @!@!@
@!@!@STARTMSG 2221:0 @!@!@
  line 470, col 86 to line 470, col 107 of module trash_single: 0
@!@!@ENDMSG 2221 @!@!@
@!@!@STARTMSG 2221:0 @!@!@
  line 472, col 86 to line 474, col 114 of module trash_single: 0
@!@!@ENDMSG 2221 @!@!@
@!@!@STARTMSG 2221:0 @!@!@
  line 486, col 86 to line 486, col 105 of module trash_single: 0
@!@!@ENDMSG 2221 @!@!@
@!@!@STARTMSG 2221:0 @!@!@
  line 489, col 86 to line 489, col 110 of module trash_single: 0
@!@!@ENDMSG 2221 @!@!@
@!@!@STARTMSG 2221:0 @!@!@
  line 490, col 75 to line 492, col 103 of module trash_single: 0
@!@!@ENDMSG 2221 @!@!@
@!@!@STARTMSG 2221:0 @!@!@
  line 493, col 64 to line 494, col 89 of module trash_single: 0
@!@!@ENDMSG 2221 @!@!@
@!@!@STARTMSG 2221:0 @!@!@
  line 495, col 53 to line 495, col 77 of module trash_single: 0
@!@!@ENDMSG 2221 @!@!@
@!@!@STARTMSG 2221:0 @!@!@
  line 496, col 42 to line 496, col 81 of module trash_single: 0
@!@!@ENDMSG 2221 @!@!@
@!@!@STARTMSG 2221:0 @!@!@
  line 497, col 31 to line 497, col 78 of module trash_single: 0
@!@!@ENDMSG 2221 @!@!@
@!@!@STARTMSG 2221:0 @!@!@
  line 498, col 31 to line 501, col 69 of module trash_single: 0
@!@!@ENDMSG 2221 @!@!@
@!@!@STARTMSG 2772:0 @!@!@
<BinCommandFinished line 503, col 1 to line 503, col 24 of module trash_single>: 0:0
@!@!@ENDMSG 2772 @!@!@
@!@!@STARTMSG 2221:0 @!@!@
  line 503, col 32 to line 503, col 62 of module trash_single: 727
@!@!@ENDMSG 2221 @!@!@
@!@!@STARTMSG 2221:0 @!@!@
  line 504, col 32 to line 504, col 87 of module trash_single: 0
@!@!@ENDMSG 2221 @!@!@
@!@!@STARTMSG 2221:0 @!@!@
  line 505, col 32 to line 505, col 78 of module trash_single: 0
@!@!@ENDMSG 2221 @!@!@
@!@!@STARTMSG 2221:0 @!@!@
  line 506, col 32 to line 513, col 70 of module trash_single: 0
@!@!@ENDMSG 2221 @!@!@
@!@!@STARTMSG 2772:0 @!@!@
<UserNextIteration line 517, col 1 to line 517, col 23 of module trash_single>: 8:9
@!@!@ENDMSG 2772 @!@!@
@!@!@STARTMSG 2221:0 @!@!@
  line 517, col 31 to line 517, col 60 of module trash_single: 736
@!@!@ENDMSG 2221 @!@!@
@!@!@STARTMSG 2221:0 @!@!@
  |line 517, col 31 to line 517, col 38 of module trash_single: 727
@!@!@ENDMSG 2221 @!@!@
@!@!@STARTMSG 2221:0 @!@!@
  line 518, col 34 to line 518, col 46 of module trash_single: 9
@!@!@ENDMSG 2221 @!@!@
@!@!@STARTMSG 2221:0 @!@!@
  line 519, col 39 to line 519, col 83 of module trash_single: 9
@!@!@ENDMSG 2221 @!@!@
@!@!@STARTMSG 2221:0 @!@!@
  line 520, col 42 to line 520, col 83 of module trash_single: 0
@!@!@ENDMSG 2221 @!@!@
@!@!@STARTMSG 2221:0 @!@!@
  line 521, col 31 to line 529, col 49 of module trash_single: 9
@!@!@ENDMSG 2221 @!@!@
@!@!@STARTMSG 2772:0 @!@!@
<UserScanCard line 531, col 1 to line 531, col 18 of module trash_single>: 635:641
@!@!@ENDMSG 2772 @!@!@
@!@!@STARTMSG 2221:0 @!@!@
  line 531, col 26 to line 531, col 50 of module trash_single: 1367
@!@!@ENDMSG 2221 @!@!@
@!@!@STARTMSG 2221:0 @!@!@
  |line 531, col 26 to line 531, col 33 of module trash_single: 726
@!@!@ENDMSG 2221 @!@!@
@!@!@STARTMSG 2221:0 @!@!@
  line 532, col 26 to line 532, col 77 of module trash_single: 641
@!@!@ENDMSG 2221 @!@!@
@!@!@STARTMSG 2221:0 @!@!@
  line 533, col 26 to line 533, col 76 of module trash_single: 641
@!@!@ENDMSG 2221 @!@!@
@!@!@STARTMSG 2221:0 @!@!@
  line 534, col 26 to line 540, col 64 of module trash_single: 641
@!@!@ENDMSG 2221 @!@!@
@!@!@STARTMSG 2772:0 @!@!@
<UserAwaitScanResponse line 542, col 1 to line 542, col 27 of module trash_single>: 0:0
@!@!@ENDMSG 2772 @!@!@
@!@!@STARTMSG 2221:0 @!@!@
  line 542, col 35 to line 542, col 68 of module trash_single: 725
@!@!@ENDMSG 2221 @!@!@
@!@!@STARTMSG 2221:0 @!@!@
  line 543, col 35 to line 543, col 53 of module trash_single: 68
@!@!@ENDMSG 2221 @!@!@
@!@!@STARTMSG 2221:0 @!@!@
  line 544, col 35 to line 544, col 83 of module trash_single: 0
@!@!@ENDMSG 2221 @!@!@
@!@!@STARTMSG 2221:0 @!@!@
  line 545, col 35 to line 545, col 66 of module trash_single: 0
@!@!@ENDMSG 2221 @!@!@
@!@!@STARTMSG 2221:0 @!@!@
  line 551, col 46 to line 551, col 87 of module trash_single: 0
@!@!@ENDMSG 2221 @!@!@
@!@!@STARTMSG 2221:0 @!@!@
  line 552, col 46 to line 552, col 92 of module trash_single: 0
@!@!@ENDMSG 2221 @!@!@
@!@!@STARTMSG 2221:0 @!@!@
  line 553, col 35 to line 561, col 67 of module trash_single: 0
@!@!@ENDMSG 2221 @!@!@
@!@!@STARTMSG 2772:0 @!@!@
<UserOpenDoor line 563, col 1 to line 563, col 18 of module trash_single>: 0:0
@!@!@ENDMSG 2772 @!@!@
@!@!@STARTMSG 2221:0 @!@!@
  line 563, col 26 to line 563, col 50 of module trash_single: 725
@!@!@ENDMSG 2221 @!@!@
@!@!@STARTMSG 2221:0 @!@!@
  line 564, col 26 to line 564, col 87 of module trash_single: 0
@!@!@ENDMSG 2221 @!@!@
@!@!@STARTMSG 2221:0 @!@!@
  line 565, col 26 to line 565, col 72 of module trash_single: 0
@!@!@ENDMSG 2221 @!@!@
@!@!@STARTMSG 2221:0 @!@!@
  line 566, col 26 to line 572, col 64 of module trash_single: 0
@!@!@ENDMSG 2221 @!@!@
@!@!@STARTMSG 2772:0 @!@!@
<UserAwaitOpenDoor line 574, col 1 to line 574, col 23 of module trash_single>: 0:0
@!@!@ENDMSG 2772 @!@!@
@!@!@STARTMSG 2221:0 @!@!@
  line 574, col 31 to line 574, col 60 of module trash_single: 725
@!@!@ENDMSG 2221 @!@!@
@!@!@STARTMSG 2221:0 @!@!@
  line 576, col 31 to line 576, col 76 of module trash_single: 0
@!@!@ENDMSG 2221 @!@!@
@!@!@STARTMSG 2221:0 @!@!@
  line 577, col 31 to line 585, col 49 of module trash_single: 0
@!@!@ENDMSG 2221 @!@!@
@!@!@STARTMSG 2772:0 @!@!@
<UserDepositTrash line 587, col 1 to line 587, col 22 of module trash_single>: 0:0
@!@!@ENDMSG 2772 @!@!@
@!@!@STARTMSG 2221:0 @!@!@
  line 587, col 30 to line 587, col 58 of module trash_single: 725
@!@!@ENDMSG 2221 @!@!@
@!@!@STARTMSG 2221:0 @!@!@
  line 590, col 30 to line 590, col 52 of module trash_single: 0
@!@!@ENDMSG 2221 @!@!@
@!@!@STARTMSG 2221:0 @!@!@
  line 591, col 30 to line 591, col 43 of module trash_single: 0
@!@!@ENDMSG 2221 @!@!@
@!@!@STARTMSG 2221:0 @!@!@
  line 592, col 30 to line 592, col 72 of module trash_single: 0
@!@!@ENDMSG 2221 @!@!@
@!@!@STARTMSG 2221:0 @!@!@
  line 593, col 30 to line 600, col 48 of module trash_single: 0
@!@!@ENDMSG 2221 @!@!@
@!@!@STARTMSG 2772:0 @!@!@
<UserCloseDoor line 602, col 1 to line 602, col 19 of module trash_single>: 0:0
@!@!@ENDMSG 2772 @!@!@
@!@!@STARTMSG 2221:0 @!@!@
  line 602, col 27 to line 602, col 52 of module trash_single: 725
@!@!@ENDMSG 2221 @!@!@
@!@!@STARTMSG 2221:0 @!@!@
  line 603, col 27 to line 603, col 89 of module trash_single: 0
@!@!@ENDMSG 2221 @!@!@
@!@!@STARTMSG 2221:0 @!@!@
  line 604, col 27 to line 604, col 75 of module trash_single: 0
@!@!@ENDMSG 2221 @!@!@
@!@!@STARTMSG 2221:0 @!@!@
  line 605, col 27 to line 611, col 65 of module trash_single: 0
@!@!@ENDMSG 2221 @!@!@
@!@!@STARTMSG 2772:0 @!@!@
<UserAwaitClosedDoor line 613, col 1 to line 613, col 25 of module trash_single>: 0:0
@!@!@ENDMSG 2772 @!@!@
@!@!@STARTMSG 2221:0 @!@!@
  line 613, col 33 to line 613, col 64 of module trash_single: 725
@!@!@ENDMSG 2221 @!@!@
@!@!@STARTMSG 2221:0 @!@!@
  line 615, col 33 to line 615, col 79 of module trash_single: 0
@!@!@ENDMSG 2221 @!@!@
@!@!@STARTMSG 2221:0 @!@!@
  line 616, col 33 to line 624, col 57 of module trash_single: 0
@!@!@ENDMSG 2221 @!@!@
@!@!@STARTMSG 2772:0 @!@!@
<UserNewTrash line 626, col 1 to line 626, col 18 of module trash_single>: 636:720
@!@!@ENDMSG 2772 @!@!@
@!@!@STARTMSG 2221:0 @!@!@
  line 626, col 26 to line 626, col 50 of module trash_single: 734
@!@!@ENDMSG 2221 @!@!@
@!@!@STARTMSG 2221:0 @!@!@
  |line 626, col 26 to line 626, col 33 of module trash_single: 725
@!@!@ENDMSG 2221 @!@!@
@!@!@STARTMSG 2221:0 @!@!@
  line 628, col 28 to line 628, col 43 of module trash_single: 720
@!@!@ENDMSG 2221 @!@!@
@!@!@STARTMSG 2221:0 @!@!@
  line 627, col 37 to line 627, col 51 of module trash_single: 9
@!@!@ENDMSG 2221 @!@!@
@!@!@STARTMSG 2221:0 @!@!@
  line 629, col 26 to line 629, col 67 of module trash_single: 720
@!@!@ENDMSG 2221 @!@!@
@!@!@STARTMSG 2221:0 @!@!@
  line 630, col 26 to line 636, col 64 of module trash_single: 720
@!@!@ENDMSG 2221 @!@!@
@!@!@STARTMSG 2772:0 @!@!@
<ServerNextIteration line 644, col 1 to line 644, col 19 of module trash_single>: 2:360
@!@!@ENDMSG 2772 @!@!@
@!@!@STARTMSG 2221:0 @!@!@
  line 644, col 27 to line 644, col 60 of module trash_single: 1089
@!@!@ENDMSG 2221 @!@!@
@!@!@STARTMSG 2221:0 @!@!@
  |line 644, col 27 to line 644, col 36 of module trash_single: 729
@!@!@ENDMSG 2221 @!@!@
@!@!@STARTMSG 2221:0 @!@!@
  line 645, col 27 to line 645, col 76 of module trash_single: 360
@!@!@ENDMSG 2221 @!@!@
@!@!@STARTMSG 2221:0 @!@!@
  line 646, col 27 to line 653, col 45 of module trash_single: 360
@!@!@ENDMSG 2221 @!@!@
@!@!@STARTMSG 2772:0 @!@!@
<ServerAwaitRequest line 655, col 1 to line 655, col 18 of module trash_single>: 0:0
@!@!@ENDMSG 2772 @!@!@
@!@!@STARTMSG 2221:0 @!@!@
  line 655, col 26 to line 655, col 58 of module trash_single: 728
@!@!@ENDMSG 2221 @!@!@
@!@!@STARTMSG 2221:0 @!@!@
  line 656, col 26 to line 656, col 47 of module trash_single: 369
@!@!@ENDMSG 2221 @!@!@
@!@!@STARTMSG 2221:0 @!@!@
  line 657, col 26 to line 657, col 52 of module trash_single: 0
@!@!@ENDMSG 2221 @!@!@
@!@!@STARTMSG 2221:0 @!@!@
  line 658, col 26 to line 658, col 63 of module trash_single: 0
@!@!@ENDMSG 2221 @!@!@
@!@!@STARTMSG 2221:0 @!@!@
  line 660, col 28 to line 660, col 115 of module trash_single: 0
@!@!@ENDMSG 2221 @!@!@
@!@!@STARTMSG 2221:0 @!@!@
  line 661, col 26 to line 661, col 76 of module trash_single: 0
@!@!@ENDMSG 2221 @!@!@
@!@!@STARTMSG 2221:0 @!@!@
  line 662, col 26 to line 667, col 72 of module trash_single: 0
@!@!@ENDMSG 2221 @!@!@
@!@!@STARTMSG 2772:0 @!@!@
<TruckStart line 671, col 1 to line 671, col 16 of module trash_single>: 11:380
@!@!@ENDMSG 2772 @!@!@
@!@!@STARTMSG 2221:0 @!@!@
  line 671, col 24 to line 671, col 46 of module trash_single: 1104
@!@!@ENDMSG 2221 @!@!@
@!@!@STARTMSG 2221:0 @!@!@
  |line 671, col 24 to line 671, col 31 of module trash_single: 724
@!@!@ENDMSG 2221 @!@!@
@!@!@STARTMSG 2221:0 @!@!@
  line 672, col 24 to line 672, col 27 of module trash_single: 380
@!@!@ENDMSG 2221 @!@!@
@!@!@STARTMSG 2221:0 @!@!@
  line 673, col 24 to line 673, col 57 of module trash_single: 380
@!@!@ENDMSG 2221 @!@!@
@!@!@STARTMSG 2221:0 @!@!@
  line 674, col 24 to line 680, col 62 of module trash_single: 380
@!@!@ENDMSG 2221 @!@!@
@!@!@STARTMSG 2772:0 @!@!@
<ControlStart line 684, col 1 to line 684, col 12 of module trash_single>: 3:363
@!@!@ENDMSG 2772 @!@!@
@!@!@STARTMSG 2221:0 @!@!@
  line 684, col 20 to line 684, col 47 of module trash_single: 1091
@!@!@ENDMSG 2221 @!@!@
@!@!@STARTMSG 2221:0 @!@!@
  |line 684, col 20 to line 684, col 30 of module trash_single: 728
@!@!@ENDMSG 2221 @!@!@
@!@!@STARTMSG 2221:0 @!@!@
  line 685, col 20 to line 685, col 23 of module trash_single: 363
@!@!@ENDMSG 2221 @!@!@
@!@!@STARTMSG 2221:0 @!@!@
  line 686, col 20 to line 686, col 56 of module trash_single: 363
@!@!@ENDMSG 2221 @!@!@
@!@!@STARTMSG 2221:0 @!@!@
  line 687, col 20 to line 692, col 75 of module trash_single: 363
@!@!@ENDMSG 2221 @!@!@
@!@!@STARTMSG 2202:0 @!@!@
End of statistics.
@!@!@ENDMSG 2202 @!@!@
@!@!@STARTMSG 2200:0 @!@!@
Progress(7) at 2026-09-30 13:59:35: 2,389 states generated (65,752 s/min), 1,296 distinct states found (35,669 ds/min), 573 states left on queue.
@!@!@ENDMSG 2200 @!@!@
@!@!@STARTMSG 2199:0 @!@!@
2389 states generated, 1296 distinct states found, 573 states left on queue.
@!@!@ENDMSG 2199 @!@!@
@!@!@STARTMSG 2194:0 @!@!@
The depth of the complete state graph search is 7.
@!@!@ENDMSG 2194 @!@!@
@!@!@STARTMSG 2268:0 @!@!@
The average outdegree of the complete state graph is 1 (minimum is 0, the maximum 31 and the 95th percentile is 1).
@!@!@ENDMSG 2268 @!@!@
@!@!@STARTMSG 2186:0 @!@!@
Finished in 2220ms at (2026-09-30 13:59:35)
@!@!@ENDMSG 2186 @!@!@
