@!@!@STARTMSG 2262:0 @!@!@
TLC2 Version 2.19 of 08 August 2024 (rev: 5a47802)
@!@!@ENDMSG 2262 @!@!@
@!@!@STARTMSG 2187:0 @!@!@
Running breadth-first search Model-Checking with fp 113 and seed 6698162207599444010 with 8 workers on 16 cores with 2357MB heap and 5298MB offheap memory [pid: 39806] (Linux 7.2.7-arch1-1 amd64, AdoptOpenJDK 14.0.1 x86_64, OffHeapDiskFPSet, DiskStateQueue).
@!@!@ENDMSG 2187 @!@!@
@!@!@STARTMSG 2220:0 @!@!@
Starting SANY...
@!@!@ENDMSG 2220 @!@!@
Parsing file /home/jerzy/Documents/programming/TUE/2ix20/trash_single.toolbox/singleBin/MC.tla
Parsing file /home/jerzy/Documents/programming/TUE/2ix20/trash_single.toolbox/singleBin/trash_single.tla
Warning: symbols were renamed.
Parsing file /home/jerzy/Downloads/toolbox/plugins/org.lamport.tlatools_1.0.0.202408081326/tla2sany/StandardModules/TLC.tla
Parsing file /home/jerzy/Documents/programming/TUE/2ix20/trash_single.toolbox/singleBin/trash_data.tla
Parsing file /home/jerzy/Downloads/toolbox/plugins/org.lamport.tlatools_1.0.0.202408081326/tla2sany/StandardModules/Integers.tla
Parsing file /home/jerzy/Downloads/toolbox/plugins/org.lamport.tlatools_1.0.0.202408081326/tla2sany/StandardModules/Sequences.tla
Parsing file /home/jerzy/Downloads/toolbox/plugins/org.lamport.tlatools_1.0.0.202408081326/tla2sany/StandardModules/FiniteSets.tla
Parsing file /home/jerzy/Downloads/toolbox/plugins/org.lamport.tlatools_1.0.0.202408081326/tla2sany/StandardModules/Naturals.tla
Semantic processing of module Naturals
Semantic processing of module Integers
Semantic processing of module Sequences
Semantic processing of module FiniteSets
Semantic processing of module TLC
Semantic processing of module trash_data
Semantic processing of module trash_single
Semantic processing of module MC
@!@!@STARTMSG 2219:0 @!@!@
SANY finished.
@!@!@ENDMSG 2219 @!@!@
@!@!@STARTMSG 2185:0 @!@!@
Starting... (2026-09-30 16:43:01)
@!@!@ENDMSG 2185 @!@!@
@!@!@STARTMSG 2189:0 @!@!@
Computing initial states...
@!@!@ENDMSG 2189 @!@!@
@!@!@STARTMSG 2190:0 @!@!@
Finished computing initial states: 1 distinct state generated at 2026-09-30 16:43:02.
@!@!@ENDMSG 2190 @!@!@
@!@!@STARTMSG 2182:1 @!@!@
Evaluating an expression of the form Append(v, s) when s is not a sequence:
[command |-> "finished", open |-> FALSE]
@!@!@ENDMSG 2182 @!@!@
@!@!@STARTMSG 2121:1 @!@!@
The behavior up to this point is:
@!@!@ENDMSG 2121 @!@!@
@!@!@STARTMSG 2217:4 @!@!@
1: <Initial predicate>
/\ trapDoorOpen = FALSE
/\ binSensor = [sensor |-> "idle"]
/\ serverRequests = <<>>
/\ truckCommands = <<>>
/\ ramExtended = FALSE
/\ trapDestroyed = FALSE
/\ userTrash = 0
/\ pc = ( 0 :> "ControlStart" @@
  1 :> "BinWaitForCommand" @@
  2 :> "UserNextIteration" @@
  3 :> "TruckStart" @@
  4 :> "ServerNextIteration" )
/\ serverResponses = <<>>
/\ permissions = <<>>
/\ req = [user |-> 0]
/\ outerDoorLocked = TRUE
/\ scans = <<>>
/\ binCommand = [command |-> "finished", open |-> FALSE]
/\ scan = 0
/\ outerDoorOpen = FALSE
/\ truckCommand = [command |-> "emptied", bin |-> 1]
/\ perm = 0
/\ trashInTop = 0
/\ trashCompressed = 0
/\ trashUncompressed = 0
/\ perm_ = (2 :> [bin |-> 0, user |-> 0, granted |-> FALSE])
/\ trashCapacity = 100

@!@!@ENDMSG 2217 @!@!@
@!@!@STARTMSG 2217:4 @!@!@
2: <ServerNextIteration line 715, col 24 to line 724, col 79 of module trash_single>
/\ trapDoorOpen = FALSE
/\ binSensor = [sensor |-> "idle"]
/\ serverRequests = <<>>
/\ truckCommands = <<>>
/\ ramExtended = FALSE
/\ trapDestroyed = FALSE
/\ userTrash = 0
/\ pc = ( 0 :> "ControlStart" @@
  1 :> "BinWaitForCommand" @@
  2 :> "UserNextIteration" @@
  3 :> "TruckStart" @@
  4 :> "ServerAwaitRequest" )
/\ serverResponses = <<>>
/\ permissions = <<>>
/\ req = [user |-> 0]
/\ outerDoorLocked = TRUE
/\ scans = <<>>
/\ binCommand = [command |-> "finished", open |-> FALSE]
/\ scan = 0
/\ outerDoorOpen = FALSE
/\ truckCommand = [command |-> "emptied", bin |-> 1]
/\ perm = 0
/\ trashInTop = 0
/\ trashCompressed = 0
/\ trashUncompressed = 0
/\ perm_ = (2 :> [bin |-> 0, user |-> 0, granted |-> FALSE])
/\ trashCapacity = 100

@!@!@ENDMSG 2217 @!@!@
@!@!@STARTMSG 2217:4 @!@!@
3: <UserNextIteration line 579, col 28 to line 592, col 50 of module trash_single>
/\ trapDoorOpen = FALSE
/\ binSensor = [sensor |-> "idle"]
/\ serverRequests = <<>>
/\ truckCommands = <<>>
/\ ramExtended = FALSE
/\ trapDestroyed = FALSE
/\ userTrash = 0
/\ pc = ( 0 :> "ControlStart" @@
  1 :> "BinWaitForCommand" @@
  2 :> "UserNewTrash" @@
  3 :> "TruckStart" @@
  4 :> "ServerAwaitRequest" )
/\ serverResponses = <<>>
/\ permissions = <<>>
/\ req = [user |-> 0]
/\ outerDoorLocked = TRUE
/\ scans = <<>>
/\ binCommand = [command |-> "finished", open |-> FALSE]
/\ scan = 0
/\ outerDoorOpen = FALSE
/\ truckCommand = [command |-> "emptied", bin |-> 1]
/\ perm = 0
/\ trashInTop = 0
/\ trashCompressed = 0
/\ trashUncompressed = 0
/\ perm_ = (2 :> [bin |-> 0, user |-> 0, granted |-> FALSE])
/\ trashCapacity = 100

@!@!@ENDMSG 2217 @!@!@
@!@!@STARTMSG 2217:4 @!@!@
4: <UserNewTrash line 696, col 23 to line 707, col 51 of module trash_single>
/\ trapDoorOpen = FALSE
/\ binSensor = [sensor |-> "idle"]
/\ serverRequests = <<>>
/\ truckCommands = <<>>
/\ ramExtended = FALSE
/\ trapDestroyed = FALSE
/\ userTrash = 3
/\ pc = ( 0 :> "ControlStart" @@
  1 :> "BinWaitForCommand" @@
  2 :> "UserScanCard" @@
  3 :> "TruckStart" @@
  4 :> "ServerAwaitRequest" )
/\ serverResponses = <<>>
/\ permissions = <<>>
/\ req = [user |-> 0]
/\ outerDoorLocked = TRUE
/\ scans = <<>>
/\ binCommand = [command |-> "finished", open |-> FALSE]
/\ scan = 0
/\ outerDoorOpen = FALSE
/\ truckCommand = [command |-> "emptied", bin |-> 1]
/\ perm = 0
/\ trashInTop = 0
/\ trashCompressed = 0
/\ trashUncompressed = 0
/\ perm_ = (2 :> [bin |-> 0, user |-> 0, granted |-> FALSE])
/\ trashCapacity = 100

@!@!@ENDMSG 2217 @!@!@
@!@!@STARTMSG 2217:4 @!@!@
5: <UserScanCard line 594, col 23 to line 604, col 51 of module trash_single>
/\ trapDoorOpen = FALSE
/\ binSensor = [sensor |-> "idle"]
/\ serverRequests = <<>>
/\ truckCommands = <<>>
/\ ramExtended = FALSE
/\ trapDestroyed = FALSE
/\ userTrash = 3
/\ pc = ( 0 :> "ControlStart" @@
  1 :> "BinWaitForCommand" @@
  2 :> "UserAwaitScanResponse" @@
  3 :> "TruckStart" @@
  4 :> "ServerAwaitRequest" )
/\ serverResponses = <<>>
/\ permissions = <<>>
/\ req = [user |-> 0]
/\ outerDoorLocked = TRUE
/\ scans = <<[bin |-> 1, user |-> 2]>>
/\ binCommand = [command |-> "finished", open |-> FALSE]
/\ scan = 0
/\ outerDoorOpen = FALSE
/\ truckCommand = [command |-> "emptied", bin |-> 1]
/\ perm = 0
/\ trashInTop = 0
/\ trashCompressed = 0
/\ trashUncompressed = 0
/\ perm_ = (2 :> [bin |-> 0, user |-> 0, granted |-> FALSE])
/\ trashCapacity = 100

@!@!@ENDMSG 2217 @!@!@
@!@!@STARTMSG 2217:4 @!@!@
6: <ControlStart line 757, col 17 to line 770, col 57 of module trash_single>
/\ trapDoorOpen = FALSE
/\ binSensor = [sensor |-> "idle"]
/\ serverRequests = <<>>
/\ truckCommands = <<>>
/\ ramExtended = FALSE
/\ trapDestroyed = FALSE
/\ userTrash = 3
/\ pc = ( 0 :> "ReadCard" @@
  1 :> "BinWaitForCommand" @@
  2 :> "UserAwaitScanResponse" @@
  3 :> "TruckStart" @@
  4 :> "ServerAwaitRequest" )
/\ serverResponses = <<>>
/\ permissions = <<>>
/\ req = [user |-> 0]
/\ outerDoorLocked = TRUE
/\ scans = <<[bin |-> 1, user |-> 2]>>
/\ binCommand = [command |-> "finished", open |-> FALSE]
/\ scan = 0
/\ outerDoorOpen = FALSE
/\ truckCommand = [command |-> "emptied", bin |-> 1]
/\ perm = 0
/\ trashInTop = 0
/\ trashCompressed = 0
/\ trashUncompressed = 0
/\ perm_ = (2 :> [bin |-> 0, user |-> 0, granted |-> FALSE])
/\ trashCapacity = 100

@!@!@ENDMSG 2217 @!@!@
@!@!@STARTMSG 2217:4 @!@!@
7: <ReadCard line 772, col 13 to line 782, col 62 of module trash_single>
/\ trapDoorOpen = FALSE
/\ binSensor = [sensor |-> "idle"]
/\ serverRequests = <<>>
/\ truckCommands = <<>>
/\ ramExtended = FALSE
/\ trapDestroyed = FALSE
/\ userTrash = 3
/\ pc = ( 0 :> "AskServer" @@
  1 :> "BinWaitForCommand" @@
  2 :> "UserAwaitScanResponse" @@
  3 :> "TruckStart" @@
  4 :> "ServerAwaitRequest" )
/\ serverResponses = <<>>
/\ permissions = <<>>
/\ req = [user |-> 0]
/\ outerDoorLocked = TRUE
/\ scans = <<>>
/\ binCommand = [command |-> "finished", open |-> FALSE]
/\ scan = [bin |-> 1, user |-> 2]
/\ outerDoorOpen = FALSE
/\ truckCommand = [command |-> "emptied", bin |-> 1]
/\ perm = 0
/\ trashInTop = 0
/\ trashCompressed = 0
/\ trashUncompressed = 0
/\ perm_ = (2 :> [bin |-> 0, user |-> 0, granted |-> FALSE])
/\ trashCapacity = 100

@!@!@ENDMSG 2217 @!@!@
@!@!@STARTMSG 2217:4 @!@!@
8: <AskServer line 784, col 14 to line 792, col 69 of module trash_single>
/\ trapDoorOpen = FALSE
/\ binSensor = [sensor |-> "idle"]
/\ serverRequests = <<[user |-> 2]>>
/\ truckCommands = <<>>
/\ ramExtended = FALSE
/\ trapDestroyed = FALSE
/\ userTrash = 3
/\ pc = ( 0 :> "WaitServer" @@
  1 :> "BinWaitForCommand" @@
  2 :> "UserAwaitScanResponse" @@
  3 :> "TruckStart" @@
  4 :> "ServerAwaitRequest" )
/\ serverResponses = <<>>
/\ permissions = <<>>
/\ req = [user |-> 0]
/\ outerDoorLocked = TRUE
/\ scans = <<>>
/\ binCommand = [command |-> "finished", open |-> FALSE]
/\ scan = [bin |-> 1, user |-> 2]
/\ outerDoorOpen = FALSE
/\ truckCommand = [command |-> "emptied", bin |-> 1]
/\ perm = 0
/\ trashInTop = 0
/\ trashCompressed = 0
/\ trashUncompressed = 0
/\ perm_ = (2 :> [bin |-> 0, user |-> 0, granted |-> FALSE])
/\ trashCapacity = 100

@!@!@ENDMSG 2217 @!@!@
@!@!@STARTMSG 2217:4 @!@!@
9: <ServerAwaitRequest line 726, col 23 to line 739, col 58 of module trash_single>
/\ trapDoorOpen = FALSE
/\ binSensor = [sensor |-> "idle"]
/\ serverRequests = <<>>
/\ truckCommands = <<>>
/\ ramExtended = FALSE
/\ trapDestroyed = FALSE
/\ userTrash = 3
/\ pc = ( 0 :> "WaitServer" @@
  1 :> "BinWaitForCommand" @@
  2 :> "UserAwaitScanResponse" @@
  3 :> "TruckStart" @@
  4 :> "ServerNextIteration" )
/\ serverResponses = <<[user |-> 2, permission |-> TRUE]>>
/\ permissions = <<>>
/\ req = [user |-> 2]
/\ outerDoorLocked = TRUE
/\ scans = <<>>
/\ binCommand = [command |-> "finished", open |-> FALSE]
/\ scan = [bin |-> 1, user |-> 2]
/\ outerDoorOpen = FALSE
/\ truckCommand = [command |-> "emptied", bin |-> 1]
/\ perm = 0
/\ trashInTop = 0
/\ trashCompressed = 0
/\ trashUncompressed = 0
/\ perm_ = (2 :> [bin |-> 0, user |-> 0, granted |-> FALSE])
/\ trashCapacity = 100

@!@!@ENDMSG 2217 @!@!@
@!@!@STARTMSG 2217:4 @!@!@
10: <WaitServer line 794, col 15 to line 806, col 64 of module trash_single>
/\ trapDoorOpen = FALSE
/\ binSensor = [sensor |-> "idle"]
/\ serverRequests = <<>>
/\ truckCommands = <<>>
/\ ramExtended = FALSE
/\ trapDestroyed = FALSE
/\ userTrash = 3
/\ pc = ( 0 :> "AllowUser" @@
  1 :> "BinWaitForCommand" @@
  2 :> "UserAwaitScanResponse" @@
  3 :> "TruckStart" @@
  4 :> "ServerNextIteration" )
/\ serverResponses = <<>>
/\ permissions = <<>>
/\ req = [user |-> 2]
/\ outerDoorLocked = TRUE
/\ scans = <<>>
/\ binCommand = [command |-> "finished", open |-> FALSE]
/\ scan = [bin |-> 1, user |-> 2]
/\ outerDoorOpen = FALSE
/\ truckCommand = [command |-> "emptied", bin |-> 1]
/\ perm = [user |-> 2, permission |-> TRUE]
/\ trashInTop = 0
/\ trashCompressed = 0
/\ trashUncompressed = 0
/\ perm_ = (2 :> [bin |-> 0, user |-> 0, granted |-> FALSE])
/\ trashCapacity = 100

@!@!@ENDMSG 2217 @!@!@
@!@!@STARTMSG 2103:1 @!@!@
The error occurred when TLC was evaluating the nested
expressions at the following positions:
0. Line 818, column 14 to line 827, column 54 in trash_single
1. Line 818, column 17 to line 818, column 41 in trash_single
2. Line 819, column 17 to line 819, column 100 in trash_single
3. Line 819, column 31 to line 819, column 100 in trash_single


@!@!@ENDMSG 2103 @!@!@
@!@!@STARTMSG 2201:0 @!@!@
The coverage statistics at 2026-09-30 16:43:02
@!@!@ENDMSG 2201 @!@!@
@!@!@STARTMSG 2773:0 @!@!@
<Init line 446, col 1 to line 446, col 4 of module trash_single>: 2:2
@!@!@ENDMSG 2773 @!@!@
@!@!@STARTMSG 2221:0 @!@!@
  line 447, col 9 to line 476, col 76 of module trash_single: 2
@!@!@ENDMSG 2221 @!@!@
@!@!@STARTMSG 2772:0 @!@!@
<BinWaitForCommand line 478, col 1 to line 478, col 23 of module trash_single>: 0:0
@!@!@ENDMSG 2772 @!@!@
@!@!@STARTMSG 2221:0 @!@!@
  line 478, col 31 to line 478, col 60 of module trash_single: 1661
@!@!@ENDMSG 2221 @!@!@
@!@!@STARTMSG 2221:0 @!@!@
  line 479, col 31 to line 479, col 62 of module trash_single: 1661
@!@!@ENDMSG 2221 @!@!@
@!@!@STARTMSG 2221:0 @!@!@
  line 483, col 42 to line 483, col 73 of module trash_single: 0
@!@!@ENDMSG 2221 @!@!@
@!@!@STARTMSG 2221:0 @!@!@
  line 485, col 53 to line 485, col 97 of module trash_single: 0
@!@!@ENDMSG 2221 @!@!@
@!@!@STARTMSG 2221:0 @!@!@
  line 487, col 53 to line 487, col 71 of module trash_single: 0
@!@!@ENDMSG 2221 @!@!@
@!@!@STARTMSG 2221:0 @!@!@
  line 488, col 42 to line 493, col 70 of module trash_single: 0
@!@!@ENDMSG 2221 @!@!@
@!@!@STARTMSG 2221:0 @!@!@
  line 497, col 53 to line 497, col 89 of module trash_single: 0
@!@!@ENDMSG 2221 @!@!@
@!@!@STARTMSG 2221:0 @!@!@
  line 498, col 53 to line 503, col 81 of module trash_single: 0
@!@!@ENDMSG 2221 @!@!@
@!@!@STARTMSG 2221:0 @!@!@
  line 508, col 75 to line 508, col 95 of module trash_single: 0
@!@!@ENDMSG 2221 @!@!@
@!@!@STARTMSG 2221:0 @!@!@
  line 510, col 75 to line 510, col 97 of module trash_single: 0
@!@!@ENDMSG 2221 @!@!@
@!@!@STARTMSG 2221:0 @!@!@
  line 511, col 64 to line 511, col 94 of module trash_single: 0
@!@!@ENDMSG 2221 @!@!@
@!@!@STARTMSG 2221:0 @!@!@
  line 513, col 75 to line 513, col 125 of module trash_single: 0
@!@!@ENDMSG 2221 @!@!@
@!@!@STARTMSG 2221:0 @!@!@
  line 514, col 75 to line 514, col 89 of module trash_single: 0
@!@!@ENDMSG 2221 @!@!@
@!@!@STARTMSG 2221:0 @!@!@
  line 516, col 75 to line 517, col 107 of module trash_single: 0
@!@!@ENDMSG 2221 @!@!@
@!@!@STARTMSG 2221:0 @!@!@
  line 518, col 64 to line 519, col 94 of module trash_single: 0
@!@!@ENDMSG 2221 @!@!@
@!@!@STARTMSG 2221:0 @!@!@
  line 523, col 75 to line 523, col 104 of module trash_single: 0
@!@!@ENDMSG 2221 @!@!@
@!@!@STARTMSG 2221:0 @!@!@
  line 526, col 97 to line 526, col 117 of module trash_single: 0
@!@!@ENDMSG 2221 @!@!@
@!@!@STARTMSG 2221:0 @!@!@
  line 528, col 97 to line 528, col 119 of module trash_single: 0
@!@!@ENDMSG 2221 @!@!@
@!@!@STARTMSG 2221:0 @!@!@
  line 529, col 86 to line 529, col 203 of module trash_single: 0
@!@!@ENDMSG 2221 @!@!@
@!@!@STARTMSG 2221:0 @!@!@
  line 530, col 86 to line 530, col 107 of module trash_single: 0
@!@!@ENDMSG 2221 @!@!@
@!@!@STARTMSG 2221:0 @!@!@
  line 532, col 86 to line 534, col 114 of module trash_single: 0
@!@!@ENDMSG 2221 @!@!@
@!@!@STARTMSG 2221:0 @!@!@
  line 546, col 86 to line 546, col 105 of module trash_single: 0
@!@!@ENDMSG 2221 @!@!@
@!@!@STARTMSG 2221:0 @!@!@
  line 549, col 86 to line 549, col 110 of module trash_single: 0
@!@!@ENDMSG 2221 @!@!@
@!@!@STARTMSG 2221:0 @!@!@
  line 550, col 75 to line 552, col 103 of module trash_single: 0
@!@!@ENDMSG 2221 @!@!@
@!@!@STARTMSG 2221:0 @!@!@
  line 553, col 64 to line 554, col 89 of module trash_single: 0
@!@!@ENDMSG 2221 @!@!@
@!@!@STARTMSG 2221:0 @!@!@
  line 555, col 53 to line 555, col 77 of module trash_single: 0
@!@!@ENDMSG 2221 @!@!@
@!@!@STARTMSG 2221:0 @!@!@
  line 556, col 42 to line 556, col 81 of module trash_single: 0
@!@!@ENDMSG 2221 @!@!@
@!@!@STARTMSG 2221:0 @!@!@
  line 557, col 31 to line 557, col 78 of module trash_single: 0
@!@!@ENDMSG 2221 @!@!@
@!@!@STARTMSG 2221:0 @!@!@
  line 558, col 31 to line 562, col 61 of module trash_single: 0
@!@!@ENDMSG 2221 @!@!@
@!@!@STARTMSG 2772:0 @!@!@
<BinCommandFinished line 564, col 1 to line 564, col 24 of module trash_single>: 0:0
@!@!@ENDMSG 2772 @!@!@
@!@!@STARTMSG 2221:0 @!@!@
  line 564, col 32 to line 564, col 62 of module trash_single: 1661
@!@!@ENDMSG 2221 @!@!@
@!@!@STARTMSG 2221:0 @!@!@
  line 565, col 32 to line 565, col 87 of module trash_single: 0
@!@!@ENDMSG 2221 @!@!@
@!@!@STARTMSG 2221:0 @!@!@
  line 566, col 32 to line 566, col 78 of module trash_single: 0
@!@!@ENDMSG 2221 @!@!@
@!@!@STARTMSG 2221:0 @!@!@
  line 567, col 32 to line 575, col 62 of module trash_single: 0
@!@!@ENDMSG 2221 @!@!@
@!@!@STARTMSG 2772:0 @!@!@
<UserNextIteration line 579, col 1 to line 579, col 23 of module trash_single>: 4:5
@!@!@ENDMSG 2772 @!@!@
@!@!@STARTMSG 2221:0 @!@!@
  line 579, col 31 to line 579, col 60 of module trash_single: 1666
@!@!@ENDMSG 2221 @!@!@
@!@!@STARTMSG 2221:0 @!@!@
  |line 579, col 31 to line 579, col 38 of module trash_single: 1661
@!@!@ENDMSG 2221 @!@!@
@!@!@STARTMSG 2221:0 @!@!@
  line 580, col 34 to line 580, col 46 of module trash_single: 5
@!@!@ENDMSG 2221 @!@!@
@!@!@STARTMSG 2221:0 @!@!@
  line 581, col 39 to line 581, col 83 of module trash_single: 5
@!@!@ENDMSG 2221 @!@!@
@!@!@STARTMSG 2221:0 @!@!@
  line 582, col 42 to line 582, col 83 of module trash_single: 0
@!@!@ENDMSG 2221 @!@!@
@!@!@STARTMSG 2221:0 @!@!@
  line 583, col 31 to line 592, col 50 of module trash_single: 5
@!@!@ENDMSG 2221 @!@!@
@!@!@STARTMSG 2772:0 @!@!@
<UserScanCard line 594, col 1 to line 594, col 18 of module trash_single>: 317:321
@!@!@ENDMSG 2772 @!@!@
@!@!@STARTMSG 2221:0 @!@!@
  line 594, col 26 to line 594, col 50 of module trash_single: 1981
@!@!@ENDMSG 2221 @!@!@
@!@!@STARTMSG 2221:0 @!@!@
  |line 594, col 26 to line 594, col 33 of module trash_single: 1660
@!@!@ENDMSG 2221 @!@!@
@!@!@STARTMSG 2221:0 @!@!@
  line 595, col 26 to line 595, col 77 of module trash_single: 321
@!@!@ENDMSG 2221 @!@!@
@!@!@STARTMSG 2221:0 @!@!@
  line 596, col 26 to line 596, col 76 of module trash_single: 321
@!@!@ENDMSG 2221 @!@!@
@!@!@STARTMSG 2221:0 @!@!@
  line 597, col 26 to line 604, col 51 of module trash_single: 321
@!@!@ENDMSG 2221 @!@!@
@!@!@STARTMSG 2772:0 @!@!@
<UserAwaitScanResponse line 606, col 1 to line 606, col 27 of module trash_single>: 0:0
@!@!@ENDMSG 2772 @!@!@
@!@!@STARTMSG 2221:0 @!@!@
  line 606, col 35 to line 606, col 68 of module trash_single: 1659
@!@!@ENDMSG 2221 @!@!@
@!@!@STARTMSG 2221:0 @!@!@
  line 607, col 35 to line 607, col 53 of module trash_single: 1330
@!@!@ENDMSG 2221 @!@!@
@!@!@STARTMSG 2221:0 @!@!@
  line 608, col 35 to line 608, col 85 of module trash_single: 0
@!@!@ENDMSG 2221 @!@!@
@!@!@STARTMSG 2221:0 @!@!@
  line 609, col 35 to line 609, col 66 of module trash_single: 0
@!@!@ENDMSG 2221 @!@!@
@!@!@STARTMSG 2221:0 @!@!@
  line 615, col 46 to line 615, col 87 of module trash_single: 0
@!@!@ENDMSG 2221 @!@!@
@!@!@STARTMSG 2221:0 @!@!@
  line 616, col 46 to line 616, col 92 of module trash_single: 0
@!@!@ENDMSG 2221 @!@!@
@!@!@STARTMSG 2221:0 @!@!@
  line 617, col 35 to line 626, col 65 of module trash_single: 0
@!@!@ENDMSG 2221 @!@!@
@!@!@STARTMSG 2772:0 @!@!@
<UserOpenDoor line 628, col 1 to line 628, col 18 of module trash_single>: 0:0
@!@!@ENDMSG 2772 @!@!@
@!@!@STARTMSG 2221:0 @!@!@
  line 628, col 26 to line 628, col 50 of module trash_single: 1659
@!@!@ENDMSG 2221 @!@!@
@!@!@STARTMSG 2221:0 @!@!@
  line 629, col 26 to line 629, col 87 of module trash_single: 0
@!@!@ENDMSG 2221 @!@!@
@!@!@STARTMSG 2221:0 @!@!@
  line 630, col 26 to line 630, col 72 of module trash_single: 0
@!@!@ENDMSG 2221 @!@!@
@!@!@STARTMSG 2221:0 @!@!@
  line 631, col 26 to line 638, col 51 of module trash_single: 0
@!@!@ENDMSG 2221 @!@!@
@!@!@STARTMSG 2772:0 @!@!@
<UserAwaitOpenDoor line 640, col 1 to line 640, col 23 of module trash_single>: 0:0
@!@!@ENDMSG 2772 @!@!@
@!@!@STARTMSG 2221:0 @!@!@
  line 640, col 31 to line 640, col 60 of module trash_single: 1659
@!@!@ENDMSG 2221 @!@!@
@!@!@STARTMSG 2221:0 @!@!@
  line 642, col 31 to line 642, col 76 of module trash_single: 0
@!@!@ENDMSG 2221 @!@!@
@!@!@STARTMSG 2221:0 @!@!@
  line 643, col 31 to line 652, col 50 of module trash_single: 0
@!@!@ENDMSG 2221 @!@!@
@!@!@STARTMSG 2772:0 @!@!@
<UserDepositTrash line 654, col 1 to line 654, col 22 of module trash_single>: 0:0
@!@!@ENDMSG 2772 @!@!@
@!@!@STARTMSG 2221:0 @!@!@
  line 654, col 30 to line 654, col 58 of module trash_single: 1659
@!@!@ENDMSG 2221 @!@!@
@!@!@STARTMSG 2221:0 @!@!@
  line 657, col 30 to line 657, col 52 of module trash_single: 0
@!@!@ENDMSG 2221 @!@!@
@!@!@STARTMSG 2221:0 @!@!@
  line 658, col 30 to line 658, col 43 of module trash_single: 0
@!@!@ENDMSG 2221 @!@!@
@!@!@STARTMSG 2221:0 @!@!@
  line 659, col 30 to line 659, col 72 of module trash_single: 0
@!@!@ENDMSG 2221 @!@!@
@!@!@STARTMSG 2221:0 @!@!@
  line 660, col 30 to line 668, col 49 of module trash_single: 0
@!@!@ENDMSG 2221 @!@!@
@!@!@STARTMSG 2772:0 @!@!@
<UserCloseDoor line 670, col 1 to line 670, col 19 of module trash_single>: 0:0
@!@!@ENDMSG 2772 @!@!@
@!@!@STARTMSG 2221:0 @!@!@
  line 670, col 27 to line 670, col 52 of module trash_single: 1659
@!@!@ENDMSG 2221 @!@!@
@!@!@STARTMSG 2221:0 @!@!@
  line 671, col 27 to line 671, col 89 of module trash_single: 0
@!@!@ENDMSG 2221 @!@!@
@!@!@STARTMSG 2221:0 @!@!@
  line 672, col 27 to line 672, col 75 of module trash_single: 0
@!@!@ENDMSG 2221 @!@!@
@!@!@STARTMSG 2221:0 @!@!@
  line 673, col 27 to line 680, col 52 of module trash_single: 0
@!@!@ENDMSG 2221 @!@!@
@!@!@STARTMSG 2772:0 @!@!@
<UserAwaitClosedDoor line 682, col 1 to line 682, col 25 of module trash_single>: 0:0
@!@!@ENDMSG 2772 @!@!@
@!@!@STARTMSG 2221:0 @!@!@
  line 682, col 33 to line 682, col 64 of module trash_single: 1659
@!@!@ENDMSG 2221 @!@!@
@!@!@STARTMSG 2221:0 @!@!@
  line 684, col 33 to line 684, col 79 of module trash_single: 0
@!@!@ENDMSG 2221 @!@!@
@!@!@STARTMSG 2221:0 @!@!@
  line 685, col 33 to line 694, col 52 of module trash_single: 0
@!@!@ENDMSG 2221 @!@!@
@!@!@STARTMSG 2772:0 @!@!@
<UserNewTrash line 696, col 1 to line 696, col 18 of module trash_single>: 320:400
@!@!@ENDMSG 2772 @!@!@
@!@!@STARTMSG 2221:0 @!@!@
  line 696, col 26 to line 696, col 50 of module trash_single: 1664
@!@!@ENDMSG 2221 @!@!@
@!@!@STARTMSG 2221:0 @!@!@
  |line 696, col 26 to line 696, col 33 of module trash_single: 1659
@!@!@ENDMSG 2221 @!@!@
@!@!@STARTMSG 2221:0 @!@!@
  line 698, col 28 to line 698, col 43 of module trash_single: 400
@!@!@ENDMSG 2221 @!@!@
@!@!@STARTMSG 2221:0 @!@!@
  line 697, col 37 to line 697, col 51 of module trash_single: 5
@!@!@ENDMSG 2221 @!@!@
@!@!@STARTMSG 2221:0 @!@!@
  line 699, col 26 to line 699, col 67 of module trash_single: 400
@!@!@ENDMSG 2221 @!@!@
@!@!@STARTMSG 2221:0 @!@!@
  line 700, col 26 to line 707, col 51 of module trash_single: 400
@!@!@ENDMSG 2221 @!@!@
@!@!@STARTMSG 2772:0 @!@!@
<ServerNextIteration line 715, col 1 to line 715, col 19 of module trash_single>: 44:857
@!@!@ENDMSG 2772 @!@!@
@!@!@STARTMSG 2221:0 @!@!@
  line 715, col 27 to line 715, col 60 of module trash_single: 2533
@!@!@ENDMSG 2221 @!@!@
@!@!@STARTMSG 2221:0 @!@!@
  |line 715, col 27 to line 715, col 36 of module trash_single: 1676
@!@!@ENDMSG 2221 @!@!@
@!@!@STARTMSG 2221:0 @!@!@
  line 716, col 27 to line 716, col 76 of module trash_single: 857
@!@!@ENDMSG 2221 @!@!@
@!@!@STARTMSG 2221:0 @!@!@
  line 717, col 27 to line 724, col 79 of module trash_single: 857
@!@!@ENDMSG 2221 @!@!@
@!@!@STARTMSG 2772:0 @!@!@
<ServerAwaitRequest line 726, col 1 to line 726, col 18 of module trash_single>: 159:161
@!@!@ENDMSG 2772 @!@!@
@!@!@STARTMSG 2221:0 @!@!@
  line 726, col 26 to line 726, col 58 of module trash_single: 1836
@!@!@ENDMSG 2221 @!@!@
@!@!@STARTMSG 2221:0 @!@!@
  |line 726, col 26 to line 726, col 35 of module trash_single: 1675
@!@!@ENDMSG 2221 @!@!@
@!@!@STARTMSG 2221:0 @!@!@
  line 727, col 26 to line 727, col 47 of module trash_single: 980
@!@!@ENDMSG 2221 @!@!@
@!@!@STARTMSG 2221:0 @!@!@
  |line 727, col 26 to line 727, col 39 of module trash_single: 819
@!@!@ENDMSG 2221 @!@!@
@!@!@STARTMSG 2221:0 @!@!@
  |line 727, col 44 to line 727, col 47 of module trash_single: 819
@!@!@ENDMSG 2221 @!@!@
@!@!@STARTMSG 2221:0 @!@!@
  line 728, col 26 to line 728, col 52 of module trash_single: 161
@!@!@ENDMSG 2221 @!@!@
@!@!@STARTMSG 2221:0 @!@!@
  line 729, col 26 to line 729, col 63 of module trash_single: 161
@!@!@ENDMSG 2221 @!@!@
@!@!@STARTMSG 2221:0 @!@!@
  line 730, col 26 to line 731, col 115 of module trash_single: 161
@!@!@ENDMSG 2221 @!@!@
@!@!@STARTMSG 2221:0 @!@!@
  line 732, col 26 to line 732, col 76 of module trash_single: 161
@!@!@ENDMSG 2221 @!@!@
@!@!@STARTMSG 2221:0 @!@!@
  line 733, col 26 to line 739, col 58 of module trash_single: 161
@!@!@ENDMSG 2221 @!@!@
@!@!@STARTMSG 2772:0 @!@!@
<TruckStart line 743, col 1 to line 743, col 16 of module trash_single>: 11:832
@!@!@ENDMSG 2772 @!@!@
@!@!@STARTMSG 2221:0 @!@!@
  line 743, col 24 to line 743, col 46 of module trash_single: 2490
@!@!@ENDMSG 2221 @!@!@
@!@!@STARTMSG 2221:0 @!@!@
  |line 743, col 24 to line 743, col 31 of module trash_single: 1658
@!@!@ENDMSG 2221 @!@!@
@!@!@STARTMSG 2221:0 @!@!@
  line 744, col 24 to line 744, col 27 of module trash_single: 832
@!@!@ENDMSG 2221 @!@!@
@!@!@STARTMSG 2221:0 @!@!@
  line 745, col 24 to line 745, col 57 of module trash_single: 832
@!@!@ENDMSG 2221 @!@!@
@!@!@STARTMSG 2221:0 @!@!@
  line 746, col 24 to line 753, col 49 of module trash_single: 832
@!@!@ENDMSG 2221 @!@!@
@!@!@STARTMSG 2772:0 @!@!@
<ControlStart line 757, col 1 to line 757, col 12 of module trash_single>: 317:652
@!@!@ENDMSG 2772 @!@!@
@!@!@STARTMSG 2221:0 @!@!@
  line 757, col 20 to line 757, col 47 of module trash_single: 2326
@!@!@ENDMSG 2221 @!@!@
@!@!@STARTMSG 2221:0 @!@!@
  |line 757, col 20 to line 757, col 30 of module trash_single: 1674
@!@!@ENDMSG 2221 @!@!@
@!@!@STARTMSG 2221:0 @!@!@
  line 758, col 23 to line 758, col 34 of module trash_single: 652
@!@!@ENDMSG 2221 @!@!@
@!@!@STARTMSG 2221:0 @!@!@
  line 759, col 28 to line 759, col 71 of module trash_single: 321
@!@!@ENDMSG 2221 @!@!@
@!@!@STARTMSG 2221:0 @!@!@
  line 760, col 28 to line 763, col 75 of module trash_single: 331
@!@!@ENDMSG 2221 @!@!@
@!@!@STARTMSG 2221:0 @!@!@
  line 764, col 20 to line 770, col 57 of module trash_single: 652
@!@!@ENDMSG 2221 @!@!@
@!@!@STARTMSG 2772:0 @!@!@
<ReadCard line 772, col 1 to line 772, col 8 of module trash_single>: 319:321
@!@!@ENDMSG 2772 @!@!@
@!@!@STARTMSG 2221:0 @!@!@
  line 772, col 16 to line 772, col 39 of module trash_single: 1994
@!@!@ENDMSG 2221 @!@!@
@!@!@STARTMSG 2221:0 @!@!@
  |line 772, col 16 to line 772, col 26 of module trash_single: 1673
@!@!@ENDMSG 2221 @!@!@
@!@!@STARTMSG 2221:0 @!@!@
  line 773, col 16 to line 773, col 28 of module trash_single: 642
@!@!@ENDMSG 2221 @!@!@
@!@!@STARTMSG 2221:0 @!@!@
  |line 773, col 16 to line 773, col 20 of module trash_single: 321
@!@!@ENDMSG 2221 @!@!@
@!@!@STARTMSG 2221:0 @!@!@
  |line 773, col 25 to line 773, col 28 of module trash_single: 321
@!@!@ENDMSG 2221 @!@!@
@!@!@STARTMSG 2221:0 @!@!@
  line 774, col 16 to line 774, col 34 of module trash_single: 321
@!@!@ENDMSG 2221 @!@!@
@!@!@STARTMSG 2221:0 @!@!@
  line 775, col 16 to line 775, col 35 of module trash_single: 321
@!@!@ENDMSG 2221 @!@!@
@!@!@STARTMSG 2221:0 @!@!@
  line 776, col 16 to line 776, col 57 of module trash_single: 321
@!@!@ENDMSG 2221 @!@!@
@!@!@STARTMSG 2221:0 @!@!@
  line 777, col 16 to line 782, col 62 of module trash_single: 321
@!@!@ENDMSG 2221 @!@!@
@!@!@STARTMSG 2772:0 @!@!@
<AskServer line 784, col 1 to line 784, col 9 of module trash_single>: 320:321
@!@!@ENDMSG 2772 @!@!@
@!@!@STARTMSG 2221:0 @!@!@
  line 784, col 17 to line 784, col 41 of module trash_single: 1993
@!@!@ENDMSG 2221 @!@!@
@!@!@STARTMSG 2221:0 @!@!@
  |line 784, col 17 to line 784, col 27 of module trash_single: 1672
@!@!@ENDMSG 2221 @!@!@
@!@!@STARTMSG 2221:0 @!@!@
  line 785, col 17 to line 785, col 80 of module trash_single: 321
@!@!@ENDMSG 2221 @!@!@
@!@!@STARTMSG 2221:0 @!@!@
  line 786, col 17 to line 786, col 59 of module trash_single: 321
@!@!@ENDMSG 2221 @!@!@
@!@!@STARTMSG 2221:0 @!@!@
  line 787, col 17 to line 792, col 69 of module trash_single: 321
@!@!@ENDMSG 2221 @!@!@
@!@!@STARTMSG 2772:0 @!@!@
<WaitServer line 794, col 1 to line 794, col 10 of module trash_single>: 50:51
@!@!@ENDMSG 2772 @!@!@
@!@!@STARTMSG 2221:0 @!@!@
  line 794, col 18 to line 794, col 43 of module trash_single: 1722
@!@!@ENDMSG 2221 @!@!@
@!@!@STARTMSG 2221:0 @!@!@
  |line 794, col 18 to line 794, col 28 of module trash_single: 1671
@!@!@ENDMSG 2221 @!@!@
@!@!@STARTMSG 2221:0 @!@!@
  line 795, col 18 to line 795, col 40 of module trash_single: 422
@!@!@ENDMSG 2221 @!@!@
@!@!@STARTMSG 2221:0 @!@!@
  |line 795, col 18 to line 795, col 32 of module trash_single: 371
@!@!@ENDMSG 2221 @!@!@
@!@!@STARTMSG 2221:0 @!@!@
  |line 795, col 37 to line 795, col 40 of module trash_single: 371
@!@!@ENDMSG 2221 @!@!@
@!@!@STARTMSG 2221:0 @!@!@
  line 796, col 18 to line 796, col 46 of module trash_single: 51
@!@!@ENDMSG 2221 @!@!@
@!@!@STARTMSG 2221:0 @!@!@
  line 797, col 18 to line 797, col 57 of module trash_single: 51
@!@!@ENDMSG 2221 @!@!@
@!@!@STARTMSG 2221:0 @!@!@
  line 798, col 21 to line 798, col 37 of module trash_single: 51
@!@!@ENDMSG 2221 @!@!@
@!@!@STARTMSG 2221:0 @!@!@
  line 799, col 29 to line 799, col 71 of module trash_single: 0
@!@!@ENDMSG 2221 @!@!@
@!@!@STARTMSG 2221:0 @!@!@
  line 800, col 26 to line 800, col 70 of module trash_single: 51
@!@!@ENDMSG 2221 @!@!@
@!@!@STARTMSG 2221:0 @!@!@
  line 801, col 18 to line 806, col 64 of module trash_single: 51
@!@!@ENDMSG 2221 @!@!@
@!@!@STARTMSG 2772:0 @!@!@
<ForbidUser line 808, col 1 to line 808, col 10 of module trash_single>: 0:0
@!@!@ENDMSG 2772 @!@!@
@!@!@STARTMSG 2221:0 @!@!@
  line 808, col 18 to line 808, col 43 of module trash_single: 1670
@!@!@ENDMSG 2221 @!@!@
@!@!@STARTMSG 2221:0 @!@!@
  line 809, col 18 to line 809, col 122 of module trash_single: 0
@!@!@ENDMSG 2221 @!@!@
@!@!@STARTMSG 2221:0 @!@!@
  line 810, col 18 to line 810, col 62 of module trash_single: 0
@!@!@ENDMSG 2221 @!@!@
@!@!@STARTMSG 2221:0 @!@!@
  line 811, col 18 to line 816, col 70 of module trash_single: 0
@!@!@ENDMSG 2221 @!@!@
@!@!@STARTMSG 2772:0 @!@!@
<AllowUser line 818, col 1 to line 818, col 9 of module trash_single>: 0:0
@!@!@ENDMSG 2772 @!@!@
@!@!@STARTMSG 2221:0 @!@!@
  line 818, col 17 to line 818, col 41 of module trash_single: 1670
@!@!@ENDMSG 2221 @!@!@
@!@!@STARTMSG 2221:0 @!@!@
  line 819, col 17 to line 819, col 100 of module trash_single: 0
@!@!@ENDMSG 2221 @!@!@
@!@!@STARTMSG 2221:0 @!@!@
  |line 819, col 31 to line 819, col 100 of module trash_single: 9
@!@!@ENDMSG 2221 @!@!@
@!@!@STARTMSG 2221:0 @!@!@
  line 820, col 17 to line 820, col 121 of module trash_single: 0
@!@!@ENDMSG 2221 @!@!@
@!@!@STARTMSG 2221:0 @!@!@
  line 821, col 17 to line 821, col 63 of module trash_single: 0
@!@!@ENDMSG 2221 @!@!@
@!@!@STARTMSG 2221:0 @!@!@
  line 822, col 17 to line 827, col 54 of module trash_single: 0
@!@!@ENDMSG 2221 @!@!@
@!@!@STARTMSG 2772:0 @!@!@
<WaitDoorClosed line 829, col 1 to line 829, col 14 of module trash_single>: 0:0
@!@!@ENDMSG 2772 @!@!@
@!@!@STARTMSG 2221:0 @!@!@
  line 829, col 22 to line 829, col 51 of module trash_single: 1661
@!@!@ENDMSG 2221 @!@!@
@!@!@STARTMSG 2221:0 @!@!@
  line 831, col 22 to line 831, col 62 of module trash_single: 0
@!@!@ENDMSG 2221 @!@!@
@!@!@STARTMSG 2221:0 @!@!@
  line 832, col 22 to line 839, col 47 of module trash_single: 0
@!@!@ENDMSG 2221 @!@!@
@!@!@STARTMSG 2772:0 @!@!@
<LockDoor line 841, col 1 to line 841, col 8 of module trash_single>: 0:0
@!@!@ENDMSG 2772 @!@!@
@!@!@STARTMSG 2221:0 @!@!@
  line 841, col 16 to line 841, col 39 of module trash_single: 1661
@!@!@ENDMSG 2221 @!@!@
@!@!@STARTMSG 2221:0 @!@!@
  line 842, col 16 to line 842, col 99 of module trash_single: 0
@!@!@ENDMSG 2221 @!@!@
@!@!@STARTMSG 2221:0 @!@!@
  line 843, col 16 to line 843, col 52 of module trash_single: 0
@!@!@ENDMSG 2221 @!@!@
@!@!@STARTMSG 2221:0 @!@!@
  line 844, col 16 to line 849, col 68 of module trash_single: 0
@!@!@ENDMSG 2221 @!@!@
@!@!@STARTMSG 2772:0 @!@!@
<Trap line 851, col 1 to line 851, col 4 of module trash_single>: 0:0
@!@!@ENDMSG 2772 @!@!@
@!@!@STARTMSG 2221:0 @!@!@
  line 851, col 12 to line 851, col 31 of module trash_single: 1661
@!@!@ENDMSG 2221 @!@!@
@!@!@STARTMSG 2221:0 @!@!@
  line 852, col 12 to line 852, col 94 of module trash_single: 0
@!@!@ENDMSG 2221 @!@!@
@!@!@STARTMSG 2221:0 @!@!@
  line 853, col 12 to line 853, col 47 of module trash_single: 0
@!@!@ENDMSG 2221 @!@!@
@!@!@STARTMSG 2221:0 @!@!@
  line 854, col 12 to line 859, col 64 of module trash_single: 0
@!@!@ENDMSG 2221 @!@!@
@!@!@STARTMSG 2772:0 @!@!@
<Ram line 861, col 1 to line 861, col 3 of module trash_single>: 0:0
@!@!@ENDMSG 2772 @!@!@
@!@!@STARTMSG 2221:0 @!@!@
  line 861, col 11 to line 861, col 29 of module trash_single: 1661
@!@!@ENDMSG 2221 @!@!@
@!@!@STARTMSG 2221:0 @!@!@
  line 862, col 11 to line 862, col 87 of module trash_single: 0
@!@!@ENDMSG 2221 @!@!@
@!@!@STARTMSG 2221:0 @!@!@
  line 863, col 11 to line 863, col 48 of module trash_single: 0
@!@!@ENDMSG 2221 @!@!@
@!@!@STARTMSG 2221:0 @!@!@
  line 864, col 11 to line 869, col 63 of module trash_single: 0
@!@!@ENDMSG 2221 @!@!@
@!@!@STARTMSG 2772:0 @!@!@
<UnRam line 871, col 1 to line 871, col 5 of module trash_single>: 0:0
@!@!@ENDMSG 2772 @!@!@
@!@!@STARTMSG 2221:0 @!@!@
  line 871, col 13 to line 871, col 33 of module trash_single: 1661
@!@!@ENDMSG 2221 @!@!@
@!@!@STARTMSG 2221:0 @!@!@
  line 872, col 13 to line 872, col 90 of module trash_single: 0
@!@!@ENDMSG 2221 @!@!@
@!@!@STARTMSG 2221:0 @!@!@
  line 873, col 13 to line 873, col 51 of module trash_single: 0
@!@!@ENDMSG 2221 @!@!@
@!@!@STARTMSG 2221:0 @!@!@
  line 874, col 13 to line 879, col 65 of module trash_single: 0
@!@!@ENDMSG 2221 @!@!@
@!@!@STARTMSG 2772:0 @!@!@
<UnTrap line 881, col 1 to line 881, col 6 of module trash_single>: 0:0
@!@!@ENDMSG 2772 @!@!@
@!@!@STARTMSG 2221:0 @!@!@
  line 881, col 14 to line 881, col 35 of module trash_single: 1661
@!@!@ENDMSG 2221 @!@!@
@!@!@STARTMSG 2221:0 @!@!@
  line 882, col 14 to line 882, col 97 of module trash_single: 0
@!@!@ENDMSG 2221 @!@!@
@!@!@STARTMSG 2221:0 @!@!@
  line 883, col 14 to line 883, col 51 of module trash_single: 0
@!@!@ENDMSG 2221 @!@!@
@!@!@STARTMSG 2221:0 @!@!@
  line 884, col 14 to line 889, col 66 of module trash_single: 0
@!@!@ENDMSG 2221 @!@!@
@!@!@STARTMSG 2772:0 @!@!@
<Empty line 891, col 1 to line 891, col 5 of module trash_single>: 0:0
@!@!@ENDMSG 2772 @!@!@
@!@!@STARTMSG 2221:0 @!@!@
  line 891, col 13 to line 891, col 33 of module trash_single: 1661
@!@!@ENDMSG 2221 @!@!@
@!@!@STARTMSG 2221:0 @!@!@
  line 893, col 24 to line 893, col 104 of module trash_single: 0
@!@!@ENDMSG 2221 @!@!@
@!@!@STARTMSG 2221:0 @!@!@
  line 895, col 24 to line 895, col 46 of module trash_single: 0
@!@!@ENDMSG 2221 @!@!@
@!@!@STARTMSG 2221:0 @!@!@
  line 896, col 13 to line 896, col 57 of module trash_single: 0
@!@!@ENDMSG 2221 @!@!@
@!@!@STARTMSG 2221:0 @!@!@
  line 897, col 13 to line 902, col 43 of module trash_single: 0
@!@!@ENDMSG 2221 @!@!@
@!@!@STARTMSG 2202:0 @!@!@
End of statistics.
@!@!@ENDMSG 2202 @!@!@
@!@!@STARTMSG 2200:0 @!@!@
Progress(12) at 2026-09-30 16:43:02: 3,829 states generated (102,288 s/min), 1,862 distinct states found (49,741 ds/min), 196 states left on queue.
@!@!@ENDMSG 2200 @!@!@
@!@!@STARTMSG 2199:0 @!@!@
3829 states generated, 1862 distinct states found, 196 states left on queue.
@!@!@ENDMSG 2199 @!@!@
@!@!@STARTMSG 2186:0 @!@!@
Finished in 2260ms at (2026-09-30 16:43:02)
@!@!@ENDMSG 2186 @!@!@
