@!@!@STARTMSG 2262:0 @!@!@
TLC2 Version 2.19 of 08 August 2024 (rev: 5a47802)
@!@!@ENDMSG 2262 @!@!@
@!@!@STARTMSG 2187:0 @!@!@
Running breadth-first search Model-Checking with fp 24 and seed -7484903549076566299 with 8 workers on 16 cores with 2357MB heap and 5298MB offheap memory [pid: 38340] (Linux 7.2.8-arch1-2 amd64, AdoptOpenJDK 14.0.1 x86_64, OffHeapDiskFPSet, DiskStateQueue).
@!@!@ENDMSG 2187 @!@!@
@!@!@STARTMSG 2220:0 @!@!@
Starting SANY...
@!@!@ENDMSG 2220 @!@!@
Parsing file /home/jerzy/Documents/programming/TUE/2ix20/trash_single.toolbox/singleBin/MC.tla
Parsing file /home/jerzy/Documents/programming/TUE/2ix20/trash_single.toolbox/singleBin/trash_single.tla
Warning: symbols were renamed.
Parsing file /home/jerzy/Downloads/toolbox/plugins/org.lamport.tlatools_1.0.0.202408081326/tla2sany/StandardModules/TLC.tla
Parsing file /home/jerzy/Documents/programming/TUE/2ix20/trash_single.toolbox/singleBin/trash_data.tla
Parsing file /home/jerzy/Downloads/toolbox/plugins/org.lamport.tlatools_1.0.0.202408081326/tla2sany/StandardModules/Integers.tla
Parsing file /home/jerzy/Downloads/toolbox/plugins/org.lamport.tlatools_1.0.0.202408081326/tla2sany/StandardModules/Sequences.tla
Parsing file /home/jerzy/Downloads/toolbox/plugins/org.lamport.tlatools_1.0.0.202408081326/tla2sany/StandardModules/FiniteSets.tla
Parsing file /home/jerzy/Downloads/toolbox/plugins/org.lamport.tlatools_1.0.0.202408081326/tla2sany/StandardModules/Naturals.tla
Semantic processing of module Naturals
Semantic processing of module Integers
Semantic processing of module Sequences
Semantic processing of module FiniteSets
Semantic processing of module TLC
Semantic processing of module trash_data
Semantic processing of module trash_single
Semantic processing of module MC
@!@!@STARTMSG 2219:0 @!@!@
SANY finished.
@!@!@ENDMSG 2219 @!@!@
@!@!@STARTMSG 2185:0 @!@!@
Starting... (2026-10-07 14:12:25)
@!@!@ENDMSG 2185 @!@!@
@!@!@STARTMSG 2212:0 @!@!@
Implied-temporal checking--satisfiability problem has 4 branches.
@!@!@ENDMSG 2212 @!@!@
@!@!@STARTMSG 2189:0 @!@!@
Computing initial states...
@!@!@ENDMSG 2189 @!@!@
@!@!@STARTMSG 2190:0 @!@!@
Finished computing initial states: 1 distinct state generated at 2026-10-07 14:12:26.
@!@!@ENDMSG 2190 @!@!@
@!@!@STARTMSG 2192:0 @!@!@
Checking 4 branches of temporal properties for the current state space with 18487 total distinct states at (2026-10-07 14:12:29)
@!@!@ENDMSG 2192 @!@!@
@!@!@STARTMSG 2267:0 @!@!@
Finished checking temporal properties in 00s at 2026-10-07 14:12:30
@!@!@ENDMSG 2267 @!@!@
@!@!@STARTMSG 2200:0 @!@!@
Progress(201) at 2026-10-07 14:12:30: 12,208 states generated (12,208 s/min), 4,638 distinct states found (4,638 ds/min), 64 states left on queue.
@!@!@ENDMSG 2200 @!@!@
@!@!@STARTMSG 2200:0 @!@!@
Progress(433) at 2026-10-07 14:12:31: 28,193 states generated, 10,544 distinct states found, 0 states left on queue.
@!@!@ENDMSG 2200 @!@!@
@!@!@STARTMSG 2192:0 @!@!@
Checking 4 branches of temporal properties for the complete state space with 42176 total distinct states at (2026-10-07 14:12:31)
@!@!@ENDMSG 2192 @!@!@
@!@!@STARTMSG 2267:0 @!@!@
Finished checking temporal properties in 01s at 2026-10-07 14:12:32
@!@!@ENDMSG 2267 @!@!@
@!@!@STARTMSG 2193:0 @!@!@
Model checking completed. No error has been found.
  Estimates of the probability that TLC did not check all reachable states
  because two distinct states had the same fingerprint:
  calculated (optimistic):  val = 1.0E-11
@!@!@ENDMSG 2193 @!@!@
@!@!@STARTMSG 2201:0 @!@!@
The coverage statistics at 2026-10-07 14:12:32
@!@!@ENDMSG 2201 @!@!@
@!@!@STARTMSG 2773:0 @!@!@
<Init line 512, col 1 to line 512, col 4 of module trash_single>: 1:1
@!@!@ENDMSG 2773 @!@!@
@!@!@STARTMSG 2221:0 @!@!@
  line 513, col 9 to line 546, col 76 of module trash_single: 1
@!@!@ENDMSG 2221 @!@!@
@!@!@STARTMSG 2772:0 @!@!@
<BinWaitForCommand line 548, col 1 to line 548, col 23 of module trash_single>: 892:2824
@!@!@ENDMSG 2772 @!@!@
@!@!@STARTMSG 2221:0 @!@!@
  line 548, col 31 to line 548, col 60 of module trash_single: 13570
@!@!@ENDMSG 2221 @!@!@
@!@!@STARTMSG 2221:0 @!@!@
  |line 548, col 31 to line 548, col 38 of module trash_single: 10746
@!@!@ENDMSG 2221 @!@!@
@!@!@STARTMSG 2221:0 @!@!@
  line 549, col 31 to line 549, col 62 of module trash_single: 10968
@!@!@ENDMSG 2221 @!@!@
@!@!@STARTMSG 2221:0 @!@!@
  |line 549, col 31 to line 549, col 48 of module trash_single: 8144
@!@!@ENDMSG 2221 @!@!@
@!@!@STARTMSG 2221:0 @!@!@
  line 550, col 34 to line 550, col 73 of module trash_single: 2824
@!@!@ENDMSG 2221 @!@!@
@!@!@STARTMSG 2221:0 @!@!@
  line 551, col 42 to line 552, col 94 of module trash_single: 163
@!@!@ENDMSG 2221 @!@!@
@!@!@STARTMSG 2221:0 @!@!@
  line 553, col 42 to line 553, col 73 of module trash_single: 163
@!@!@ENDMSG 2221 @!@!@
@!@!@STARTMSG 2221:0 @!@!@
  line 554, col 45 to line 554, col 59 of module trash_single: 163
@!@!@ENDMSG 2221 @!@!@
@!@!@STARTMSG 2221:0 @!@!@
  line 555, col 50 to line 555, col 97 of module trash_single: 81
@!@!@ENDMSG 2221 @!@!@
@!@!@STARTMSG 2221:0 @!@!@
  line 556, col 53 to line 556, col 56 of module trash_single: 82
@!@!@ENDMSG 2221 @!@!@
@!@!@STARTMSG 2221:0 @!@!@
  line 557, col 53 to line 557, col 71 of module trash_single: 82
@!@!@ENDMSG 2221 @!@!@
@!@!@STARTMSG 2221:0 @!@!@
  line 558, col 42 to line 563, col 70 of module trash_single: 163
@!@!@ENDMSG 2221 @!@!@
@!@!@STARTMSG 2221:0 @!@!@
  line 564, col 45 to line 564, col 84 of module trash_single: 2661
@!@!@ENDMSG 2221 @!@!@
@!@!@STARTMSG 2221:0 @!@!@
  line 565, col 53 to line 566, col 105 of module trash_single: 725
@!@!@ENDMSG 2221 @!@!@
@!@!@STARTMSG 2221:0 @!@!@
  line 567, col 53 to line 567, col 89 of module trash_single: 725
@!@!@ENDMSG 2221 @!@!@
@!@!@STARTMSG 2221:0 @!@!@
  line 568, col 53 to line 573, col 81 of module trash_single: 725
@!@!@ENDMSG 2221 @!@!@
@!@!@STARTMSG 2221:0 @!@!@
  line 574, col 56 to line 574, col 94 of module trash_single: 1936
@!@!@ENDMSG 2221 @!@!@
@!@!@STARTMSG 2221:0 @!@!@
  line 575, col 64 to line 576, col 116 of module trash_single: 960
@!@!@ENDMSG 2221 @!@!@
@!@!@STARTMSG 2221:0 @!@!@
  line 577, col 67 to line 577, col 97 of module trash_single: 960
@!@!@ENDMSG 2221 @!@!@
@!@!@STARTMSG 2221:0 @!@!@
  line 578, col 75 to line 578, col 95 of module trash_single: 0
@!@!@ENDMSG 2221 @!@!@
@!@!@STARTMSG 2221:0 @!@!@
  line 579, col 75 to line 579, col 78 of module trash_single: 960
@!@!@ENDMSG 2221 @!@!@
@!@!@STARTMSG 2221:0 @!@!@
  line 580, col 75 to line 580, col 97 of module trash_single: 960
@!@!@ENDMSG 2221 @!@!@
@!@!@STARTMSG 2221:0 @!@!@
  line 581, col 64 to line 581, col 94 of module trash_single: 960
@!@!@ENDMSG 2221 @!@!@
@!@!@STARTMSG 2221:0 @!@!@
  line 582, col 67 to line 582, col 79 of module trash_single: 960
@!@!@ENDMSG 2221 @!@!@
@!@!@STARTMSG 2221:0 @!@!@
  line 583, col 72 to line 584, col 89 of module trash_single: 640
@!@!@ENDMSG 2221 @!@!@
@!@!@STARTMSG 2221:0 @!@!@
  line 585, col 75 to line 585, col 78 of module trash_single: 320
@!@!@ENDMSG 2221 @!@!@
@!@!@STARTMSG 2221:0 @!@!@
  line 586, col 75 to line 587, col 107 of module trash_single: 320
@!@!@ENDMSG 2221 @!@!@
@!@!@STARTMSG 2221:0 @!@!@
  line 588, col 64 to line 589, col 94 of module trash_single: 960
@!@!@ENDMSG 2221 @!@!@
@!@!@STARTMSG 2221:0 @!@!@
  line 590, col 67 to line 590, col 99 of module trash_single: 976
@!@!@ENDMSG 2221 @!@!@
@!@!@STARTMSG 2221:0 @!@!@
  line 591, col 75 to line 592, col 127 of module trash_single: 960
@!@!@ENDMSG 2221 @!@!@
@!@!@STARTMSG 2221:0 @!@!@
  line 593, col 75 to line 593, col 104 of module trash_single: 960
@!@!@ENDMSG 2221 @!@!@
@!@!@STARTMSG 2221:0 @!@!@
  line 594, col 78 to line 594, col 89 of module trash_single: 960
@!@!@ENDMSG 2221 @!@!@
@!@!@STARTMSG 2221:0 @!@!@
  line 595, col 89 to line 595, col 101 of module trash_single: 640
@!@!@ENDMSG 2221 @!@!@
@!@!@STARTMSG 2221:0 @!@!@
  line 596, col 97 to line 596, col 117 of module trash_single: 0
@!@!@ENDMSG 2221 @!@!@
@!@!@STARTMSG 2221:0 @!@!@
  line 597, col 97 to line 597, col 100 of module trash_single: 640
@!@!@ENDMSG 2221 @!@!@
@!@!@STARTMSG 2221:0 @!@!@
  line 598, col 97 to line 598, col 119 of module trash_single: 640
@!@!@ENDMSG 2221 @!@!@
@!@!@STARTMSG 2221:0 @!@!@
  line 599, col 86 to line 599, col 203 of module trash_single: 640
@!@!@ENDMSG 2221 @!@!@
@!@!@STARTMSG 2221:0 @!@!@
  |line 599, col 106 to line 599, col 202 of module trash_single: 640
@!@!@ENDMSG 2221 @!@!@
@!@!@STARTMSG 2221:0 @!@!@
  ||line 599, col 106 to line 599, col 120 of module trash_single: 640
@!@!@ENDMSG 2221 @!@!@
@!@!@STARTMSG 2221:0 @!@!@
  ||line 599, col 124 to line 599, col 202 of module trash_single: 640
@!@!@ENDMSG 2221 @!@!@
@!@!@STARTMSG 2221:0 @!@!@
  |||line 599, col 128 to line 599, col 148 of module trash_single: 640
@!@!@ENDMSG 2221 @!@!@
@!@!@STARTMSG 2221:0 @!@!@
  |||line 599, col 156 to line 599, col 179 of module trash_single: 320
@!@!@ENDMSG 2221 @!@!@
@!@!@STARTMSG 2221:0 @!@!@
  |||line 599, col 186 to line 599, col 202 of module trash_single: 320
@!@!@ENDMSG 2221 @!@!@
@!@!@STARTMSG 2221:0 @!@!@
  line 600, col 86 to line 600, col 107 of module trash_single: 640
@!@!@ENDMSG 2221 @!@!@
@!@!@STARTMSG 2221:0 @!@!@
  line 601, col 86 to line 601, col 89 of module trash_single: 320
@!@!@ENDMSG 2221 @!@!@
@!@!@STARTMSG 2221:0 @!@!@
  line 602, col 86 to line 604, col 114 of module trash_single: 320
@!@!@ENDMSG 2221 @!@!@
@!@!@STARTMSG 2221:0 @!@!@
  line 605, col 78 to line 605, col 105 of module trash_single: 16
@!@!@ENDMSG 2221 @!@!@
@!@!@STARTMSG 2221:0 @!@!@
  line 606, col 83 to line 616, col 105 of module trash_single: 16
@!@!@ENDMSG 2221 @!@!@
@!@!@STARTMSG 2221:0 @!@!@
  line 619, col 86 to line 619, col 110 of module trash_single: 0
@!@!@ENDMSG 2221 @!@!@
@!@!@STARTMSG 2221:0 @!@!@
  line 620, col 75 to line 622, col 103 of module trash_single: 16
@!@!@ENDMSG 2221 @!@!@
@!@!@STARTMSG 2221:0 @!@!@
  line 623, col 64 to line 624, col 89 of module trash_single: 976
@!@!@ENDMSG 2221 @!@!@
@!@!@STARTMSG 2221:0 @!@!@
  line 625, col 53 to line 625, col 77 of module trash_single: 1936
@!@!@ENDMSG 2221 @!@!@
@!@!@STARTMSG 2221:0 @!@!@
  line 626, col 42 to line 626, col 81 of module trash_single: 2661
@!@!@ENDMSG 2221 @!@!@
@!@!@STARTMSG 2221:0 @!@!@
  line 627, col 31 to line 627, col 78 of module trash_single: 2824
@!@!@ENDMSG 2221 @!@!@
@!@!@STARTMSG 2221:0 @!@!@
  line 628, col 31 to line 633, col 65 of module trash_single: 2824
@!@!@ENDMSG 2221 @!@!@
@!@!@STARTMSG 2772:0 @!@!@
<BinCommandFinished line 635, col 1 to line 635, col 24 of module trash_single>: 791:2602
@!@!@ENDMSG 2772 @!@!@
@!@!@STARTMSG 2221:0 @!@!@
  line 635, col 32 to line 635, col 62 of module trash_single: 13348
@!@!@ENDMSG 2221 @!@!@
@!@!@STARTMSG 2221:0 @!@!@
  |line 635, col 32 to line 635, col 39 of module trash_single: 10746
@!@!@ENDMSG 2221 @!@!@
@!@!@STARTMSG 2221:0 @!@!@
  line 636, col 32 to line 636, col 87 of module trash_single: 2602
@!@!@ENDMSG 2221 @!@!@
@!@!@STARTMSG 2221:0 @!@!@
  line 637, col 32 to line 637, col 78 of module trash_single: 2602
@!@!@ENDMSG 2221 @!@!@
@!@!@STARTMSG 2221:0 @!@!@
  line 638, col 32 to line 647, col 66 of module trash_single: 2602
@!@!@ENDMSG 2221 @!@!@
@!@!@STARTMSG 2772:0 @!@!@
<UserNextIteration line 651, col 1 to line 651, col 23 of module trash_single>: 975:1154
@!@!@ENDMSG 2772 @!@!@
@!@!@STARTMSG 2221:0 @!@!@
  line 651, col 31 to line 651, col 60 of module trash_single: 11900
@!@!@ENDMSG 2221 @!@!@
@!@!@STARTMSG 2221:0 @!@!@
  |line 651, col 31 to line 651, col 38 of module trash_single: 10746
@!@!@ENDMSG 2221 @!@!@
@!@!@STARTMSG 2221:0 @!@!@
  line 652, col 34 to line 652, col 46 of module trash_single: 1154
@!@!@ENDMSG 2221 @!@!@
@!@!@STARTMSG 2221:0 @!@!@
  line 653, col 39 to line 653, col 83 of module trash_single: 1154
@!@!@ENDMSG 2221 @!@!@
@!@!@STARTMSG 2221:0 @!@!@
  line 654, col 42 to line 654, col 83 of module trash_single: 0
@!@!@ENDMSG 2221 @!@!@
@!@!@STARTMSG 2221:0 @!@!@
  line 655, col 31 to line 665, col 50 of module trash_single: 1154
@!@!@ENDMSG 2221 @!@!@
@!@!@STARTMSG 2772:0 @!@!@
<UserScanCard line 667, col 1 to line 667, col 18 of module trash_single>: 2128:2338
@!@!@ENDMSG 2772 @!@!@
@!@!@STARTMSG 2221:0 @!@!@
  line 667, col 26 to line 667, col 50 of module trash_single: 13084
@!@!@ENDMSG 2221 @!@!@
@!@!@STARTMSG 2221:0 @!@!@
  |line 667, col 26 to line 667, col 33 of module trash_single: 10746
@!@!@ENDMSG 2221 @!@!@
@!@!@STARTMSG 2221:0 @!@!@
  line 668, col 26 to line 668, col 77 of module trash_single: 2338
@!@!@ENDMSG 2221 @!@!@
@!@!@STARTMSG 2221:0 @!@!@
  line 669, col 26 to line 669, col 76 of module trash_single: 2338
@!@!@ENDMSG 2221 @!@!@
@!@!@STARTMSG 2221:0 @!@!@
  line 670, col 26 to line 678, col 45 of module trash_single: 2338
@!@!@ENDMSG 2221 @!@!@
@!@!@STARTMSG 2772:0 @!@!@
<UserAwaitScanResponse line 680, col 1 to line 680, col 27 of module trash_single>: 74:81
@!@!@ENDMSG 2772 @!@!@
@!@!@STARTMSG 2221:0 @!@!@
  line 680, col 35 to line 680, col 68 of module trash_single: 10827
@!@!@ENDMSG 2221 @!@!@
@!@!@STARTMSG 2221:0 @!@!@
  |line 680, col 35 to line 680, col 42 of module trash_single: 10746
@!@!@ENDMSG 2221 @!@!@
@!@!@STARTMSG 2221:0 @!@!@
  line 681, col 35 to line 681, col 53 of module trash_single: 3159
@!@!@ENDMSG 2221 @!@!@
@!@!@STARTMSG 2221:0 @!@!@
  |line 681, col 35 to line 681, col 45 of module trash_single: 3078
@!@!@ENDMSG 2221 @!@!@
@!@!@STARTMSG 2221:0 @!@!@
  |line 681, col 50 to line 681, col 53 of module trash_single: 3078
@!@!@ENDMSG 2221 @!@!@
@!@!@STARTMSG 2221:0 @!@!@
  line 682, col 35 to line 682, col 85 of module trash_single: 81
@!@!@ENDMSG 2221 @!@!@
@!@!@STARTMSG 2221:0 @!@!@
  line 683, col 35 to line 683, col 66 of module trash_single: 81
@!@!@ENDMSG 2221 @!@!@
@!@!@STARTMSG 2221:0 @!@!@
  line 684, col 35 to line 685, col 87 of module trash_single: 81
@!@!@ENDMSG 2221 @!@!@
@!@!@STARTMSG 2221:0 @!@!@
  line 686, col 35 to line 687, col 87 of module trash_single: 81
@!@!@ENDMSG 2221 @!@!@
@!@!@STARTMSG 2221:0 @!@!@
  line 688, col 38 to line 688, col 57 of module trash_single: 81
@!@!@ENDMSG 2221 @!@!@
@!@!@STARTMSG 2221:0 @!@!@
  line 689, col 43 to line 689, col 87 of module trash_single: 81
@!@!@ENDMSG 2221 @!@!@
@!@!@STARTMSG 2221:0 @!@!@
  line 690, col 46 to line 690, col 92 of module trash_single: 0
@!@!@ENDMSG 2221 @!@!@
@!@!@STARTMSG 2221:0 @!@!@
  line 691, col 35 to line 701, col 69 of module trash_single: 81
@!@!@ENDMSG 2221 @!@!@
@!@!@STARTMSG 2772:0 @!@!@
<UserOpenDoor line 703, col 1 to line 703, col 18 of module trash_single>: 76:88
@!@!@ENDMSG 2772 @!@!@
@!@!@STARTMSG 2221:0 @!@!@
  line 703, col 26 to line 703, col 50 of module trash_single: 10834
@!@!@ENDMSG 2221 @!@!@
@!@!@STARTMSG 2221:0 @!@!@
  |line 703, col 26 to line 703, col 33 of module trash_single: 10746
@!@!@ENDMSG 2221 @!@!@
@!@!@STARTMSG 2221:0 @!@!@
  line 704, col 26 to line 704, col 87 of module trash_single: 88
@!@!@ENDMSG 2221 @!@!@
@!@!@STARTMSG 2221:0 @!@!@
  line 705, col 26 to line 705, col 72 of module trash_single: 88
@!@!@ENDMSG 2221 @!@!@
@!@!@STARTMSG 2221:0 @!@!@
  line 706, col 26 to line 714, col 45 of module trash_single: 88
@!@!@ENDMSG 2221 @!@!@
@!@!@STARTMSG 2772:0 @!@!@
<UserAwaitOpenDoor line 716, col 1 to line 716, col 23 of module trash_single>: 76:80
@!@!@ENDMSG 2772 @!@!@
@!@!@STARTMSG 2221:0 @!@!@
  line 716, col 31 to line 716, col 60 of module trash_single: 10826
@!@!@ENDMSG 2221 @!@!@
@!@!@STARTMSG 2221:0 @!@!@
  |line 716, col 31 to line 716, col 38 of module trash_single: 10746
@!@!@ENDMSG 2221 @!@!@
@!@!@STARTMSG 2221:0 @!@!@
  line 717, col 31 to line 717, col 61 of module trash_single: 322
@!@!@ENDMSG 2221 @!@!@
@!@!@STARTMSG 2221:0 @!@!@
  |line 717, col 31 to line 717, col 48 of module trash_single: 242
@!@!@ENDMSG 2221 @!@!@
@!@!@STARTMSG 2221:0 @!@!@
  line 718, col 31 to line 718, col 76 of module trash_single: 80
@!@!@ENDMSG 2221 @!@!@
@!@!@STARTMSG 2221:0 @!@!@
  line 719, col 31 to line 729, col 50 of module trash_single: 80
@!@!@ENDMSG 2221 @!@!@
@!@!@STARTMSG 2772:0 @!@!@
<UserDepositTrash line 731, col 1 to line 731, col 22 of module trash_single>: 76:84
@!@!@ENDMSG 2772 @!@!@
@!@!@STARTMSG 2221:0 @!@!@
  line 731, col 30 to line 731, col 58 of module trash_single: 10830
@!@!@ENDMSG 2221 @!@!@
@!@!@STARTMSG 2221:0 @!@!@
  |line 731, col 30 to line 731, col 37 of module trash_single: 10746
@!@!@ENDMSG 2221 @!@!@
@!@!@STARTMSG 2221:0 @!@!@
  line 732, col 30 to line 733, col 82 of module trash_single: 84
@!@!@ENDMSG 2221 @!@!@
@!@!@STARTMSG 2221:0 @!@!@
  line 734, col 30 to line 734, col 52 of module trash_single: 84
@!@!@ENDMSG 2221 @!@!@
@!@!@STARTMSG 2221:0 @!@!@
  line 735, col 30 to line 735, col 43 of module trash_single: 84
@!@!@ENDMSG 2221 @!@!@
@!@!@STARTMSG 2221:0 @!@!@
  line 736, col 30 to line 736, col 72 of module trash_single: 84
@!@!@ENDMSG 2221 @!@!@
@!@!@STARTMSG 2221:0 @!@!@
  line 737, col 30 to line 745, col 76 of module trash_single: 84
@!@!@ENDMSG 2221 @!@!@
@!@!@STARTMSG 2772:0 @!@!@
<UserCloseDoor line 747, col 1 to line 747, col 19 of module trash_single>: 76:80
@!@!@ENDMSG 2772 @!@!@
@!@!@STARTMSG 2221:0 @!@!@
  line 747, col 27 to line 747, col 52 of module trash_single: 10826
@!@!@ENDMSG 2221 @!@!@
@!@!@STARTMSG 2221:0 @!@!@
  |line 747, col 27 to line 747, col 34 of module trash_single: 10746
@!@!@ENDMSG 2221 @!@!@
@!@!@STARTMSG 2221:0 @!@!@
  line 748, col 27 to line 748, col 89 of module trash_single: 80
@!@!@ENDMSG 2221 @!@!@
@!@!@STARTMSG 2221:0 @!@!@
  line 749, col 27 to line 749, col 75 of module trash_single: 80
@!@!@ENDMSG 2221 @!@!@
@!@!@STARTMSG 2221:0 @!@!@
  line 750, col 27 to line 758, col 61 of module trash_single: 80
@!@!@ENDMSG 2221 @!@!@
@!@!@STARTMSG 2772:0 @!@!@
<UserAwaitClosedDoor line 760, col 1 to line 760, col 25 of module trash_single>: 347:532
@!@!@ENDMSG 2772 @!@!@
@!@!@STARTMSG 2221:0 @!@!@
  line 760, col 33 to line 760, col 64 of module trash_single: 11278
@!@!@ENDMSG 2221 @!@!@
@!@!@STARTMSG 2221:0 @!@!@
  |line 760, col 33 to line 760, col 40 of module trash_single: 10746
@!@!@ENDMSG 2221 @!@!@
@!@!@STARTMSG 2221:0 @!@!@
  line 761, col 33 to line 761, col 63 of module trash_single: 1924
@!@!@ENDMSG 2221 @!@!@
@!@!@STARTMSG 2221:0 @!@!@
  |line 761, col 33 to line 761, col 50 of module trash_single: 1392
@!@!@ENDMSG 2221 @!@!@
@!@!@STARTMSG 2221:0 @!@!@
  line 762, col 33 to line 762, col 76 of module trash_single: 532
@!@!@ENDMSG 2221 @!@!@
@!@!@STARTMSG 2221:0 @!@!@
  line 763, col 33 to line 773, col 58 of module trash_single: 532
@!@!@ENDMSG 2221 @!@!@
@!@!@STARTMSG 2772:0 @!@!@
<UserRemovePerm line 775, col 1 to line 775, col 20 of module trash_single>: 893:1141
@!@!@ENDMSG 2772 @!@!@
@!@!@STARTMSG 2221:0 @!@!@
  line 775, col 28 to line 775, col 54 of module trash_single: 11887
@!@!@ENDMSG 2221 @!@!@
@!@!@STARTMSG 2221:0 @!@!@
  |line 775, col 28 to line 775, col 35 of module trash_single: 10746
@!@!@ENDMSG 2221 @!@!@
@!@!@STARTMSG 2221:0 @!@!@
  line 776, col 28 to line 776, col 63 of module trash_single: 1141
@!@!@ENDMSG 2221 @!@!@
@!@!@STARTMSG 2221:0 @!@!@
  line 777, col 28 to line 777, col 74 of module trash_single: 1141
@!@!@ENDMSG 2221 @!@!@
@!@!@STARTMSG 2221:0 @!@!@
  line 778, col 28 to line 786, col 62 of module trash_single: 1141
@!@!@ENDMSG 2221 @!@!@
@!@!@STARTMSG 2772:0 @!@!@
<UserNewTrash line 788, col 1 to line 788, col 18 of module trash_single>: 1998:2298
@!@!@ENDMSG 2772 @!@!@
@!@!@STARTMSG 2221:0 @!@!@
  line 788, col 26 to line 788, col 50 of module trash_single: 11895
@!@!@ENDMSG 2221 @!@!@
@!@!@STARTMSG 2221:0 @!@!@
  |line 788, col 26 to line 788, col 33 of module trash_single: 10746
@!@!@ENDMSG 2221 @!@!@
@!@!@STARTMSG 2221:0 @!@!@
  line 790, col 28 to line 790, col 43 of module trash_single: 2298
@!@!@ENDMSG 2221 @!@!@
@!@!@STARTMSG 2221:0 @!@!@
  line 789, col 37 to line 789, col 51 of module trash_single: 1149
@!@!@ENDMSG 2221 @!@!@
@!@!@STARTMSG 2221:0 @!@!@
  line 791, col 26 to line 791, col 67 of module trash_single: 2298
@!@!@ENDMSG 2221 @!@!@
@!@!@STARTMSG 2221:0 @!@!@
  line 792, col 26 to line 800, col 45 of module trash_single: 2298
@!@!@ENDMSG 2221 @!@!@
@!@!@STARTMSG 2772:0 @!@!@
<ServerNextIteration line 809, col 1 to line 809, col 19 of module trash_single>: 47:5414
@!@!@ENDMSG 2772 @!@!@
@!@!@STARTMSG 2221:0 @!@!@
  line 809, col 27 to line 809, col 60 of module trash_single: 16160
@!@!@ENDMSG 2221 @!@!@
@!@!@STARTMSG 2221:0 @!@!@
  |line 809, col 27 to line 809, col 36 of module trash_single: 10746
@!@!@ENDMSG 2221 @!@!@
@!@!@STARTMSG 2221:0 @!@!@
  line 810, col 27 to line 810, col 76 of module trash_single: 5414
@!@!@ENDMSG 2221 @!@!@
@!@!@STARTMSG 2221:0 @!@!@
  line 811, col 27 to line 819, col 73 of module trash_single: 5414
@!@!@ENDMSG 2221 @!@!@
@!@!@STARTMSG 2772:0 @!@!@
<ServerAwaitRequest line 821, col 1 to line 821, col 18 of module trash_single>: 40:40
@!@!@ENDMSG 2772 @!@!@
@!@!@STARTMSG 2221:0 @!@!@
  line 821, col 26 to line 821, col 58 of module trash_single: 10786
@!@!@ENDMSG 2221 @!@!@
@!@!@STARTMSG 2221:0 @!@!@
  |line 821, col 26 to line 821, col 35 of module trash_single: 10746
@!@!@ENDMSG 2221 @!@!@
@!@!@STARTMSG 2221:0 @!@!@
  line 822, col 26 to line 822, col 47 of module trash_single: 5372
@!@!@ENDMSG 2221 @!@!@
@!@!@STARTMSG 2221:0 @!@!@
  |line 822, col 26 to line 822, col 39 of module trash_single: 5332
@!@!@ENDMSG 2221 @!@!@
@!@!@STARTMSG 2221:0 @!@!@
  |line 822, col 44 to line 822, col 47 of module trash_single: 5332
@!@!@ENDMSG 2221 @!@!@
@!@!@STARTMSG 2221:0 @!@!@
  line 823, col 26 to line 823, col 52 of module trash_single: 40
@!@!@ENDMSG 2221 @!@!@
@!@!@STARTMSG 2221:0 @!@!@
  line 824, col 26 to line 824, col 63 of module trash_single: 40
@!@!@ENDMSG 2221 @!@!@
@!@!@STARTMSG 2221:0 @!@!@
  line 826, col 31 to line 826, col 118 of module trash_single: 40
@!@!@ENDMSG 2221 @!@!@
@!@!@STARTMSG 2221:0 @!@!@
  line 827, col 34 to line 827, col 38 of module trash_single: 40
@!@!@ENDMSG 2221 @!@!@
@!@!@STARTMSG 2221:0 @!@!@
  line 828, col 39 to line 828, col 88 of module trash_single: 40
@!@!@ENDMSG 2221 @!@!@
@!@!@STARTMSG 2221:0 @!@!@
  line 830, col 42 to line 830, col 62 of module trash_single: 0
@!@!@ENDMSG 2221 @!@!@
@!@!@STARTMSG 2221:0 @!@!@
  line 825, col 39 to line 825, col 58 of module trash_single: 40
@!@!@ENDMSG 2221 @!@!@
@!@!@STARTMSG 2221:0 @!@!@
  line 831, col 26 to line 831, col 76 of module trash_single: 40
@!@!@ENDMSG 2221 @!@!@
@!@!@STARTMSG 2221:0 @!@!@
  line 832, col 26 to line 838, col 77 of module trash_single: 40
@!@!@ENDMSG 2221 @!@!@
@!@!@STARTMSG 2772:0 @!@!@
<TruckStart line 842, col 1 to line 842, col 16 of module trash_single>: 403:5385
@!@!@ENDMSG 2772 @!@!@
@!@!@STARTMSG 2221:0 @!@!@
  line 842, col 24 to line 842, col 46 of module trash_single: 16131
@!@!@ENDMSG 2221 @!@!@
@!@!@STARTMSG 2221:0 @!@!@
  |line 842, col 24 to line 842, col 31 of module trash_single: 10746
@!@!@ENDMSG 2221 @!@!@
@!@!@STARTMSG 2221:0 @!@!@
  line 843, col 24 to line 843, col 64 of module trash_single: 5385
@!@!@ENDMSG 2221 @!@!@
@!@!@STARTMSG 2221:0 @!@!@
  line 844, col 24 to line 851, col 80 of module trash_single: 5385
@!@!@ENDMSG 2221 @!@!@
@!@!@STARTMSG 2772:0 @!@!@
<ReadCommand line 853, col 1 to line 853, col 17 of module trash_single>: 16:34
@!@!@ENDMSG 2772 @!@!@
@!@!@STARTMSG 2221:0 @!@!@
  line 853, col 25 to line 853, col 48 of module trash_single: 10780
@!@!@ENDMSG 2221 @!@!@
@!@!@STARTMSG 2221:0 @!@!@
  |line 853, col 25 to line 853, col 32 of module trash_single: 10746
@!@!@ENDMSG 2221 @!@!@
@!@!@STARTMSG 2221:0 @!@!@
  line 854, col 25 to line 854, col 45 of module trash_single: 5331
@!@!@ENDMSG 2221 @!@!@
@!@!@STARTMSG 2221:0 @!@!@
  |line 854, col 25 to line 854, col 37 of module trash_single: 5297
@!@!@ENDMSG 2221 @!@!@
@!@!@STARTMSG 2221:0 @!@!@
  |line 854, col 42 to line 854, col 45 of module trash_single: 5297
@!@!@ENDMSG 2221 @!@!@
@!@!@STARTMSG 2221:0 @!@!@
  line 855, col 25 to line 855, col 81 of module trash_single: 34
@!@!@ENDMSG 2221 @!@!@
@!@!@STARTMSG 2221:0 @!@!@
  line 856, col 25 to line 856, col 60 of module trash_single: 34
@!@!@ENDMSG 2221 @!@!@
@!@!@STARTMSG 2221:0 @!@!@
  line 857, col 25 to line 857, col 61 of module trash_single: 34
@!@!@ENDMSG 2221 @!@!@
@!@!@STARTMSG 2221:0 @!@!@
  line 858, col 25 to line 865, col 62 of module trash_single: 34
@!@!@ENDMSG 2221 @!@!@
@!@!@STARTMSG 2772:0 @!@!@
<Execute line 867, col 1 to line 867, col 13 of module trash_single>: 16:16
@!@!@ENDMSG 2772 @!@!@
@!@!@STARTMSG 2221:0 @!@!@
  line 867, col 21 to line 867, col 40 of module trash_single: 10762
@!@!@ENDMSG 2221 @!@!@
@!@!@STARTMSG 2221:0 @!@!@
  |line 867, col 21 to line 867, col 28 of module trash_single: 10746
@!@!@ENDMSG 2221 @!@!@
@!@!@STARTMSG 2221:0 @!@!@
  line 868, col 21 to line 868, col 51 of module trash_single: 32
@!@!@ENDMSG 2221 @!@!@
@!@!@STARTMSG 2221:0 @!@!@
  |line 868, col 21 to line 868, col 38 of module trash_single: 16
@!@!@ENDMSG 2221 @!@!@
@!@!@STARTMSG 2221:0 @!@!@
  line 869, col 21 to line 869, col 55 of module trash_single: 16
@!@!@ENDMSG 2221 @!@!@
@!@!@STARTMSG 2221:0 @!@!@
  line 870, col 21 to line 870, col 62 of module trash_single: 16
@!@!@ENDMSG 2221 @!@!@
@!@!@STARTMSG 2221:0 @!@!@
  line 871, col 21 to line 877, col 77 of module trash_single: 16
@!@!@ENDMSG 2221 @!@!@
@!@!@STARTMSG 2772:0 @!@!@
<WaitBinTruck line 879, col 1 to line 879, col 18 of module trash_single>: 15:16
@!@!@ENDMSG 2772 @!@!@
@!@!@STARTMSG 2221:0 @!@!@
  line 879, col 26 to line 879, col 50 of module trash_single: 10762
@!@!@ENDMSG 2221 @!@!@
@!@!@STARTMSG 2221:0 @!@!@
  |line 879, col 26 to line 879, col 33 of module trash_single: 10746
@!@!@ENDMSG 2221 @!@!@
@!@!@STARTMSG 2221:0 @!@!@
  line 880, col 26 to line 880, col 56 of module trash_single: 64
@!@!@ENDMSG 2221 @!@!@
@!@!@STARTMSG 2221:0 @!@!@
  |line 880, col 26 to line 880, col 43 of module trash_single: 48
@!@!@ENDMSG 2221 @!@!@
@!@!@STARTMSG 2221:0 @!@!@
  line 881, col 26 to line 881, col 42 of module trash_single: 16
@!@!@ENDMSG 2221 @!@!@
@!@!@STARTMSG 2221:0 @!@!@
  line 882, col 26 to line 882, col 65 of module trash_single: 16
@!@!@ENDMSG 2221 @!@!@
@!@!@STARTMSG 2221:0 @!@!@
  line 883, col 26 to line 891, col 60 of module trash_single: 16
@!@!@ENDMSG 2221 @!@!@
@!@!@STARTMSG 2772:0 @!@!@
<ControlStart line 896, col 1 to line 896, col 12 of module trash_single>: 99:326
@!@!@ENDMSG 2772 @!@!@
@!@!@STARTMSG 2221:0 @!@!@
  line 896, col 20 to line 896, col 47 of module trash_single: 11072
@!@!@ENDMSG 2221 @!@!@
@!@!@STARTMSG 2221:0 @!@!@
  |line 896, col 20 to line 896, col 30 of module trash_single: 10746
@!@!@ENDMSG 2221 @!@!@
@!@!@STARTMSG 2221:0 @!@!@
  line 897, col 20 to line 897, col 60 of module trash_single: 326
@!@!@ENDMSG 2221 @!@!@
@!@!@STARTMSG 2221:0 @!@!@
  line 898, col 20 to line 905, col 45 of module trash_single: 326
@!@!@ENDMSG 2221 @!@!@
@!@!@STARTMSG 2772:0 @!@!@
<ReadCard line 907, col 1 to line 907, col 8 of module trash_single>: 76:80
@!@!@ENDMSG 2772 @!@!@
@!@!@STARTMSG 2221:0 @!@!@
  line 907, col 16 to line 907, col 39 of module trash_single: 10826
@!@!@ENDMSG 2221 @!@!@
@!@!@STARTMSG 2221:0 @!@!@
  |line 907, col 16 to line 907, col 26 of module trash_single: 10746
@!@!@ENDMSG 2221 @!@!@
@!@!@STARTMSG 2221:0 @!@!@
  line 908, col 16 to line 908, col 28 of module trash_single: 404
@!@!@ENDMSG 2221 @!@!@
@!@!@STARTMSG 2221:0 @!@!@
  |line 908, col 16 to line 908, col 20 of module trash_single: 324
@!@!@ENDMSG 2221 @!@!@
@!@!@STARTMSG 2221:0 @!@!@
  |line 908, col 25 to line 908, col 28 of module trash_single: 324
@!@!@ENDMSG 2221 @!@!@
@!@!@STARTMSG 2221:0 @!@!@
  line 909, col 16 to line 909, col 34 of module trash_single: 80
@!@!@ENDMSG 2221 @!@!@
@!@!@STARTMSG 2221:0 @!@!@
  line 910, col 16 to line 910, col 35 of module trash_single: 80
@!@!@ENDMSG 2221 @!@!@
@!@!@STARTMSG 2221:0 @!@!@
  line 911, col 16 to line 911, col 57 of module trash_single: 80
@!@!@ENDMSG 2221 @!@!@
@!@!@STARTMSG 2221:0 @!@!@
  line 912, col 16 to line 918, col 44 of module trash_single: 80
@!@!@ENDMSG 2221 @!@!@
@!@!@STARTMSG 2772:0 @!@!@
<AskServer line 920, col 1 to line 920, col 9 of module trash_single>: 77:80
@!@!@ENDMSG 2772 @!@!@
@!@!@STARTMSG 2221:0 @!@!@
  line 920, col 17 to line 920, col 41 of module trash_single: 10826
@!@!@ENDMSG 2221 @!@!@
@!@!@STARTMSG 2221:0 @!@!@
  |line 920, col 17 to line 920, col 27 of module trash_single: 10746
@!@!@ENDMSG 2221 @!@!@
@!@!@STARTMSG 2221:0 @!@!@
  line 921, col 17 to line 921, col 80 of module trash_single: 80
@!@!@ENDMSG 2221 @!@!@
@!@!@STARTMSG 2221:0 @!@!@
  line 922, col 17 to line 922, col 59 of module trash_single: 80
@!@!@ENDMSG 2221 @!@!@
@!@!@STARTMSG 2221:0 @!@!@
  line 923, col 17 to line 929, col 51 of module trash_single: 80
@!@!@ENDMSG 2221 @!@!@
@!@!@STARTMSG 2772:0 @!@!@
<WaitServer line 931, col 1 to line 931, col 10 of module trash_single>: 72:131
@!@!@ENDMSG 2772 @!@!@
@!@!@STARTMSG 2221:0 @!@!@
  line 931, col 18 to line 931, col 43 of module trash_single: 10877
@!@!@ENDMSG 2221 @!@!@
@!@!@STARTMSG 2221:0 @!@!@
  |line 931, col 18 to line 931, col 28 of module trash_single: 10746
@!@!@ENDMSG 2221 @!@!@
@!@!@STARTMSG 2221:0 @!@!@
  line 932, col 18 to line 932, col 40 of module trash_single: 344
@!@!@ENDMSG 2221 @!@!@
@!@!@STARTMSG 2221:0 @!@!@
  |line 932, col 18 to line 932, col 32 of module trash_single: 213
@!@!@ENDMSG 2221 @!@!@
@!@!@STARTMSG 2221:0 @!@!@
  |line 932, col 37 to line 932, col 40 of module trash_single: 213
@!@!@ENDMSG 2221 @!@!@
@!@!@STARTMSG 2221:0 @!@!@
  line 933, col 18 to line 933, col 46 of module trash_single: 131
@!@!@ENDMSG 2221 @!@!@
@!@!@STARTMSG 2221:0 @!@!@
  line 934, col 18 to line 934, col 57 of module trash_single: 131
@!@!@ENDMSG 2221 @!@!@
@!@!@STARTMSG 2221:0 @!@!@
  line 935, col 18 to line 935, col 59 of module trash_single: 131
@!@!@ENDMSG 2221 @!@!@
@!@!@STARTMSG 2221:0 @!@!@
  line 936, col 18 to line 942, col 46 of module trash_single: 131
@!@!@ENDMSG 2221 @!@!@
@!@!@STARTMSG 2772:0 @!@!@
<CheckPerm line 944, col 1 to line 944, col 9 of module trash_single>: 75:97
@!@!@ENDMSG 2772 @!@!@
@!@!@STARTMSG 2221:0 @!@!@
  line 944, col 17 to line 944, col 41 of module trash_single: 10843
@!@!@ENDMSG 2221 @!@!@
@!@!@STARTMSG 2221:0 @!@!@
  |line 944, col 17 to line 944, col 27 of module trash_single: 10746
@!@!@ENDMSG 2221 @!@!@
@!@!@STARTMSG 2221:0 @!@!@
  line 945, col 20 to line 945, col 35 of module trash_single: 97
@!@!@ENDMSG 2221 @!@!@
@!@!@STARTMSG 2221:0 @!@!@
  line 946, col 28 to line 946, col 70 of module trash_single: 0
@!@!@ENDMSG 2221 @!@!@
@!@!@STARTMSG 2221:0 @!@!@
  line 947, col 25 to line 947, col 69 of module trash_single: 97
@!@!@ENDMSG 2221 @!@!@
@!@!@STARTMSG 2221:0 @!@!@
  line 948, col 17 to line 954, col 73 of module trash_single: 97
@!@!@ENDMSG 2221 @!@!@
@!@!@STARTMSG 2772:0 @!@!@
<ForbidUser line 956, col 1 to line 956, col 10 of module trash_single>: 0:0
@!@!@ENDMSG 2772 @!@!@
@!@!@STARTMSG 2221:0 @!@!@
  line 956, col 18 to line 956, col 43 of module trash_single: 10746
@!@!@ENDMSG 2221 @!@!@
@!@!@STARTMSG 2221:0 @!@!@
  line 957, col 18 to line 957, col 122 of module trash_single: 0
@!@!@ENDMSG 2221 @!@!@
@!@!@STARTMSG 2221:0 @!@!@
  line 958, col 18 to line 958, col 62 of module trash_single: 0
@!@!@ENDMSG 2221 @!@!@
@!@!@STARTMSG 2221:0 @!@!@
  line 959, col 18 to line 965, col 52 of module trash_single: 0
@!@!@ENDMSG 2221 @!@!@
@!@!@STARTMSG 2772:0 @!@!@
<AllowUser line 967, col 1 to line 967, col 9 of module trash_single>: 74:80
@!@!@ENDMSG 2772 @!@!@
@!@!@STARTMSG 2221:0 @!@!@
  line 967, col 17 to line 967, col 41 of module trash_single: 10826
@!@!@ENDMSG 2221 @!@!@
@!@!@STARTMSG 2221:0 @!@!@
  |line 967, col 17 to line 967, col 27 of module trash_single: 10746
@!@!@ENDMSG 2221 @!@!@
@!@!@STARTMSG 2221:0 @!@!@
  line 968, col 17 to line 968, col 78 of module trash_single: 80
@!@!@ENDMSG 2221 @!@!@
@!@!@STARTMSG 2221:0 @!@!@
  line 969, col 17 to line 969, col 57 of module trash_single: 80
@!@!@ENDMSG 2221 @!@!@
@!@!@STARTMSG 2221:0 @!@!@
  line 970, col 17 to line 976, col 51 of module trash_single: 80
@!@!@ENDMSG 2221 @!@!@
@!@!@STARTMSG 2772:0 @!@!@
<WaitBin1 line 978, col 1 to line 978, col 8 of module trash_single>: 76:80
@!@!@ENDMSG 2772 @!@!@
@!@!@STARTMSG 2221:0 @!@!@
  line 978, col 16 to line 978, col 39 of module trash_single: 10826
@!@!@ENDMSG 2221 @!@!@
@!@!@STARTMSG 2221:0 @!@!@
  |line 978, col 16 to line 978, col 26 of module trash_single: 10746
@!@!@ENDMSG 2221 @!@!@
@!@!@STARTMSG 2221:0 @!@!@
  line 979, col 16 to line 979, col 46 of module trash_single: 327
@!@!@ENDMSG 2221 @!@!@
@!@!@STARTMSG 2221:0 @!@!@
  |line 979, col 16 to line 979, col 33 of module trash_single: 247
@!@!@ENDMSG 2221 @!@!@
@!@!@STARTMSG 2221:0 @!@!@
  line 980, col 16 to line 980, col 120 of module trash_single: 80
@!@!@ENDMSG 2221 @!@!@
@!@!@STARTMSG 2221:0 @!@!@
  line 981, col 16 to line 981, col 62 of module trash_single: 80
@!@!@ENDMSG 2221 @!@!@
@!@!@STARTMSG 2221:0 @!@!@
  line 982, col 16 to line 988, col 50 of module trash_single: 80
@!@!@ENDMSG 2221 @!@!@
@!@!@STARTMSG 2772:0 @!@!@
<WaitDoorClosed line 990, col 1 to line 990, col 14 of module trash_single>: 105:775
@!@!@ENDMSG 2772 @!@!@
@!@!@STARTMSG 2221:0 @!@!@
  line 990, col 22 to line 990, col 51 of module trash_single: 11521
@!@!@ENDMSG 2221 @!@!@
@!@!@STARTMSG 2221:0 @!@!@
  |line 990, col 22 to line 990, col 32 of module trash_single: 10746
@!@!@ENDMSG 2221 @!@!@
@!@!@STARTMSG 2221:0 @!@!@
  line 991, col 22 to line 991, col 59 of module trash_single: 2206
@!@!@ENDMSG 2221 @!@!@
@!@!@STARTMSG 2221:0 @!@!@
  |line 991, col 22 to line 991, col 37 of module trash_single: 1431
@!@!@ENDMSG 2221 @!@!@
@!@!@STARTMSG 2221:0 @!@!@
  line 992, col 22 to line 992, col 70 of module trash_single: 775
@!@!@ENDMSG 2221 @!@!@
@!@!@STARTMSG 2221:0 @!@!@
  line 993, col 22 to line 993, col 62 of module trash_single: 775
@!@!@ENDMSG 2221 @!@!@
@!@!@STARTMSG 2221:0 @!@!@
  line 994, col 22 to line 1000, col 78 of module trash_single: 775
@!@!@ENDMSG 2221 @!@!@
@!@!@STARTMSG 2772:0 @!@!@
<LockDoor line 1002, col 1 to line 1002, col 8 of module trash_single>: 208:640
@!@!@ENDMSG 2772 @!@!@
@!@!@STARTMSG 2221:0 @!@!@
  line 1002, col 16 to line 1002, col 39 of module trash_single: 11386
@!@!@ENDMSG 2221 @!@!@
@!@!@STARTMSG 2221:0 @!@!@
  |line 1002, col 16 to line 1002, col 26 of module trash_single: 10746
@!@!@ENDMSG 2221 @!@!@
@!@!@STARTMSG 2221:0 @!@!@
  line 1003, col 16 to line 1003, col 46 of module trash_single: 1366
@!@!@ENDMSG 2221 @!@!@
@!@!@STARTMSG 2221:0 @!@!@
  |line 1003, col 16 to line 1003, col 33 of module trash_single: 726
@!@!@ENDMSG 2221 @!@!@
@!@!@STARTMSG 2221:0 @!@!@
  line 1004, col 16 to line 1004, col 78 of module trash_single: 640
@!@!@ENDMSG 2221 @!@!@
@!@!@STARTMSG 2221:0 @!@!@
  line 1005, col 16 to line 1005, col 52 of module trash_single: 640
@!@!@ENDMSG 2221 @!@!@
@!@!@STARTMSG 2221:0 @!@!@
  line 1006, col 16 to line 1012, col 50 of module trash_single: 640
@!@!@ENDMSG 2221 @!@!@
@!@!@STARTMSG 2772:0 @!@!@
<Trap line 1014, col 1 to line 1014, col 4 of module trash_single>: 226:640
@!@!@ENDMSG 2772 @!@!@
@!@!@STARTMSG 2221:0 @!@!@
  line 1014, col 12 to line 1014, col 31 of module trash_single: 11386
@!@!@ENDMSG 2221 @!@!@
@!@!@STARTMSG 2221:0 @!@!@
  |line 1014, col 12 to line 1014, col 22 of module trash_single: 10746
@!@!@ENDMSG 2221 @!@!@
@!@!@STARTMSG 2221:0 @!@!@
  line 1015, col 12 to line 1015, col 42 of module trash_single: 2560
@!@!@ENDMSG 2221 @!@!@
@!@!@STARTMSG 2221:0 @!@!@
  |line 1015, col 12 to line 1015, col 29 of module trash_single: 1920
@!@!@ENDMSG 2221 @!@!@
@!@!@STARTMSG 2221:0 @!@!@
  line 1016, col 12 to line 1016, col 72 of module trash_single: 640
@!@!@ENDMSG 2221 @!@!@
@!@!@STARTMSG 2221:0 @!@!@
  line 1017, col 12 to line 1017, col 47 of module trash_single: 640
@!@!@ENDMSG 2221 @!@!@
@!@!@STARTMSG 2221:0 @!@!@
  line 1018, col 12 to line 1024, col 46 of module trash_single: 640
@!@!@ENDMSG 2221 @!@!@
@!@!@STARTMSG 2772:0 @!@!@
<Ram line 1026, col 1 to line 1026, col 3 of module trash_single>: 211:640
@!@!@ENDMSG 2772 @!@!@
@!@!@STARTMSG 2221:0 @!@!@
  line 1026, col 11 to line 1026, col 29 of module trash_single: 11386
@!@!@ENDMSG 2221 @!@!@
@!@!@STARTMSG 2221:0 @!@!@
  |line 1026, col 11 to line 1026, col 21 of module trash_single: 10746
@!@!@ENDMSG 2221 @!@!@
@!@!@STARTMSG 2221:0 @!@!@
  line 1027, col 11 to line 1027, col 41 of module trash_single: 2578
@!@!@ENDMSG 2221 @!@!@
@!@!@STARTMSG 2221:0 @!@!@
  |line 1027, col 11 to line 1027, col 28 of module trash_single: 1938
@!@!@ENDMSG 2221 @!@!@
@!@!@STARTMSG 2221:0 @!@!@
  line 1028, col 11 to line 1028, col 65 of module trash_single: 640
@!@!@ENDMSG 2221 @!@!@
@!@!@STARTMSG 2221:0 @!@!@
  line 1029, col 11 to line 1029, col 48 of module trash_single: 640
@!@!@ENDMSG 2221 @!@!@
@!@!@STARTMSG 2221:0 @!@!@
  line 1030, col 11 to line 1036, col 45 of module trash_single: 640
@!@!@ENDMSG 2221 @!@!@
@!@!@STARTMSG 2772:0 @!@!@
<UnRam line 1038, col 1 to line 1038, col 5 of module trash_single>: 101:320
@!@!@ENDMSG 2772 @!@!@
@!@!@STARTMSG 2221:0 @!@!@
  line 1038, col 13 to line 1038, col 33 of module trash_single: 11066
@!@!@ENDMSG 2221 @!@!@
@!@!@STARTMSG 2221:0 @!@!@
  |line 1038, col 13 to line 1038, col 23 of module trash_single: 10746
@!@!@ENDMSG 2221 @!@!@
@!@!@STARTMSG 2221:0 @!@!@
  line 1039, col 13 to line 1039, col 43 of module trash_single: 1600
@!@!@ENDMSG 2221 @!@!@
@!@!@STARTMSG 2221:0 @!@!@
  |line 1039, col 13 to line 1039, col 30 of module trash_single: 1280
@!@!@ENDMSG 2221 @!@!@
@!@!@STARTMSG 2221:0 @!@!@
  line 1040, col 13 to line 1040, col 68 of module trash_single: 320
@!@!@ENDMSG 2221 @!@!@
@!@!@STARTMSG 2221:0 @!@!@
  line 1041, col 13 to line 1041, col 51 of module trash_single: 320
@!@!@ENDMSG 2221 @!@!@
@!@!@STARTMSG 2221:0 @!@!@
  line 1042, col 13 to line 1048, col 47 of module trash_single: 320
@!@!@ENDMSG 2221 @!@!@
@!@!@STARTMSG 2772:0 @!@!@
<UnTrap line 1050, col 1 to line 1050, col 6 of module trash_single>: 104:320
@!@!@ENDMSG 2772 @!@!@
@!@!@STARTMSG 2221:0 @!@!@
  line 1050, col 14 to line 1050, col 35 of module trash_single: 11066
@!@!@ENDMSG 2221 @!@!@
@!@!@STARTMSG 2221:0 @!@!@
  |line 1050, col 14 to line 1050, col 24 of module trash_single: 10746
@!@!@ENDMSG 2221 @!@!@
@!@!@STARTMSG 2221:0 @!@!@
  line 1051, col 14 to line 1051, col 44 of module trash_single: 1280
@!@!@ENDMSG 2221 @!@!@
@!@!@STARTMSG 2221:0 @!@!@
  |line 1051, col 14 to line 1051, col 31 of module trash_single: 960
@!@!@ENDMSG 2221 @!@!@
@!@!@STARTMSG 2221:0 @!@!@
  line 1052, col 14 to line 1052, col 75 of module trash_single: 320
@!@!@ENDMSG 2221 @!@!@
@!@!@STARTMSG 2221:0 @!@!@
  line 1053, col 14 to line 1053, col 51 of module trash_single: 320
@!@!@ENDMSG 2221 @!@!@
@!@!@STARTMSG 2221:0 @!@!@
  line 1054, col 14 to line 1060, col 48 of module trash_single: 320
@!@!@ENDMSG 2221 @!@!@
@!@!@STARTMSG 2772:0 @!@!@
<Empty line 1062, col 1 to line 1062, col 5 of module trash_single>: 82:320
@!@!@ENDMSG 2772 @!@!@
@!@!@STARTMSG 2221:0 @!@!@
  line 1062, col 13 to line 1062, col 33 of module trash_single: 11066
@!@!@ENDMSG 2221 @!@!@
@!@!@STARTMSG 2221:0 @!@!@
  |line 1062, col 13 to line 1062, col 23 of module trash_single: 10746
@!@!@ENDMSG 2221 @!@!@
@!@!@STARTMSG 2221:0 @!@!@
  line 1063, col 13 to line 1063, col 43 of module trash_single: 1280
@!@!@ENDMSG 2221 @!@!@
@!@!@STARTMSG 2221:0 @!@!@
  |line 1063, col 13 to line 1063, col 30 of module trash_single: 960
@!@!@ENDMSG 2221 @!@!@
@!@!@STARTMSG 2221:0 @!@!@
  line 1064, col 16 to line 1064, col 19 of module trash_single: 320
@!@!@ENDMSG 2221 @!@!@
@!@!@STARTMSG 2221:0 @!@!@
  line 1065, col 21 to line 1067, col 62 of module trash_single: 64
@!@!@ENDMSG 2221 @!@!@
@!@!@STARTMSG 2221:0 @!@!@
  line 1068, col 24 to line 1068, col 68 of module trash_single: 256
@!@!@ENDMSG 2221 @!@!@
@!@!@STARTMSG 2221:0 @!@!@
  line 1069, col 24 to line 1069, col 62 of module trash_single: 256
@!@!@ENDMSG 2221 @!@!@
@!@!@STARTMSG 2221:0 @!@!@
  line 1070, col 13 to line 1075, col 72 of module trash_single: 320
@!@!@ENDMSG 2221 @!@!@
@!@!@STARTMSG 2772:0 @!@!@
<WaitT2 line 1077, col 1 to line 1077, col 6 of module trash_single>: 18:32
@!@!@ENDMSG 2772 @!@!@
@!@!@STARTMSG 2221:0 @!@!@
  line 1077, col 14 to line 1077, col 35 of module trash_single: 10778
@!@!@ENDMSG 2221 @!@!@
@!@!@STARTMSG 2221:0 @!@!@
  |line 1077, col 14 to line 1077, col 24 of module trash_single: 10746
@!@!@ENDMSG 2221 @!@!@
@!@!@STARTMSG 2221:0 @!@!@
  line 1078, col 14 to line 1078, col 22 of module trash_single: 196
@!@!@ENDMSG 2221 @!@!@
@!@!@STARTMSG 2221:0 @!@!@
  |line 1078, col 15 to line 1078, col 22 of module trash_single: 164
@!@!@ENDMSG 2221 @!@!@
@!@!@STARTMSG 2221:0 @!@!@
  line 1079, col 14 to line 1079, col 58 of module trash_single: 32
@!@!@ENDMSG 2221 @!@!@
@!@!@STARTMSG 2221:0 @!@!@
  line 1080, col 14 to line 1086, col 48 of module trash_single: 32
@!@!@ENDMSG 2221 @!@!@
@!@!@STARTMSG 2202:0 @!@!@
End of statistics.
@!@!@ENDMSG 2202 @!@!@
@!@!@STARTMSG 2200:0 @!@!@
Progress(433) at 2026-10-07 14:12:32: 28,193 states generated (220,746 s/min), 10,544 distinct states found (82,557 ds/min), 0 states left on queue.
@!@!@ENDMSG 2200 @!@!@
@!@!@STARTMSG 2199:0 @!@!@
28193 states generated, 10544 distinct states found, 0 states left on queue.
@!@!@ENDMSG 2199 @!@!@
@!@!@STARTMSG 2194:0 @!@!@
The depth of the complete state graph search is 433.
@!@!@ENDMSG 2194 @!@!@
@!@!@STARTMSG 2268:0 @!@!@
The average outdegree of the complete state graph is 1 (minimum is 0, the maximum 4 and the 95th percentile is 2).
@!@!@ENDMSG 2268 @!@!@
@!@!@STARTMSG 2186:0 @!@!@
Finished in 7669ms at (2026-10-07 14:12:32)
@!@!@ENDMSG 2186 @!@!@
