@!@!@STARTMSG 2262:0 @!@!@
TLC2 Version 2.19 of 08 August 2024 (rev: 5a47802)
@!@!@ENDMSG 2262 @!@!@
@!@!@STARTMSG 2187:0 @!@!@
Running breadth-first search Model-Checking with fp 118 and seed -5224747221905534769 with 8 workers on 16 cores with 2357MB heap and 5298MB offheap memory [pid: 37588] (Linux 7.2.8-arch1-2 amd64, AdoptOpenJDK 14.0.1 x86_64, OffHeapDiskFPSet, DiskStateQueue).
@!@!@ENDMSG 2187 @!@!@
@!@!@STARTMSG 2220:0 @!@!@
Starting SANY...
@!@!@ENDMSG 2220 @!@!@
Parsing file /home/jerzy/Documents/programming/TUE/2ix20/trash_single.toolbox/singleBin/MC.tla
Parsing file /home/jerzy/Documents/programming/TUE/2ix20/trash_single.toolbox/singleBin/trash_single.tla
Warning: symbols were renamed.
Parsing file /home/jerzy/Downloads/toolbox/plugins/org.lamport.tlatools_1.0.0.202408081326/tla2sany/StandardModules/TLC.tla
Parsing file /home/jerzy/Documents/programming/TUE/2ix20/trash_single.toolbox/singleBin/trash_data.tla
Parsing file /home/jerzy/Downloads/toolbox/plugins/org.lamport.tlatools_1.0.0.202408081326/tla2sany/StandardModules/Integers.tla
Parsing file /home/jerzy/Downloads/toolbox/plugins/org.lamport.tlatools_1.0.0.202408081326/tla2sany/StandardModules/Sequences.tla
Parsing file /home/jerzy/Downloads/toolbox/plugins/org.lamport.tlatools_1.0.0.202408081326/tla2sany/StandardModules/FiniteSets.tla
Parsing file /home/jerzy/Downloads/toolbox/plugins/org.lamport.tlatools_1.0.0.202408081326/tla2sany/StandardModules/Naturals.tla
Semantic processing of module Naturals
Semantic processing of module Integers
Semantic processing of module Sequences
Semantic processing of module FiniteSets
Semantic processing of module TLC
Semantic processing of module trash_data
Semantic processing of module trash_single
Semantic processing of module MC
@!@!@STARTMSG 2219:0 @!@!@
SANY finished.
@!@!@ENDMSG 2219 @!@!@
@!@!@STARTMSG 2185:0 @!@!@
Starting... (2026-10-07 14:08:54)
@!@!@ENDMSG 2185 @!@!@
@!@!@STARTMSG 2212:0 @!@!@
Implied-temporal checking--satisfiability problem has 4 branches.
@!@!@ENDMSG 2212 @!@!@
@!@!@STARTMSG 2189:0 @!@!@
Computing initial states...
@!@!@ENDMSG 2189 @!@!@
@!@!@STARTMSG 2190:0 @!@!@
Finished computing initial states: 1 distinct state generated at 2026-10-07 14:08:55.
@!@!@ENDMSG 2190 @!@!@
@!@!@STARTMSG 2192:0 @!@!@
Checking 4 branches of temporal properties for the current state space with 16748 total distinct states at (2026-10-07 14:08:58)
@!@!@ENDMSG 2192 @!@!@
@!@!@STARTMSG 2267:0 @!@!@
Finished checking temporal properties in 00s at 2026-10-07 14:08:59
@!@!@ENDMSG 2267 @!@!@
@!@!@STARTMSG 2200:0 @!@!@
Progress(174) at 2026-10-07 14:08:59: 11,208 states generated (11,208 s/min), 4,192 distinct states found (4,192 ds/min), 15 states left on queue.
@!@!@ENDMSG 2200 @!@!@
@!@!@STARTMSG 1000:1 @!@!@
TLC threw an unexpected exception.
This was probably caused by an error in the spec or model.
See the User Output or TLC Console for clues to what happened.
The exception was a java.lang.RuntimeException
: Attempted to check equality of integer 0 with non-integer:
[command |-> "empty", bin |-> 1]
@!@!@ENDMSG 1000 @!@!@
@!@!@STARTMSG 2201:0 @!@!@
The coverage statistics at 2026-10-07 14:08:59
@!@!@ENDMSG 2201 @!@!@
@!@!@STARTMSG 2773:0 @!@!@
<Init line 513, col 1 to line 513, col 4 of module trash_single>: 1:1
@!@!@ENDMSG 2773 @!@!@
@!@!@STARTMSG 2221:0 @!@!@
  line 514, col 9 to line 547, col 76 of module trash_single: 1
@!@!@ENDMSG 2221 @!@!@
@!@!@STARTMSG 2772:0 @!@!@
<BinWaitForCommand line 549, col 1 to line 549, col 23 of module trash_single>: 383:1382
@!@!@ENDMSG 2772 @!@!@
@!@!@STARTMSG 2221:0 @!@!@
  line 549, col 31 to line 549, col 60 of module trash_single: 6585
@!@!@ENDMSG 2221 @!@!@
@!@!@STARTMSG 2221:0 @!@!@
  |line 549, col 31 to line 549, col 38 of module trash_single: 5203
@!@!@ENDMSG 2221 @!@!@
@!@!@STARTMSG 2221:0 @!@!@
  line 550, col 31 to line 550, col 62 of module trash_single: 5322
@!@!@ENDMSG 2221 @!@!@
@!@!@STARTMSG 2221:0 @!@!@
  |line 550, col 31 to line 550, col 48 of module trash_single: 3940
@!@!@ENDMSG 2221 @!@!@
@!@!@STARTMSG 2221:0 @!@!@
  line 551, col 34 to line 551, col 73 of module trash_single: 1382
@!@!@ENDMSG 2221 @!@!@
@!@!@STARTMSG 2221:0 @!@!@
  line 552, col 42 to line 553, col 94 of module trash_single: 80
@!@!@ENDMSG 2221 @!@!@
@!@!@STARTMSG 2221:0 @!@!@
  line 554, col 42 to line 554, col 73 of module trash_single: 80
@!@!@ENDMSG 2221 @!@!@
@!@!@STARTMSG 2221:0 @!@!@
  line 555, col 45 to line 555, col 59 of module trash_single: 80
@!@!@ENDMSG 2221 @!@!@
@!@!@STARTMSG 2221:0 @!@!@
  line 556, col 50 to line 556, col 97 of module trash_single: 40
@!@!@ENDMSG 2221 @!@!@
@!@!@STARTMSG 2221:0 @!@!@
  line 557, col 53 to line 557, col 56 of module trash_single: 40
@!@!@ENDMSG 2221 @!@!@
@!@!@STARTMSG 2221:0 @!@!@
  line 558, col 53 to line 558, col 71 of module trash_single: 40
@!@!@ENDMSG 2221 @!@!@
@!@!@STARTMSG 2221:0 @!@!@
  line 559, col 42 to line 564, col 70 of module trash_single: 80
@!@!@ENDMSG 2221 @!@!@
@!@!@STARTMSG 2221:0 @!@!@
  line 565, col 45 to line 565, col 84 of module trash_single: 1302
@!@!@ENDMSG 2221 @!@!@
@!@!@STARTMSG 2221:0 @!@!@
  line 566, col 53 to line 567, col 105 of module trash_single: 360
@!@!@ENDMSG 2221 @!@!@
@!@!@STARTMSG 2221:0 @!@!@
  line 568, col 53 to line 568, col 89 of module trash_single: 360
@!@!@ENDMSG 2221 @!@!@
@!@!@STARTMSG 2221:0 @!@!@
  line 569, col 53 to line 574, col 81 of module trash_single: 360
@!@!@ENDMSG 2221 @!@!@
@!@!@STARTMSG 2221:0 @!@!@
  line 575, col 56 to line 575, col 94 of module trash_single: 942
@!@!@ENDMSG 2221 @!@!@
@!@!@STARTMSG 2221:0 @!@!@
  line 576, col 64 to line 577, col 116 of module trash_single: 462
@!@!@ENDMSG 2221 @!@!@
@!@!@STARTMSG 2221:0 @!@!@
  line 578, col 67 to line 578, col 97 of module trash_single: 462
@!@!@ENDMSG 2221 @!@!@
@!@!@STARTMSG 2221:0 @!@!@
  line 579, col 75 to line 579, col 95 of module trash_single: 0
@!@!@ENDMSG 2221 @!@!@
@!@!@STARTMSG 2221:0 @!@!@
  line 580, col 75 to line 580, col 78 of module trash_single: 462
@!@!@ENDMSG 2221 @!@!@
@!@!@STARTMSG 2221:0 @!@!@
  line 581, col 75 to line 581, col 97 of module trash_single: 462
@!@!@ENDMSG 2221 @!@!@
@!@!@STARTMSG 2221:0 @!@!@
  line 582, col 64 to line 582, col 94 of module trash_single: 462
@!@!@ENDMSG 2221 @!@!@
@!@!@STARTMSG 2221:0 @!@!@
  line 583, col 67 to line 583, col 79 of module trash_single: 462
@!@!@ENDMSG 2221 @!@!@
@!@!@STARTMSG 2221:0 @!@!@
  line 584, col 72 to line 585, col 89 of module trash_single: 320
@!@!@ENDMSG 2221 @!@!@
@!@!@STARTMSG 2221:0 @!@!@
  line 586, col 75 to line 586, col 78 of module trash_single: 142
@!@!@ENDMSG 2221 @!@!@
@!@!@STARTMSG 2221:0 @!@!@
  line 587, col 75 to line 588, col 107 of module trash_single: 142
@!@!@ENDMSG 2221 @!@!@
@!@!@STARTMSG 2221:0 @!@!@
  line 589, col 64 to line 590, col 94 of module trash_single: 462
@!@!@ENDMSG 2221 @!@!@
@!@!@STARTMSG 2221:0 @!@!@
  line 591, col 67 to line 591, col 99 of module trash_single: 480
@!@!@ENDMSG 2221 @!@!@
@!@!@STARTMSG 2221:0 @!@!@
  line 592, col 75 to line 593, col 127 of module trash_single: 480
@!@!@ENDMSG 2221 @!@!@
@!@!@STARTMSG 2221:0 @!@!@
  line 594, col 75 to line 594, col 104 of module trash_single: 480
@!@!@ENDMSG 2221 @!@!@
@!@!@STARTMSG 2221:0 @!@!@
  line 595, col 78 to line 595, col 89 of module trash_single: 480
@!@!@ENDMSG 2221 @!@!@
@!@!@STARTMSG 2221:0 @!@!@
  line 596, col 89 to line 596, col 101 of module trash_single: 320
@!@!@ENDMSG 2221 @!@!@
@!@!@STARTMSG 2221:0 @!@!@
  line 597, col 97 to line 597, col 117 of module trash_single: 0
@!@!@ENDMSG 2221 @!@!@
@!@!@STARTMSG 2221:0 @!@!@
  line 598, col 97 to line 598, col 100 of module trash_single: 320
@!@!@ENDMSG 2221 @!@!@
@!@!@STARTMSG 2221:0 @!@!@
  line 599, col 97 to line 599, col 119 of module trash_single: 320
@!@!@ENDMSG 2221 @!@!@
@!@!@STARTMSG 2221:0 @!@!@
  line 600, col 86 to line 600, col 203 of module trash_single: 320
@!@!@ENDMSG 2221 @!@!@
@!@!@STARTMSG 2221:0 @!@!@
  |line 600, col 106 to line 600, col 202 of module trash_single: 320
@!@!@ENDMSG 2221 @!@!@
@!@!@STARTMSG 2221:0 @!@!@
  ||line 600, col 106 to line 600, col 120 of module trash_single: 320
@!@!@ENDMSG 2221 @!@!@
@!@!@STARTMSG 2221:0 @!@!@
  ||line 600, col 124 to line 600, col 202 of module trash_single: 320
@!@!@ENDMSG 2221 @!@!@
@!@!@STARTMSG 2221:0 @!@!@
  |||line 600, col 128 to line 600, col 148 of module trash_single: 320
@!@!@ENDMSG 2221 @!@!@
@!@!@STARTMSG 2221:0 @!@!@
  |||line 600, col 156 to line 600, col 179 of module trash_single: 160
@!@!@ENDMSG 2221 @!@!@
@!@!@STARTMSG 2221:0 @!@!@
  |||line 600, col 186 to line 600, col 202 of module trash_single: 160
@!@!@ENDMSG 2221 @!@!@
@!@!@STARTMSG 2221:0 @!@!@
  line 601, col 86 to line 601, col 107 of module trash_single: 320
@!@!@ENDMSG 2221 @!@!@
@!@!@STARTMSG 2221:0 @!@!@
  line 602, col 86 to line 602, col 89 of module trash_single: 160
@!@!@ENDMSG 2221 @!@!@
@!@!@STARTMSG 2221:0 @!@!@
  line 603, col 86 to line 605, col 114 of module trash_single: 160
@!@!@ENDMSG 2221 @!@!@
@!@!@STARTMSG 2221:0 @!@!@
  line 617, col 86 to line 617, col 105 of module trash_single: 0
@!@!@ENDMSG 2221 @!@!@
@!@!@STARTMSG 2221:0 @!@!@
  line 620, col 86 to line 620, col 110 of module trash_single: 0
@!@!@ENDMSG 2221 @!@!@
@!@!@STARTMSG 2221:0 @!@!@
  line 621, col 75 to line 623, col 103 of module trash_single: 0
@!@!@ENDMSG 2221 @!@!@
@!@!@STARTMSG 2221:0 @!@!@
  line 624, col 64 to line 625, col 89 of module trash_single: 480
@!@!@ENDMSG 2221 @!@!@
@!@!@STARTMSG 2221:0 @!@!@
  line 626, col 53 to line 626, col 77 of module trash_single: 942
@!@!@ENDMSG 2221 @!@!@
@!@!@STARTMSG 2221:0 @!@!@
  line 627, col 42 to line 627, col 81 of module trash_single: 1302
@!@!@ENDMSG 2221 @!@!@
@!@!@STARTMSG 2221:0 @!@!@
  line 628, col 31 to line 628, col 78 of module trash_single: 1382
@!@!@ENDMSG 2221 @!@!@
@!@!@STARTMSG 2221:0 @!@!@
  line 629, col 31 to line 634, col 65 of module trash_single: 1382
@!@!@ENDMSG 2221 @!@!@
@!@!@STARTMSG 2772:0 @!@!@
<BinCommandFinished line 636, col 1 to line 636, col 24 of module trash_single>: 331:1263
@!@!@ENDMSG 2772 @!@!@
@!@!@STARTMSG 2221:0 @!@!@
  line 636, col 32 to line 636, col 62 of module trash_single: 6466
@!@!@ENDMSG 2221 @!@!@
@!@!@STARTMSG 2221:0 @!@!@
  |line 636, col 32 to line 636, col 39 of module trash_single: 5203
@!@!@ENDMSG 2221 @!@!@
@!@!@STARTMSG 2221:0 @!@!@
  line 637, col 32 to line 637, col 87 of module trash_single: 1263
@!@!@ENDMSG 2221 @!@!@
@!@!@STARTMSG 2221:0 @!@!@
  line 638, col 32 to line 638, col 78 of module trash_single: 1263
@!@!@ENDMSG 2221 @!@!@
@!@!@STARTMSG 2221:0 @!@!@
  line 639, col 32 to line 648, col 66 of module trash_single: 1263
@!@!@ENDMSG 2221 @!@!@
@!@!@STARTMSG 2772:0 @!@!@
<UserNextIteration line 652, col 1 to line 652, col 23 of module trash_single>: 450:572
@!@!@ENDMSG 2772 @!@!@
@!@!@STARTMSG 2221:0 @!@!@
  line 652, col 31 to line 652, col 60 of module trash_single: 5775
@!@!@ENDMSG 2221 @!@!@
@!@!@STARTMSG 2221:0 @!@!@
  |line 652, col 31 to line 652, col 38 of module trash_single: 5203
@!@!@ENDMSG 2221 @!@!@
@!@!@STARTMSG 2221:0 @!@!@
  line 653, col 34 to line 653, col 46 of module trash_single: 572
@!@!@ENDMSG 2221 @!@!@
@!@!@STARTMSG 2221:0 @!@!@
  line 654, col 39 to line 654, col 83 of module trash_single: 572
@!@!@ENDMSG 2221 @!@!@
@!@!@STARTMSG 2221:0 @!@!@
  line 655, col 42 to line 655, col 83 of module trash_single: 0
@!@!@ENDMSG 2221 @!@!@
@!@!@STARTMSG 2221:0 @!@!@
  line 656, col 31 to line 666, col 50 of module trash_single: 572
@!@!@ENDMSG 2221 @!@!@
@!@!@STARTMSG 2772:0 @!@!@
<UserScanCard line 668, col 1 to line 668, col 18 of module trash_single>: 928:1128
@!@!@ENDMSG 2772 @!@!@
@!@!@STARTMSG 2221:0 @!@!@
  line 668, col 26 to line 668, col 50 of module trash_single: 6331
@!@!@ENDMSG 2221 @!@!@
@!@!@STARTMSG 2221:0 @!@!@
  |line 668, col 26 to line 668, col 33 of module trash_single: 5203
@!@!@ENDMSG 2221 @!@!@
@!@!@STARTMSG 2221:0 @!@!@
  line 669, col 26 to line 669, col 77 of module trash_single: 1128
@!@!@ENDMSG 2221 @!@!@
@!@!@STARTMSG 2221:0 @!@!@
  line 670, col 26 to line 670, col 76 of module trash_single: 1128
@!@!@ENDMSG 2221 @!@!@
@!@!@STARTMSG 2221:0 @!@!@
  line 671, col 26 to line 679, col 45 of module trash_single: 1128
@!@!@ENDMSG 2221 @!@!@
@!@!@STARTMSG 2772:0 @!@!@
<UserAwaitScanResponse line 681, col 1 to line 681, col 27 of module trash_single>: 31:44
@!@!@ENDMSG 2772 @!@!@
@!@!@STARTMSG 2221:0 @!@!@
  line 681, col 35 to line 681, col 68 of module trash_single: 5247
@!@!@ENDMSG 2221 @!@!@
@!@!@STARTMSG 2221:0 @!@!@
  |line 681, col 35 to line 681, col 42 of module trash_single: 5203
@!@!@ENDMSG 2221 @!@!@
@!@!@STARTMSG 2221:0 @!@!@
  line 682, col 35 to line 682, col 53 of module trash_single: 1514
@!@!@ENDMSG 2221 @!@!@
@!@!@STARTMSG 2221:0 @!@!@
  |line 682, col 35 to line 682, col 45 of module trash_single: 1470
@!@!@ENDMSG 2221 @!@!@
@!@!@STARTMSG 2221:0 @!@!@
  |line 682, col 50 to line 682, col 53 of module trash_single: 1470
@!@!@ENDMSG 2221 @!@!@
@!@!@STARTMSG 2221:0 @!@!@
  line 683, col 35 to line 683, col 85 of module trash_single: 44
@!@!@ENDMSG 2221 @!@!@
@!@!@STARTMSG 2221:0 @!@!@
  line 684, col 35 to line 684, col 66 of module trash_single: 44
@!@!@ENDMSG 2221 @!@!@
@!@!@STARTMSG 2221:0 @!@!@
  line 685, col 35 to line 686, col 87 of module trash_single: 44
@!@!@ENDMSG 2221 @!@!@
@!@!@STARTMSG 2221:0 @!@!@
  line 687, col 35 to line 688, col 87 of module trash_single: 44
@!@!@ENDMSG 2221 @!@!@
@!@!@STARTMSG 2221:0 @!@!@
  line 689, col 38 to line 689, col 57 of module trash_single: 44
@!@!@ENDMSG 2221 @!@!@
@!@!@STARTMSG 2221:0 @!@!@
  line 690, col 43 to line 690, col 87 of module trash_single: 44
@!@!@ENDMSG 2221 @!@!@
@!@!@STARTMSG 2221:0 @!@!@
  line 691, col 46 to line 691, col 92 of module trash_single: 0
@!@!@ENDMSG 2221 @!@!@
@!@!@STARTMSG 2221:0 @!@!@
  line 692, col 35 to line 702, col 69 of module trash_single: 44
@!@!@ENDMSG 2221 @!@!@
@!@!@STARTMSG 2772:0 @!@!@
<UserOpenDoor line 704, col 1 to line 704, col 18 of module trash_single>: 32:40
@!@!@ENDMSG 2772 @!@!@
@!@!@STARTMSG 2221:0 @!@!@
  line 704, col 26 to line 704, col 50 of module trash_single: 5243
@!@!@ENDMSG 2221 @!@!@
@!@!@STARTMSG 2221:0 @!@!@
  |line 704, col 26 to line 704, col 33 of module trash_single: 5203
@!@!@ENDMSG 2221 @!@!@
@!@!@STARTMSG 2221:0 @!@!@
  line 705, col 26 to line 705, col 87 of module trash_single: 40
@!@!@ENDMSG 2221 @!@!@
@!@!@STARTMSG 2221:0 @!@!@
  line 706, col 26 to line 706, col 72 of module trash_single: 40
@!@!@ENDMSG 2221 @!@!@
@!@!@STARTMSG 2221:0 @!@!@
  line 707, col 26 to line 715, col 45 of module trash_single: 40
@!@!@ENDMSG 2221 @!@!@
@!@!@STARTMSG 2772:0 @!@!@
<UserAwaitOpenDoor line 717, col 1 to line 717, col 23 of module trash_single>: 35:44
@!@!@ENDMSG 2772 @!@!@
@!@!@STARTMSG 2221:0 @!@!@
  line 717, col 31 to line 717, col 60 of module trash_single: 5247
@!@!@ENDMSG 2221 @!@!@
@!@!@STARTMSG 2221:0 @!@!@
  |line 717, col 31 to line 717, col 38 of module trash_single: 5203
@!@!@ENDMSG 2221 @!@!@
@!@!@STARTMSG 2221:0 @!@!@
  line 718, col 31 to line 718, col 61 of module trash_single: 168
@!@!@ENDMSG 2221 @!@!@
@!@!@STARTMSG 2221:0 @!@!@
  |line 718, col 31 to line 718, col 48 of module trash_single: 124
@!@!@ENDMSG 2221 @!@!@
@!@!@STARTMSG 2221:0 @!@!@
  line 719, col 31 to line 719, col 76 of module trash_single: 44
@!@!@ENDMSG 2221 @!@!@
@!@!@STARTMSG 2221:0 @!@!@
  line 720, col 31 to line 730, col 50 of module trash_single: 44
@!@!@ENDMSG 2221 @!@!@
@!@!@STARTMSG 2772:0 @!@!@
<UserDepositTrash line 732, col 1 to line 732, col 22 of module trash_single>: 33:40
@!@!@ENDMSG 2772 @!@!@
@!@!@STARTMSG 2221:0 @!@!@
  line 732, col 30 to line 732, col 58 of module trash_single: 5243
@!@!@ENDMSG 2221 @!@!@
@!@!@STARTMSG 2221:0 @!@!@
  |line 732, col 30 to line 732, col 37 of module trash_single: 5203
@!@!@ENDMSG 2221 @!@!@
@!@!@STARTMSG 2221:0 @!@!@
  line 733, col 30 to line 734, col 82 of module trash_single: 40
@!@!@ENDMSG 2221 @!@!@
@!@!@STARTMSG 2221:0 @!@!@
  line 735, col 30 to line 735, col 52 of module trash_single: 40
@!@!@ENDMSG 2221 @!@!@
@!@!@STARTMSG 2221:0 @!@!@
  line 736, col 30 to line 736, col 43 of module trash_single: 40
@!@!@ENDMSG 2221 @!@!@
@!@!@STARTMSG 2221:0 @!@!@
  line 737, col 30 to line 737, col 72 of module trash_single: 40
@!@!@ENDMSG 2221 @!@!@
@!@!@STARTMSG 2221:0 @!@!@
  line 738, col 30 to line 746, col 76 of module trash_single: 40
@!@!@ENDMSG 2221 @!@!@
@!@!@STARTMSG 2772:0 @!@!@
<UserCloseDoor line 748, col 1 to line 748, col 19 of module trash_single>: 33:40
@!@!@ENDMSG 2772 @!@!@
@!@!@STARTMSG 2221:0 @!@!@
  line 748, col 27 to line 748, col 52 of module trash_single: 5243
@!@!@ENDMSG 2221 @!@!@
@!@!@STARTMSG 2221:0 @!@!@
  |line 748, col 27 to line 748, col 34 of module trash_single: 5203
@!@!@ENDMSG 2221 @!@!@
@!@!@STARTMSG 2221:0 @!@!@
  line 749, col 27 to line 749, col 89 of module trash_single: 40
@!@!@ENDMSG 2221 @!@!@
@!@!@STARTMSG 2221:0 @!@!@
  line 750, col 27 to line 750, col 75 of module trash_single: 40
@!@!@ENDMSG 2221 @!@!@
@!@!@STARTMSG 2221:0 @!@!@
  line 751, col 27 to line 759, col 61 of module trash_single: 40
@!@!@ENDMSG 2221 @!@!@
@!@!@STARTMSG 2772:0 @!@!@
<UserAwaitClosedDoor line 761, col 1 to line 761, col 25 of module trash_single>: 174:257
@!@!@ENDMSG 2772 @!@!@
@!@!@STARTMSG 2221:0 @!@!@
  line 761, col 33 to line 761, col 64 of module trash_single: 5460
@!@!@ENDMSG 2221 @!@!@
@!@!@STARTMSG 2221:0 @!@!@
  |line 761, col 33 to line 761, col 40 of module trash_single: 5203
@!@!@ENDMSG 2221 @!@!@
@!@!@STARTMSG 2221:0 @!@!@
  line 762, col 33 to line 762, col 63 of module trash_single: 938
@!@!@ENDMSG 2221 @!@!@
@!@!@STARTMSG 2221:0 @!@!@
  |line 762, col 33 to line 762, col 50 of module trash_single: 681
@!@!@ENDMSG 2221 @!@!@
@!@!@STARTMSG 2221:0 @!@!@
  line 763, col 33 to line 763, col 76 of module trash_single: 257
@!@!@ENDMSG 2221 @!@!@
@!@!@STARTMSG 2221:0 @!@!@
  line 764, col 33 to line 774, col 58 of module trash_single: 257
@!@!@ENDMSG 2221 @!@!@
@!@!@STARTMSG 2772:0 @!@!@
<UserRemovePerm line 776, col 1 to line 776, col 20 of module trash_single>: 400:555
@!@!@ENDMSG 2772 @!@!@
@!@!@STARTMSG 2221:0 @!@!@
  line 776, col 28 to line 776, col 54 of module trash_single: 5758
@!@!@ENDMSG 2221 @!@!@
@!@!@STARTMSG 2221:0 @!@!@
  |line 776, col 28 to line 776, col 35 of module trash_single: 5203
@!@!@ENDMSG 2221 @!@!@
@!@!@STARTMSG 2221:0 @!@!@
  line 777, col 28 to line 777, col 63 of module trash_single: 555
@!@!@ENDMSG 2221 @!@!@
@!@!@STARTMSG 2221:0 @!@!@
  line 778, col 28 to line 778, col 74 of module trash_single: 555
@!@!@ENDMSG 2221 @!@!@
@!@!@STARTMSG 2221:0 @!@!@
  line 779, col 28 to line 787, col 62 of module trash_single: 555
@!@!@ENDMSG 2221 @!@!@
@!@!@STARTMSG 2772:0 @!@!@
<UserNewTrash line 789, col 1 to line 789, col 18 of module trash_single>: 869:1106
@!@!@ENDMSG 2772 @!@!@
@!@!@STARTMSG 2221:0 @!@!@
  line 789, col 26 to line 789, col 50 of module trash_single: 5756
@!@!@ENDMSG 2221 @!@!@
@!@!@STARTMSG 2221:0 @!@!@
  |line 789, col 26 to line 789, col 33 of module trash_single: 5203
@!@!@ENDMSG 2221 @!@!@
@!@!@STARTMSG 2221:0 @!@!@
  line 791, col 28 to line 791, col 43 of module trash_single: 1106
@!@!@ENDMSG 2221 @!@!@
@!@!@STARTMSG 2221:0 @!@!@
  line 790, col 37 to line 790, col 51 of module trash_single: 553
@!@!@ENDMSG 2221 @!@!@
@!@!@STARTMSG 2221:0 @!@!@
  line 792, col 26 to line 792, col 67 of module trash_single: 1106
@!@!@ENDMSG 2221 @!@!@
@!@!@STARTMSG 2221:0 @!@!@
  line 793, col 26 to line 801, col 45 of module trash_single: 1106
@!@!@ENDMSG 2221 @!@!@
@!@!@STARTMSG 2772:0 @!@!@
<ServerNextIteration line 810, col 1 to line 810, col 19 of module trash_single>: 25:2620
@!@!@ENDMSG 2772 @!@!@
@!@!@STARTMSG 2221:0 @!@!@
  line 810, col 27 to line 810, col 60 of module trash_single: 7823
@!@!@ENDMSG 2221 @!@!@
@!@!@STARTMSG 2221:0 @!@!@
  |line 810, col 27 to line 810, col 36 of module trash_single: 5203
@!@!@ENDMSG 2221 @!@!@
@!@!@STARTMSG 2221:0 @!@!@
  line 811, col 27 to line 811, col 76 of module trash_single: 2620
@!@!@ENDMSG 2221 @!@!@
@!@!@STARTMSG 2221:0 @!@!@
  line 812, col 27 to line 820, col 73 of module trash_single: 2620
@!@!@ENDMSG 2221 @!@!@
@!@!@STARTMSG 2772:0 @!@!@
<ServerAwaitRequest line 822, col 1 to line 822, col 18 of module trash_single>: 17:20
@!@!@ENDMSG 2772 @!@!@
@!@!@STARTMSG 2221:0 @!@!@
  line 822, col 26 to line 822, col 58 of module trash_single: 5223
@!@!@ENDMSG 2221 @!@!@
@!@!@STARTMSG 2221:0 @!@!@
  |line 822, col 26 to line 822, col 35 of module trash_single: 5203
@!@!@ENDMSG 2221 @!@!@
@!@!@STARTMSG 2221:0 @!@!@
  line 823, col 26 to line 823, col 47 of module trash_single: 2603
@!@!@ENDMSG 2221 @!@!@
@!@!@STARTMSG 2221:0 @!@!@
  |line 823, col 26 to line 823, col 39 of module trash_single: 2583
@!@!@ENDMSG 2221 @!@!@
@!@!@STARTMSG 2221:0 @!@!@
  |line 823, col 44 to line 823, col 47 of module trash_single: 2583
@!@!@ENDMSG 2221 @!@!@
@!@!@STARTMSG 2221:0 @!@!@
  line 824, col 26 to line 824, col 52 of module trash_single: 20
@!@!@ENDMSG 2221 @!@!@
@!@!@STARTMSG 2221:0 @!@!@
  line 825, col 26 to line 825, col 63 of module trash_single: 20
@!@!@ENDMSG 2221 @!@!@
@!@!@STARTMSG 2221:0 @!@!@
  line 827, col 31 to line 827, col 118 of module trash_single: 20
@!@!@ENDMSG 2221 @!@!@
@!@!@STARTMSG 2221:0 @!@!@
  line 828, col 34 to line 828, col 38 of module trash_single: 20
@!@!@ENDMSG 2221 @!@!@
@!@!@STARTMSG 2221:0 @!@!@
  line 829, col 39 to line 829, col 88 of module trash_single: 20
@!@!@ENDMSG 2221 @!@!@
@!@!@STARTMSG 2221:0 @!@!@
  line 831, col 42 to line 831, col 62 of module trash_single: 0
@!@!@ENDMSG 2221 @!@!@
@!@!@STARTMSG 2221:0 @!@!@
  line 826, col 39 to line 826, col 58 of module trash_single: 20
@!@!@ENDMSG 2221 @!@!@
@!@!@STARTMSG 2221:0 @!@!@
  line 832, col 26 to line 832, col 76 of module trash_single: 20
@!@!@ENDMSG 2221 @!@!@
@!@!@STARTMSG 2221:0 @!@!@
  line 833, col 26 to line 839, col 77 of module trash_single: 20
@!@!@ENDMSG 2221 @!@!@
@!@!@STARTMSG 2772:0 @!@!@
<TruckStart line 843, col 1 to line 843, col 16 of module trash_single>: 710:2636
@!@!@ENDMSG 2772 @!@!@
@!@!@STARTMSG 2221:0 @!@!@
  line 843, col 24 to line 843, col 46 of module trash_single: 7839
@!@!@ENDMSG 2221 @!@!@
@!@!@STARTMSG 2221:0 @!@!@
  |line 843, col 24 to line 843, col 31 of module trash_single: 5203
@!@!@ENDMSG 2221 @!@!@
@!@!@STARTMSG 2221:0 @!@!@
  line 844, col 24 to line 844, col 64 of module trash_single: 2636
@!@!@ENDMSG 2221 @!@!@
@!@!@STARTMSG 2221:0 @!@!@
  line 845, col 24 to line 852, col 80 of module trash_single: 2636
@!@!@ENDMSG 2221 @!@!@
@!@!@STARTMSG 2772:0 @!@!@
<ReadCommand line 854, col 1 to line 854, col 17 of module trash_single>: 1:2
@!@!@ENDMSG 2772 @!@!@
@!@!@STARTMSG 2221:0 @!@!@
  line 854, col 25 to line 854, col 48 of module trash_single: 5205
@!@!@ENDMSG 2221 @!@!@
@!@!@STARTMSG 2221:0 @!@!@
  |line 854, col 25 to line 854, col 32 of module trash_single: 5203
@!@!@ENDMSG 2221 @!@!@
@!@!@STARTMSG 2221:0 @!@!@
  line 855, col 25 to line 855, col 45 of module trash_single: 2569
@!@!@ENDMSG 2221 @!@!@
@!@!@STARTMSG 2221:0 @!@!@
  |line 855, col 25 to line 855, col 37 of module trash_single: 2567
@!@!@ENDMSG 2221 @!@!@
@!@!@STARTMSG 2221:0 @!@!@
  |line 855, col 42 to line 855, col 45 of module trash_single: 2567
@!@!@ENDMSG 2221 @!@!@
@!@!@STARTMSG 2221:0 @!@!@
  line 856, col 25 to line 856, col 81 of module trash_single: 2
@!@!@ENDMSG 2221 @!@!@
@!@!@STARTMSG 2221:0 @!@!@
  line 857, col 25 to line 857, col 60 of module trash_single: 2
@!@!@ENDMSG 2221 @!@!@
@!@!@STARTMSG 2221:0 @!@!@
  line 858, col 25 to line 858, col 61 of module trash_single: 2
@!@!@ENDMSG 2221 @!@!@
@!@!@STARTMSG 2221:0 @!@!@
  line 859, col 25 to line 866, col 62 of module trash_single: 2
@!@!@ENDMSG 2221 @!@!@
@!@!@STARTMSG 2772:0 @!@!@
<Execute line 868, col 1 to line 868, col 13 of module trash_single>: 0:0
@!@!@ENDMSG 2772 @!@!@
@!@!@STARTMSG 2221:0 @!@!@
  line 868, col 21 to line 868, col 40 of module trash_single: 5203
@!@!@ENDMSG 2221 @!@!@
@!@!@STARTMSG 2221:0 @!@!@
  line 870, col 21 to line 870, col 55 of module trash_single: 0
@!@!@ENDMSG 2221 @!@!@
@!@!@STARTMSG 2221:0 @!@!@
  line 871, col 21 to line 871, col 62 of module trash_single: 0
@!@!@ENDMSG 2221 @!@!@
@!@!@STARTMSG 2221:0 @!@!@
  line 872, col 21 to line 878, col 77 of module trash_single: 0
@!@!@ENDMSG 2221 @!@!@
@!@!@STARTMSG 2772:0 @!@!@
<WaitBinTruck line 880, col 1 to line 880, col 18 of module trash_single>: 0:0
@!@!@ENDMSG 2772 @!@!@
@!@!@STARTMSG 2221:0 @!@!@
  line 880, col 26 to line 880, col 50 of module trash_single: 5203
@!@!@ENDMSG 2221 @!@!@
@!@!@STARTMSG 2221:0 @!@!@
  line 882, col 26 to line 882, col 42 of module trash_single: 0
@!@!@ENDMSG 2221 @!@!@
@!@!@STARTMSG 2221:0 @!@!@
  line 883, col 26 to line 883, col 65 of module trash_single: 0
@!@!@ENDMSG 2221 @!@!@
@!@!@STARTMSG 2221:0 @!@!@
  line 884, col 26 to line 892, col 60 of module trash_single: 0
@!@!@ENDMSG 2221 @!@!@
@!@!@STARTMSG 2772:0 @!@!@
<ControlStart line 897, col 1 to line 897, col 12 of module trash_single>: 43:169
@!@!@ENDMSG 2772 @!@!@
@!@!@STARTMSG 2221:0 @!@!@
  line 897, col 20 to line 897, col 47 of module trash_single: 5372
@!@!@ENDMSG 2221 @!@!@
@!@!@STARTMSG 2221:0 @!@!@
  |line 897, col 20 to line 897, col 30 of module trash_single: 5203
@!@!@ENDMSG 2221 @!@!@
@!@!@STARTMSG 2221:0 @!@!@
  line 898, col 20 to line 898, col 60 of module trash_single: 169
@!@!@ENDMSG 2221 @!@!@
@!@!@STARTMSG 2221:0 @!@!@
  line 899, col 20 to line 906, col 45 of module trash_single: 169
@!@!@ENDMSG 2221 @!@!@
@!@!@STARTMSG 2772:0 @!@!@
<ReadCard line 908, col 1 to line 908, col 8 of module trash_single>: 34:40
@!@!@ENDMSG 2772 @!@!@
@!@!@STARTMSG 2221:0 @!@!@
  line 908, col 16 to line 908, col 39 of module trash_single: 5243
@!@!@ENDMSG 2221 @!@!@
@!@!@STARTMSG 2221:0 @!@!@
  |line 908, col 16 to line 908, col 26 of module trash_single: 5203
@!@!@ENDMSG 2221 @!@!@
@!@!@STARTMSG 2221:0 @!@!@
  line 909, col 16 to line 909, col 28 of module trash_single: 206
@!@!@ENDMSG 2221 @!@!@
@!@!@STARTMSG 2221:0 @!@!@
  |line 909, col 16 to line 909, col 20 of module trash_single: 166
@!@!@ENDMSG 2221 @!@!@
@!@!@STARTMSG 2221:0 @!@!@
  |line 909, col 25 to line 909, col 28 of module trash_single: 166
@!@!@ENDMSG 2221 @!@!@
@!@!@STARTMSG 2221:0 @!@!@
  line 910, col 16 to line 910, col 34 of module trash_single: 40
@!@!@ENDMSG 2221 @!@!@
@!@!@STARTMSG 2221:0 @!@!@
  line 911, col 16 to line 911, col 35 of module trash_single: 40
@!@!@ENDMSG 2221 @!@!@
@!@!@STARTMSG 2221:0 @!@!@
  line 912, col 16 to line 912, col 57 of module trash_single: 40
@!@!@ENDMSG 2221 @!@!@
@!@!@STARTMSG 2221:0 @!@!@
  line 913, col 16 to line 919, col 44 of module trash_single: 40
@!@!@ENDMSG 2221 @!@!@
@!@!@STARTMSG 2772:0 @!@!@
<AskServer line 921, col 1 to line 921, col 9 of module trash_single>: 35:40
@!@!@ENDMSG 2772 @!@!@
@!@!@STARTMSG 2221:0 @!@!@
  line 921, col 17 to line 921, col 41 of module trash_single: 5243
@!@!@ENDMSG 2221 @!@!@
@!@!@STARTMSG 2221:0 @!@!@
  |line 921, col 17 to line 921, col 27 of module trash_single: 5203
@!@!@ENDMSG 2221 @!@!@
@!@!@STARTMSG 2221:0 @!@!@
  line 922, col 17 to line 922, col 80 of module trash_single: 40
@!@!@ENDMSG 2221 @!@!@
@!@!@STARTMSG 2221:0 @!@!@
  line 923, col 17 to line 923, col 59 of module trash_single: 40
@!@!@ENDMSG 2221 @!@!@
@!@!@STARTMSG 2221:0 @!@!@
  line 924, col 17 to line 930, col 51 of module trash_single: 40
@!@!@ENDMSG 2221 @!@!@
@!@!@STARTMSG 2772:0 @!@!@
<WaitServer line 932, col 1 to line 932, col 10 of module trash_single>: 36:51
@!@!@ENDMSG 2772 @!@!@
@!@!@STARTMSG 2221:0 @!@!@
  line 932, col 18 to line 932, col 43 of module trash_single: 5254
@!@!@ENDMSG 2221 @!@!@
@!@!@STARTMSG 2221:0 @!@!@
  |line 932, col 18 to line 932, col 28 of module trash_single: 5203
@!@!@ENDMSG 2221 @!@!@
@!@!@STARTMSG 2221:0 @!@!@
  line 933, col 18 to line 933, col 40 of module trash_single: 147
@!@!@ENDMSG 2221 @!@!@
@!@!@STARTMSG 2221:0 @!@!@
  |line 933, col 18 to line 933, col 32 of module trash_single: 96
@!@!@ENDMSG 2221 @!@!@
@!@!@STARTMSG 2221:0 @!@!@
  |line 933, col 37 to line 933, col 40 of module trash_single: 96
@!@!@ENDMSG 2221 @!@!@
@!@!@STARTMSG 2221:0 @!@!@
  line 934, col 18 to line 934, col 46 of module trash_single: 51
@!@!@ENDMSG 2221 @!@!@
@!@!@STARTMSG 2221:0 @!@!@
  line 935, col 18 to line 935, col 57 of module trash_single: 51
@!@!@ENDMSG 2221 @!@!@
@!@!@STARTMSG 2221:0 @!@!@
  line 936, col 18 to line 936, col 59 of module trash_single: 51
@!@!@ENDMSG 2221 @!@!@
@!@!@STARTMSG 2221:0 @!@!@
  line 937, col 18 to line 943, col 46 of module trash_single: 51
@!@!@ENDMSG 2221 @!@!@
@!@!@STARTMSG 2772:0 @!@!@
<CheckPerm line 945, col 1 to line 945, col 9 of module trash_single>: 34:42
@!@!@ENDMSG 2772 @!@!@
@!@!@STARTMSG 2221:0 @!@!@
  line 945, col 17 to line 945, col 41 of module trash_single: 5245
@!@!@ENDMSG 2221 @!@!@
@!@!@STARTMSG 2221:0 @!@!@
  |line 945, col 17 to line 945, col 27 of module trash_single: 5203
@!@!@ENDMSG 2221 @!@!@
@!@!@STARTMSG 2221:0 @!@!@
  line 946, col 20 to line 946, col 35 of module trash_single: 42
@!@!@ENDMSG 2221 @!@!@
@!@!@STARTMSG 2221:0 @!@!@
  line 947, col 28 to line 947, col 70 of module trash_single: 0
@!@!@ENDMSG 2221 @!@!@
@!@!@STARTMSG 2221:0 @!@!@
  line 948, col 25 to line 948, col 69 of module trash_single: 42
@!@!@ENDMSG 2221 @!@!@
@!@!@STARTMSG 2221:0 @!@!@
  line 949, col 17 to line 955, col 73 of module trash_single: 42
@!@!@ENDMSG 2221 @!@!@
@!@!@STARTMSG 2772:0 @!@!@
<ForbidUser line 957, col 1 to line 957, col 10 of module trash_single>: 0:0
@!@!@ENDMSG 2772 @!@!@
@!@!@STARTMSG 2221:0 @!@!@
  line 957, col 18 to line 957, col 43 of module trash_single: 5203
@!@!@ENDMSG 2221 @!@!@
@!@!@STARTMSG 2221:0 @!@!@
  line 958, col 18 to line 958, col 122 of module trash_single: 0
@!@!@ENDMSG 2221 @!@!@
@!@!@STARTMSG 2221:0 @!@!@
  line 959, col 18 to line 959, col 62 of module trash_single: 0
@!@!@ENDMSG 2221 @!@!@
@!@!@STARTMSG 2221:0 @!@!@
  line 960, col 18 to line 966, col 52 of module trash_single: 0
@!@!@ENDMSG 2221 @!@!@
@!@!@STARTMSG 2772:0 @!@!@
<AllowUser line 968, col 1 to line 968, col 9 of module trash_single>: 33:44
@!@!@ENDMSG 2772 @!@!@
@!@!@STARTMSG 2221:0 @!@!@
  line 968, col 17 to line 968, col 41 of module trash_single: 5247
@!@!@ENDMSG 2221 @!@!@
@!@!@STARTMSG 2221:0 @!@!@
  |line 968, col 17 to line 968, col 27 of module trash_single: 5203
@!@!@ENDMSG 2221 @!@!@
@!@!@STARTMSG 2221:0 @!@!@
  line 969, col 17 to line 969, col 78 of module trash_single: 44
@!@!@ENDMSG 2221 @!@!@
@!@!@STARTMSG 2221:0 @!@!@
  line 970, col 17 to line 970, col 57 of module trash_single: 44
@!@!@ENDMSG 2221 @!@!@
@!@!@STARTMSG 2221:0 @!@!@
  line 971, col 17 to line 977, col 51 of module trash_single: 44
@!@!@ENDMSG 2221 @!@!@
@!@!@STARTMSG 2772:0 @!@!@
<WaitBin1 line 979, col 1 to line 979, col 8 of module trash_single>: 32:40
@!@!@ENDMSG 2772 @!@!@
@!@!@STARTMSG 2221:0 @!@!@
  line 979, col 16 to line 979, col 39 of module trash_single: 5243
@!@!@ENDMSG 2221 @!@!@
@!@!@STARTMSG 2221:0 @!@!@
  |line 979, col 16 to line 979, col 26 of module trash_single: 5203
@!@!@ENDMSG 2221 @!@!@
@!@!@STARTMSG 2221:0 @!@!@
  line 980, col 16 to line 980, col 46 of module trash_single: 160
@!@!@ENDMSG 2221 @!@!@
@!@!@STARTMSG 2221:0 @!@!@
  |line 980, col 16 to line 980, col 33 of module trash_single: 120
@!@!@ENDMSG 2221 @!@!@
@!@!@STARTMSG 2221:0 @!@!@
  line 981, col 16 to line 981, col 120 of module trash_single: 40
@!@!@ENDMSG 2221 @!@!@
@!@!@STARTMSG 2221:0 @!@!@
  line 982, col 16 to line 982, col 62 of module trash_single: 40
@!@!@ENDMSG 2221 @!@!@
@!@!@STARTMSG 2221:0 @!@!@
  line 983, col 16 to line 989, col 50 of module trash_single: 40
@!@!@ENDMSG 2221 @!@!@
@!@!@STARTMSG 2772:0 @!@!@
<WaitDoorClosed line 991, col 1 to line 991, col 14 of module trash_single>: 43:386
@!@!@ENDMSG 2772 @!@!@
@!@!@STARTMSG 2221:0 @!@!@
  line 991, col 22 to line 991, col 51 of module trash_single: 5589
@!@!@ENDMSG 2221 @!@!@
@!@!@STARTMSG 2221:0 @!@!@
  |line 991, col 22 to line 991, col 32 of module trash_single: 5203
@!@!@ENDMSG 2221 @!@!@
@!@!@STARTMSG 2221:0 @!@!@
  line 992, col 22 to line 992, col 59 of module trash_single: 1100
@!@!@ENDMSG 2221 @!@!@
@!@!@STARTMSG 2221:0 @!@!@
  |line 992, col 22 to line 992, col 37 of module trash_single: 714
@!@!@ENDMSG 2221 @!@!@
@!@!@STARTMSG 2221:0 @!@!@
  line 993, col 22 to line 993, col 70 of module trash_single: 386
@!@!@ENDMSG 2221 @!@!@
@!@!@STARTMSG 2221:0 @!@!@
  line 994, col 22 to line 994, col 62 of module trash_single: 386
@!@!@ENDMSG 2221 @!@!@
@!@!@STARTMSG 2221:0 @!@!@
  line 995, col 22 to line 1001, col 78 of module trash_single: 386
@!@!@ENDMSG 2221 @!@!@
@!@!@STARTMSG 2772:0 @!@!@
<LockDoor line 1003, col 1 to line 1003, col 8 of module trash_single>: 79:320
@!@!@ENDMSG 2772 @!@!@
@!@!@STARTMSG 2221:0 @!@!@
  line 1003, col 16 to line 1003, col 39 of module trash_single: 5523
@!@!@ENDMSG 2221 @!@!@
@!@!@STARTMSG 2221:0 @!@!@
  |line 1003, col 16 to line 1003, col 26 of module trash_single: 5203
@!@!@ENDMSG 2221 @!@!@
@!@!@STARTMSG 2221:0 @!@!@
  line 1004, col 16 to line 1004, col 46 of module trash_single: 680
@!@!@ENDMSG 2221 @!@!@
@!@!@STARTMSG 2221:0 @!@!@
  |line 1004, col 16 to line 1004, col 33 of module trash_single: 360
@!@!@ENDMSG 2221 @!@!@
@!@!@STARTMSG 2221:0 @!@!@
  line 1005, col 16 to line 1005, col 78 of module trash_single: 320
@!@!@ENDMSG 2221 @!@!@
@!@!@STARTMSG 2221:0 @!@!@
  line 1006, col 16 to line 1006, col 52 of module trash_single: 320
@!@!@ENDMSG 2221 @!@!@
@!@!@STARTMSG 2221:0 @!@!@
  line 1007, col 16 to line 1013, col 50 of module trash_single: 320
@!@!@ENDMSG 2221 @!@!@
@!@!@STARTMSG 2772:0 @!@!@
<Trap line 1015, col 1 to line 1015, col 4 of module trash_single>: 96:320
@!@!@ENDMSG 2772 @!@!@
@!@!@STARTMSG 2221:0 @!@!@
  line 1015, col 12 to line 1015, col 31 of module trash_single: 5523
@!@!@ENDMSG 2221 @!@!@
@!@!@STARTMSG 2221:0 @!@!@
  |line 1015, col 12 to line 1015, col 22 of module trash_single: 5203
@!@!@ENDMSG 2221 @!@!@
@!@!@STARTMSG 2221:0 @!@!@
  line 1016, col 12 to line 1016, col 42 of module trash_single: 1280
@!@!@ENDMSG 2221 @!@!@
@!@!@STARTMSG 2221:0 @!@!@
  |line 1016, col 12 to line 1016, col 29 of module trash_single: 960
@!@!@ENDMSG 2221 @!@!@
@!@!@STARTMSG 2221:0 @!@!@
  line 1017, col 12 to line 1017, col 72 of module trash_single: 320
@!@!@ENDMSG 2221 @!@!@
@!@!@STARTMSG 2221:0 @!@!@
  line 1018, col 12 to line 1018, col 47 of module trash_single: 320
@!@!@ENDMSG 2221 @!@!@
@!@!@STARTMSG 2221:0 @!@!@
  line 1019, col 12 to line 1025, col 46 of module trash_single: 320
@!@!@ENDMSG 2221 @!@!@
@!@!@STARTMSG 2772:0 @!@!@
<Ram line 1027, col 1 to line 1027, col 3 of module trash_single>: 86:320
@!@!@ENDMSG 2772 @!@!@
@!@!@STARTMSG 2221:0 @!@!@
  line 1027, col 11 to line 1027, col 29 of module trash_single: 5523
@!@!@ENDMSG 2221 @!@!@
@!@!@STARTMSG 2221:0 @!@!@
  |line 1027, col 11 to line 1027, col 21 of module trash_single: 5203
@!@!@ENDMSG 2221 @!@!@
@!@!@STARTMSG 2221:0 @!@!@
  line 1028, col 11 to line 1028, col 41 of module trash_single: 1289
@!@!@ENDMSG 2221 @!@!@
@!@!@STARTMSG 2221:0 @!@!@
  |line 1028, col 11 to line 1028, col 28 of module trash_single: 969
@!@!@ENDMSG 2221 @!@!@
@!@!@STARTMSG 2221:0 @!@!@
  line 1029, col 11 to line 1029, col 65 of module trash_single: 320
@!@!@ENDMSG 2221 @!@!@
@!@!@STARTMSG 2221:0 @!@!@
  line 1030, col 11 to line 1030, col 48 of module trash_single: 320
@!@!@ENDMSG 2221 @!@!@
@!@!@STARTMSG 2221:0 @!@!@
  line 1031, col 11 to line 1037, col 45 of module trash_single: 320
@!@!@ENDMSG 2221 @!@!@
@!@!@STARTMSG 2772:0 @!@!@
<UnRam line 1039, col 1 to line 1039, col 5 of module trash_single>: 49:160
@!@!@ENDMSG 2772 @!@!@
@!@!@STARTMSG 2221:0 @!@!@
  line 1039, col 13 to line 1039, col 33 of module trash_single: 5363
@!@!@ENDMSG 2221 @!@!@
@!@!@STARTMSG 2221:0 @!@!@
  |line 1039, col 13 to line 1039, col 23 of module trash_single: 5203
@!@!@ENDMSG 2221 @!@!@
@!@!@STARTMSG 2221:0 @!@!@
  line 1040, col 13 to line 1040, col 43 of module trash_single: 800
@!@!@ENDMSG 2221 @!@!@
@!@!@STARTMSG 2221:0 @!@!@
  |line 1040, col 13 to line 1040, col 30 of module trash_single: 640
@!@!@ENDMSG 2221 @!@!@
@!@!@STARTMSG 2221:0 @!@!@
  line 1041, col 13 to line 1041, col 68 of module trash_single: 160
@!@!@ENDMSG 2221 @!@!@
@!@!@STARTMSG 2221:0 @!@!@
  line 1042, col 13 to line 1042, col 51 of module trash_single: 160
@!@!@ENDMSG 2221 @!@!@
@!@!@STARTMSG 2221:0 @!@!@
  line 1043, col 13 to line 1049, col 47 of module trash_single: 160
@!@!@ENDMSG 2221 @!@!@
@!@!@STARTMSG 2772:0 @!@!@
<UnTrap line 1051, col 1 to line 1051, col 6 of module trash_single>: 49:148
@!@!@ENDMSG 2772 @!@!@
@!@!@STARTMSG 2221:0 @!@!@
  line 1051, col 14 to line 1051, col 35 of module trash_single: 5351
@!@!@ENDMSG 2221 @!@!@
@!@!@STARTMSG 2221:0 @!@!@
  |line 1051, col 14 to line 1051, col 24 of module trash_single: 5203
@!@!@ENDMSG 2221 @!@!@
@!@!@STARTMSG 2221:0 @!@!@
  line 1052, col 14 to line 1052, col 44 of module trash_single: 612
@!@!@ENDMSG 2221 @!@!@
@!@!@STARTMSG 2221:0 @!@!@
  |line 1052, col 14 to line 1052, col 31 of module trash_single: 464
@!@!@ENDMSG 2221 @!@!@
@!@!@STARTMSG 2221:0 @!@!@
  line 1053, col 14 to line 1053, col 75 of module trash_single: 148
@!@!@ENDMSG 2221 @!@!@
@!@!@STARTMSG 2221:0 @!@!@
  line 1054, col 14 to line 1054, col 51 of module trash_single: 148
@!@!@ENDMSG 2221 @!@!@
@!@!@STARTMSG 2221:0 @!@!@
  line 1055, col 14 to line 1061, col 48 of module trash_single: 148
@!@!@ENDMSG 2221 @!@!@
@!@!@STARTMSG 2772:0 @!@!@
<Empty line 1063, col 1 to line 1063, col 5 of module trash_single>: 34:134
@!@!@ENDMSG 2772 @!@!@
@!@!@STARTMSG 2221:0 @!@!@
  line 1063, col 13 to line 1063, col 33 of module trash_single: 5337
@!@!@ENDMSG 2221 @!@!@
@!@!@STARTMSG 2221:0 @!@!@
  |line 1063, col 13 to line 1063, col 23 of module trash_single: 5203
@!@!@ENDMSG 2221 @!@!@
@!@!@STARTMSG 2221:0 @!@!@
  line 1064, col 13 to line 1064, col 43 of module trash_single: 548
@!@!@ENDMSG 2221 @!@!@
@!@!@STARTMSG 2221:0 @!@!@
  |line 1064, col 13 to line 1064, col 30 of module trash_single: 414
@!@!@ENDMSG 2221 @!@!@
@!@!@STARTMSG 2221:0 @!@!@
  line 1065, col 16 to line 1065, col 19 of module trash_single: 134
@!@!@ENDMSG 2221 @!@!@
@!@!@STARTMSG 2221:0 @!@!@
  line 1066, col 21 to line 1068, col 62 of module trash_single: 6
@!@!@ENDMSG 2221 @!@!@
@!@!@STARTMSG 2221:0 @!@!@
  line 1069, col 24 to line 1069, col 68 of module trash_single: 128
@!@!@ENDMSG 2221 @!@!@
@!@!@STARTMSG 2221:0 @!@!@
  line 1070, col 24 to line 1070, col 62 of module trash_single: 128
@!@!@ENDMSG 2221 @!@!@
@!@!@STARTMSG 2221:0 @!@!@
  line 1071, col 13 to line 1076, col 72 of module trash_single: 134
@!@!@ENDMSG 2221 @!@!@
@!@!@STARTMSG 2772:0 @!@!@
<WaitT2 line 1078, col 1 to line 1078, col 6 of module trash_single>: 0:0
@!@!@ENDMSG 2772 @!@!@
@!@!@STARTMSG 2221:0 @!@!@
  line 1078, col 14 to line 1078, col 35 of module trash_single: 5203
@!@!@ENDMSG 2221 @!@!@
@!@!@STARTMSG 2221:0 @!@!@
  line 1079, col 14 to line 1079, col 22 of module trash_single: 5
@!@!@ENDMSG 2221 @!@!@
@!@!@STARTMSG 2221:0 @!@!@
  line 1080, col 14 to line 1080, col 58 of module trash_single: 0
@!@!@ENDMSG 2221 @!@!@
@!@!@STARTMSG 2221:0 @!@!@
  line 1081, col 14 to line 1087, col 48 of module trash_single: 0
@!@!@ENDMSG 2221 @!@!@
@!@!@STARTMSG 2202:0 @!@!@
End of statistics.
@!@!@ENDMSG 2202 @!@!@
@!@!@STARTMSG 2200:0 @!@!@
Progress(211) at 2026-10-07 14:08:59: 13,676 states generated (138,842 s/min), 5,136 distinct states found (52,142 ds/min), 31 states left on queue.
@!@!@ENDMSG 2200 @!@!@
@!@!@STARTMSG 2199:0 @!@!@
13676 states generated, 5136 distinct states found, 31 states left on queue.
@!@!@ENDMSG 2199 @!@!@
@!@!@STARTMSG 2194:0 @!@!@
The depth of the complete state graph search is 211.
@!@!@ENDMSG 2194 @!@!@
@!@!@STARTMSG 2268:0 @!@!@
The average outdegree of the complete state graph is 1 (minimum is 0, the maximum 4 and the 95th percentile is 2).
@!@!@ENDMSG 2268 @!@!@
@!@!@STARTMSG 2186:0 @!@!@
Finished in 5919ms at (2026-10-07 14:08:59)
@!@!@ENDMSG 2186 @!@!@
