@!@!@STARTMSG 2262:0 @!@!@
TLC2 Version 2.19 of 08 August 2024 (rev: 5a47802)
@!@!@ENDMSG 2262 @!@!@
@!@!@STARTMSG 2187:0 @!@!@
Running breadth-first search Model-Checking with fp 106 and seed 2457284827181068442 with 8 workers on 16 cores with 2357MB heap and 5298MB offheap memory [pid: 37956] (Linux 7.2.7-arch1-1 amd64, AdoptOpenJDK 14.0.1 x86_64, OffHeapDiskFPSet, DiskStateQueue).
@!@!@ENDMSG 2187 @!@!@
@!@!@STARTMSG 2220:0 @!@!@
Starting SANY...
@!@!@ENDMSG 2220 @!@!@
Parsing file /home/jerzy/Documents/programming/TUE/2ix20/trash_single.toolbox/singleBin/MC.tla
Parsing file /home/jerzy/Documents/programming/TUE/2ix20/trash_single.toolbox/singleBin/trash_single.tla
Warning: symbols were renamed.
Parsing file /home/jerzy/Downloads/toolbox/plugins/org.lamport.tlatools_1.0.0.202408081326/tla2sany/StandardModules/TLC.tla
Parsing file /home/jerzy/Documents/programming/TUE/2ix20/trash_single.toolbox/singleBin/trash_data.tla
Parsing file /home/jerzy/Downloads/toolbox/plugins/org.lamport.tlatools_1.0.0.202408081326/tla2sany/StandardModules/Integers.tla
Parsing file /home/jerzy/Downloads/toolbox/plugins/org.lamport.tlatools_1.0.0.202408081326/tla2sany/StandardModules/Sequences.tla
Parsing file /home/jerzy/Downloads/toolbox/plugins/org.lamport.tlatools_1.0.0.202408081326/tla2sany/StandardModules/FiniteSets.tla
Parsing file /home/jerzy/Downloads/toolbox/plugins/org.lamport.tlatools_1.0.0.202408081326/tla2sany/StandardModules/Naturals.tla
Semantic processing of module Naturals
Semantic processing of module Integers
Semantic processing of module Sequences
Semantic processing of module FiniteSets
Semantic processing of module TLC
Semantic processing of module trash_data
Semantic processing of module trash_single
Semantic processing of module MC
@!@!@STARTMSG 2219:0 @!@!@
SANY finished.
@!@!@ENDMSG 2219 @!@!@
@!@!@STARTMSG 2185:0 @!@!@
Starting... (2026-09-30 15:19:30)
@!@!@ENDMSG 2185 @!@!@
@!@!@STARTMSG 2189:0 @!@!@
Computing initial states...
@!@!@ENDMSG 2189 @!@!@
@!@!@STARTMSG 2190:0 @!@!@
Finished computing initial states: 1 distinct state generated at 2026-09-30 15:19:31.
@!@!@ENDMSG 2190 @!@!@
@!@!@STARTMSG 2182:1 @!@!@
Evaluating an expression of the form Append(v, s) when s is not a sequence:
[command |-> "finished", open |-> FALSE]
@!@!@ENDMSG 2182 @!@!@
@!@!@STARTMSG 2121:1 @!@!@
The behavior up to this point is:
@!@!@ENDMSG 2121 @!@!@
@!@!@STARTMSG 2217:4 @!@!@
1: <Initial predicate>
/\ trapDoorOpen = FALSE
/\ binSensor = [sensor |-> "idle"]
/\ serverRequests = <<>>
/\ ramExtended = FALSE
/\ trapDestroyed = FALSE
/\ userTrash = 0
/\ pc = ( 0 :> "ControlStart" @@
  1 :> "BinWaitForCommand" @@
  2 :> "UserNextIteration" @@
  3 :> "TruckStart" @@
  4 :> "ServerNextIteration" )
/\ serverResponses = <<>>
/\ permissions = <<>>
/\ req = [user |-> 0]
/\ outerDoorLocked = TRUE
/\ scans = <<>>
/\ binCommand = [command |-> "finished", open |-> FALSE]
/\ scan = 0
/\ outerDoorOpen = FALSE
/\ truckCommand = [command |-> "emptied", bin |-> 1]
/\ perm = 0
/\ trashInTop = 0
/\ trashCompressed = 0
/\ trashUncompressed = 0
/\ perm_ = (2 :> [bin |-> 0, user |-> 0, granted |-> FALSE])
/\ trashCapacity = 100

@!@!@ENDMSG 2217 @!@!@
@!@!@STARTMSG 2217:4 @!@!@
2: <ServerNextIteration line 701, col 24 to line 710, col 57 of module trash_single>
/\ trapDoorOpen = FALSE
/\ binSensor = [sensor |-> "idle"]
/\ serverRequests = <<>>
/\ ramExtended = FALSE
/\ trapDestroyed = FALSE
/\ userTrash = 0
/\ pc = ( 0 :> "ControlStart" @@
  1 :> "BinWaitForCommand" @@
  2 :> "UserNextIteration" @@
  3 :> "TruckStart" @@
  4 :> "ServerAwaitRequest" )
/\ serverResponses = <<>>
/\ permissions = <<>>
/\ req = [user |-> 0]
/\ outerDoorLocked = TRUE
/\ scans = <<>>
/\ binCommand = [command |-> "finished", open |-> FALSE]
/\ scan = 0
/\ outerDoorOpen = FALSE
/\ truckCommand = [command |-> "emptied", bin |-> 1]
/\ perm = 0
/\ trashInTop = 0
/\ trashCompressed = 0
/\ trashUncompressed = 0
/\ perm_ = (2 :> [bin |-> 0, user |-> 0, granted |-> FALSE])
/\ trashCapacity = 100

@!@!@ENDMSG 2217 @!@!@
@!@!@STARTMSG 2217:4 @!@!@
3: <UserNextIteration line 574, col 28 to line 586, col 68 of module trash_single>
/\ trapDoorOpen = FALSE
/\ binSensor = [sensor |-> "idle"]
/\ serverRequests = <<>>
/\ ramExtended = FALSE
/\ trapDestroyed = FALSE
/\ userTrash = 0
/\ pc = ( 0 :> "ControlStart" @@
  1 :> "BinWaitForCommand" @@
  2 :> "UserNewTrash" @@
  3 :> "TruckStart" @@
  4 :> "ServerAwaitRequest" )
/\ serverResponses = <<>>
/\ permissions = <<>>
/\ req = [user |-> 0]
/\ outerDoorLocked = TRUE
/\ scans = <<>>
/\ binCommand = [command |-> "finished", open |-> FALSE]
/\ scan = 0
/\ outerDoorOpen = FALSE
/\ truckCommand = [command |-> "emptied", bin |-> 1]
/\ perm = 0
/\ trashInTop = 0
/\ trashCompressed = 0
/\ trashUncompressed = 0
/\ perm_ = (2 :> [bin |-> 0, user |-> 0, granted |-> FALSE])
/\ trashCapacity = 100

@!@!@ENDMSG 2217 @!@!@
@!@!@STARTMSG 2217:4 @!@!@
4: <UserNewTrash line 683, col 23 to line 693, col 77 of module trash_single>
/\ trapDoorOpen = FALSE
/\ binSensor = [sensor |-> "idle"]
/\ serverRequests = <<>>
/\ ramExtended = FALSE
/\ trapDestroyed = FALSE
/\ userTrash = 2
/\ pc = ( 0 :> "ControlStart" @@
  1 :> "BinWaitForCommand" @@
  2 :> "UserScanCard" @@
  3 :> "TruckStart" @@
  4 :> "ServerAwaitRequest" )
/\ serverResponses = <<>>
/\ permissions = <<>>
/\ req = [user |-> 0]
/\ outerDoorLocked = TRUE
/\ scans = <<>>
/\ binCommand = [command |-> "finished", open |-> FALSE]
/\ scan = 0
/\ outerDoorOpen = FALSE
/\ truckCommand = [command |-> "emptied", bin |-> 1]
/\ perm = 0
/\ trashInTop = 0
/\ trashCompressed = 0
/\ trashUncompressed = 0
/\ perm_ = (2 :> [bin |-> 0, user |-> 0, granted |-> FALSE])
/\ trashCapacity = 100

@!@!@ENDMSG 2217 @!@!@
@!@!@STARTMSG 2217:4 @!@!@
5: <UserScanCard line 588, col 23 to line 597, col 77 of module trash_single>
/\ trapDoorOpen = FALSE
/\ binSensor = [sensor |-> "idle"]
/\ serverRequests = <<>>
/\ ramExtended = FALSE
/\ trapDestroyed = FALSE
/\ userTrash = 2
/\ pc = ( 0 :> "ControlStart" @@
  1 :> "BinWaitForCommand" @@
  2 :> "UserAwaitScanResponse" @@
  3 :> "TruckStart" @@
  4 :> "ServerAwaitRequest" )
/\ serverResponses = <<>>
/\ permissions = <<>>
/\ req = [user |-> 0]
/\ outerDoorLocked = TRUE
/\ scans = <<[bin |-> 1, user |-> 2]>>
/\ binCommand = [command |-> "finished", open |-> FALSE]
/\ scan = 0
/\ outerDoorOpen = FALSE
/\ truckCommand = [command |-> "emptied", bin |-> 1]
/\ perm = 0
/\ trashInTop = 0
/\ trashCompressed = 0
/\ trashUncompressed = 0
/\ perm_ = (2 :> [bin |-> 0, user |-> 0, granted |-> FALSE])
/\ trashCapacity = 100

@!@!@ENDMSG 2217 @!@!@
@!@!@STARTMSG 2217:4 @!@!@
6: <ControlStart line 742, col 17 to line 755, col 45 of module trash_single>
/\ trapDoorOpen = FALSE
/\ binSensor = [sensor |-> "idle"]
/\ serverRequests = <<>>
/\ ramExtended = FALSE
/\ trapDestroyed = FALSE
/\ userTrash = 2
/\ pc = ( 0 :> "ReadCard" @@
  1 :> "BinWaitForCommand" @@
  2 :> "UserAwaitScanResponse" @@
  3 :> "TruckStart" @@
  4 :> "ServerAwaitRequest" )
/\ serverResponses = <<>>
/\ permissions = <<>>
/\ req = [user |-> 0]
/\ outerDoorLocked = TRUE
/\ scans = <<[bin |-> 1, user |-> 2]>>
/\ binCommand = [command |-> "finished", open |-> FALSE]
/\ scan = 0
/\ outerDoorOpen = FALSE
/\ truckCommand = [command |-> "emptied", bin |-> 1]
/\ perm = 0
/\ trashInTop = 0
/\ trashCompressed = 0
/\ trashUncompressed = 0
/\ perm_ = (2 :> [bin |-> 0, user |-> 0, granted |-> FALSE])
/\ trashCapacity = 100

@!@!@ENDMSG 2217 @!@!@
@!@!@STARTMSG 2217:4 @!@!@
7: <ReadCard line 757, col 13 to line 767, col 47 of module trash_single>
/\ trapDoorOpen = FALSE
/\ binSensor = [sensor |-> "idle"]
/\ serverRequests = <<>>
/\ ramExtended = FALSE
/\ trapDestroyed = FALSE
/\ userTrash = 2
/\ pc = ( 0 :> "AskServer" @@
  1 :> "BinWaitForCommand" @@
  2 :> "UserAwaitScanResponse" @@
  3 :> "TruckStart" @@
  4 :> "ServerAwaitRequest" )
/\ serverResponses = <<>>
/\ permissions = <<>>
/\ req = [user |-> 0]
/\ outerDoorLocked = TRUE
/\ scans = <<>>
/\ binCommand = [command |-> "finished", open |-> FALSE]
/\ scan = [bin |-> 1, user |-> 2]
/\ outerDoorOpen = FALSE
/\ truckCommand = [command |-> "emptied", bin |-> 1]
/\ perm = 0
/\ trashInTop = 0
/\ trashCompressed = 0
/\ trashUncompressed = 0
/\ perm_ = (2 :> [bin |-> 0, user |-> 0, granted |-> FALSE])
/\ trashCapacity = 100

@!@!@ENDMSG 2217 @!@!@
@!@!@STARTMSG 2217:4 @!@!@
8: <AskServer line 769, col 14 to line 777, col 47 of module trash_single>
/\ trapDoorOpen = FALSE
/\ binSensor = [sensor |-> "idle"]
/\ serverRequests = <<[user |-> 2]>>
/\ ramExtended = FALSE
/\ trapDestroyed = FALSE
/\ userTrash = 2
/\ pc = ( 0 :> "WaitServer" @@
  1 :> "BinWaitForCommand" @@
  2 :> "UserAwaitScanResponse" @@
  3 :> "TruckStart" @@
  4 :> "ServerAwaitRequest" )
/\ serverResponses = <<>>
/\ permissions = <<>>
/\ req = [user |-> 0]
/\ outerDoorLocked = TRUE
/\ scans = <<>>
/\ binCommand = [command |-> "finished", open |-> FALSE]
/\ scan = [bin |-> 1, user |-> 2]
/\ outerDoorOpen = FALSE
/\ truckCommand = [command |-> "emptied", bin |-> 1]
/\ perm = 0
/\ trashInTop = 0
/\ trashCompressed = 0
/\ trashUncompressed = 0
/\ perm_ = (2 :> [bin |-> 0, user |-> 0, granted |-> FALSE])
/\ trashCapacity = 100

@!@!@ENDMSG 2217 @!@!@
@!@!@STARTMSG 2217:4 @!@!@
9: <ServerAwaitRequest line 712, col 23 to line 725, col 45 of module trash_single>
/\ trapDoorOpen = FALSE
/\ binSensor = [sensor |-> "idle"]
/\ serverRequests = <<>>
/\ ramExtended = FALSE
/\ trapDestroyed = FALSE
/\ userTrash = 2
/\ pc = ( 0 :> "WaitServer" @@
  1 :> "BinWaitForCommand" @@
  2 :> "UserAwaitScanResponse" @@
  3 :> "TruckStart" @@
  4 :> "ServerNextIteration" )
/\ serverResponses = <<[user |-> 2, permission |-> TRUE]>>
/\ permissions = <<>>
/\ req = [user |-> 2]
/\ outerDoorLocked = TRUE
/\ scans = <<>>
/\ binCommand = [command |-> "finished", open |-> FALSE]
/\ scan = [bin |-> 1, user |-> 2]
/\ outerDoorOpen = FALSE
/\ truckCommand = [command |-> "emptied", bin |-> 1]
/\ perm = 0
/\ trashInTop = 0
/\ trashCompressed = 0
/\ trashUncompressed = 0
/\ perm_ = (2 :> [bin |-> 0, user |-> 0, granted |-> FALSE])
/\ trashCapacity = 100

@!@!@ENDMSG 2217 @!@!@
@!@!@STARTMSG 2217:4 @!@!@
10: <WaitServer line 779, col 15 to line 791, col 42 of module trash_single>
/\ trapDoorOpen = FALSE
/\ binSensor = [sensor |-> "idle"]
/\ serverRequests = <<>>
/\ ramExtended = FALSE
/\ trapDestroyed = FALSE
/\ userTrash = 2
/\ pc = ( 0 :> "AllowUser" @@
  1 :> "BinWaitForCommand" @@
  2 :> "UserAwaitScanResponse" @@
  3 :> "TruckStart" @@
  4 :> "ServerNextIteration" )
/\ serverResponses = <<>>
/\ permissions = <<>>
/\ req = [user |-> 2]
/\ outerDoorLocked = TRUE
/\ scans = <<>>
/\ binCommand = [command |-> "finished", open |-> FALSE]
/\ scan = [bin |-> 1, user |-> 2]
/\ outerDoorOpen = FALSE
/\ truckCommand = [command |-> "emptied", bin |-> 1]
/\ perm = [user |-> 2, permission |-> TRUE]
/\ trashInTop = 0
/\ trashCompressed = 0
/\ trashUncompressed = 0
/\ perm_ = (2 :> [bin |-> 0, user |-> 0, granted |-> FALSE])
/\ trashCapacity = 100

@!@!@ENDMSG 2217 @!@!@
@!@!@STARTMSG 2103:1 @!@!@
The error occurred when TLC was evaluating the nested
expressions at the following positions:
0. Line 803, column 14 to line 812, column 36 in trash_single
1. Line 803, column 17 to line 803, column 41 in trash_single
2. Line 804, column 17 to line 804, column 100 in trash_single
3. Line 804, column 31 to line 804, column 100 in trash_single


@!@!@ENDMSG 2103 @!@!@
@!@!@STARTMSG 2201:0 @!@!@
The coverage statistics at 2026-09-30 15:19:31
@!@!@ENDMSG 2201 @!@!@
@!@!@STARTMSG 2773:0 @!@!@
<Init line 442, col 1 to line 442, col 4 of module trash_single>: 2:2
@!@!@ENDMSG 2773 @!@!@
@!@!@STARTMSG 2221:0 @!@!@
  line 443, col 9 to line 471, col 76 of module trash_single: 2
@!@!@ENDMSG 2221 @!@!@
@!@!@STARTMSG 2772:0 @!@!@
<BinWaitForCommand line 473, col 1 to line 473, col 23 of module trash_single>: 0:0
@!@!@ENDMSG 2772 @!@!@
@!@!@STARTMSG 2221:0 @!@!@
  line 473, col 31 to line 473, col 60 of module trash_single: 1641
@!@!@ENDMSG 2221 @!@!@
@!@!@STARTMSG 2221:0 @!@!@
  line 474, col 31 to line 474, col 62 of module trash_single: 1641
@!@!@ENDMSG 2221 @!@!@
@!@!@STARTMSG 2221:0 @!@!@
  line 478, col 42 to line 478, col 73 of module trash_single: 0
@!@!@ENDMSG 2221 @!@!@
@!@!@STARTMSG 2221:0 @!@!@
  line 480, col 53 to line 480, col 97 of module trash_single: 0
@!@!@ENDMSG 2221 @!@!@
@!@!@STARTMSG 2221:0 @!@!@
  line 482, col 53 to line 482, col 71 of module trash_single: 0
@!@!@ENDMSG 2221 @!@!@
@!@!@STARTMSG 2221:0 @!@!@
  line 483, col 42 to line 488, col 70 of module trash_single: 0
@!@!@ENDMSG 2221 @!@!@
@!@!@STARTMSG 2221:0 @!@!@
  line 492, col 53 to line 492, col 89 of module trash_single: 0
@!@!@ENDMSG 2221 @!@!@
@!@!@STARTMSG 2221:0 @!@!@
  line 493, col 53 to line 498, col 81 of module trash_single: 0
@!@!@ENDMSG 2221 @!@!@
@!@!@STARTMSG 2221:0 @!@!@
  line 503, col 75 to line 503, col 95 of module trash_single: 0
@!@!@ENDMSG 2221 @!@!@
@!@!@STARTMSG 2221:0 @!@!@
  line 505, col 75 to line 505, col 97 of module trash_single: 0
@!@!@ENDMSG 2221 @!@!@
@!@!@STARTMSG 2221:0 @!@!@
  line 506, col 64 to line 506, col 94 of module trash_single: 0
@!@!@ENDMSG 2221 @!@!@
@!@!@STARTMSG 2221:0 @!@!@
  line 508, col 75 to line 508, col 125 of module trash_single: 0
@!@!@ENDMSG 2221 @!@!@
@!@!@STARTMSG 2221:0 @!@!@
  line 509, col 75 to line 509, col 89 of module trash_single: 0
@!@!@ENDMSG 2221 @!@!@
@!@!@STARTMSG 2221:0 @!@!@
  line 511, col 75 to line 512, col 107 of module trash_single: 0
@!@!@ENDMSG 2221 @!@!@
@!@!@STARTMSG 2221:0 @!@!@
  line 513, col 64 to line 514, col 94 of module trash_single: 0
@!@!@ENDMSG 2221 @!@!@
@!@!@STARTMSG 2221:0 @!@!@
  line 518, col 75 to line 518, col 104 of module trash_single: 0
@!@!@ENDMSG 2221 @!@!@
@!@!@STARTMSG 2221:0 @!@!@
  line 521, col 97 to line 521, col 117 of module trash_single: 0
@!@!@ENDMSG 2221 @!@!@
@!@!@STARTMSG 2221:0 @!@!@
  line 523, col 97 to line 523, col 119 of module trash_single: 0
@!@!@ENDMSG 2221 @!@!@
@!@!@STARTMSG 2221:0 @!@!@
  line 524, col 86 to line 524, col 203 of module trash_single: 0
@!@!@ENDMSG 2221 @!@!@
@!@!@STARTMSG 2221:0 @!@!@
  line 525, col 86 to line 525, col 107 of module trash_single: 0
@!@!@ENDMSG 2221 @!@!@
@!@!@STARTMSG 2221:0 @!@!@
  line 527, col 86 to line 529, col 114 of module trash_single: 0
@!@!@ENDMSG 2221 @!@!@
@!@!@STARTMSG 2221:0 @!@!@
  line 541, col 86 to line 541, col 105 of module trash_single: 0
@!@!@ENDMSG 2221 @!@!@
@!@!@STARTMSG 2221:0 @!@!@
  line 544, col 86 to line 544, col 110 of module trash_single: 0
@!@!@ENDMSG 2221 @!@!@
@!@!@STARTMSG 2221:0 @!@!@
  line 545, col 75 to line 547, col 103 of module trash_single: 0
@!@!@ENDMSG 2221 @!@!@
@!@!@STARTMSG 2221:0 @!@!@
  line 548, col 64 to line 549, col 89 of module trash_single: 0
@!@!@ENDMSG 2221 @!@!@
@!@!@STARTMSG 2221:0 @!@!@
  line 550, col 53 to line 550, col 77 of module trash_single: 0
@!@!@ENDMSG 2221 @!@!@
@!@!@STARTMSG 2221:0 @!@!@
  line 551, col 42 to line 551, col 81 of module trash_single: 0
@!@!@ENDMSG 2221 @!@!@
@!@!@STARTMSG 2221:0 @!@!@
  line 552, col 31 to line 552, col 78 of module trash_single: 0
@!@!@ENDMSG 2221 @!@!@
@!@!@STARTMSG 2221:0 @!@!@
  line 553, col 31 to line 557, col 50 of module trash_single: 0
@!@!@ENDMSG 2221 @!@!@
@!@!@STARTMSG 2772:0 @!@!@
<BinCommandFinished line 559, col 1 to line 559, col 24 of module trash_single>: 0:0
@!@!@ENDMSG 2772 @!@!@
@!@!@STARTMSG 2221:0 @!@!@
  line 559, col 32 to line 559, col 62 of module trash_single: 1641
@!@!@ENDMSG 2221 @!@!@
@!@!@STARTMSG 2221:0 @!@!@
  line 560, col 32 to line 560, col 87 of module trash_single: 0
@!@!@ENDMSG 2221 @!@!@
@!@!@STARTMSG 2221:0 @!@!@
  line 561, col 32 to line 561, col 78 of module trash_single: 0
@!@!@ENDMSG 2221 @!@!@
@!@!@STARTMSG 2221:0 @!@!@
  line 562, col 32 to line 570, col 51 of module trash_single: 0
@!@!@ENDMSG 2221 @!@!@
@!@!@STARTMSG 2772:0 @!@!@
<UserNextIteration line 574, col 1 to line 574, col 23 of module trash_single>: 4:5
@!@!@ENDMSG 2772 @!@!@
@!@!@STARTMSG 2221:0 @!@!@
  line 574, col 31 to line 574, col 60 of module trash_single: 1646
@!@!@ENDMSG 2221 @!@!@
@!@!@STARTMSG 2221:0 @!@!@
  |line 574, col 31 to line 574, col 38 of module trash_single: 1641
@!@!@ENDMSG 2221 @!@!@
@!@!@STARTMSG 2221:0 @!@!@
  line 575, col 34 to line 575, col 46 of module trash_single: 5
@!@!@ENDMSG 2221 @!@!@
@!@!@STARTMSG 2221:0 @!@!@
  line 576, col 39 to line 576, col 83 of module trash_single: 5
@!@!@ENDMSG 2221 @!@!@
@!@!@STARTMSG 2221:0 @!@!@
  line 577, col 42 to line 577, col 83 of module trash_single: 0
@!@!@ENDMSG 2221 @!@!@
@!@!@STARTMSG 2221:0 @!@!@
  line 578, col 31 to line 586, col 68 of module trash_single: 5
@!@!@ENDMSG 2221 @!@!@
@!@!@STARTMSG 2772:0 @!@!@
<UserScanCard line 588, col 1 to line 588, col 18 of module trash_single>: 316:321
@!@!@ENDMSG 2772 @!@!@
@!@!@STARTMSG 2221:0 @!@!@
  line 588, col 26 to line 588, col 50 of module trash_single: 1961
@!@!@ENDMSG 2221 @!@!@
@!@!@STARTMSG 2221:0 @!@!@
  |line 588, col 26 to line 588, col 33 of module trash_single: 1640
@!@!@ENDMSG 2221 @!@!@
@!@!@STARTMSG 2221:0 @!@!@
  line 589, col 26 to line 589, col 77 of module trash_single: 321
@!@!@ENDMSG 2221 @!@!@
@!@!@STARTMSG 2221:0 @!@!@
  line 590, col 26 to line 590, col 76 of module trash_single: 321
@!@!@ENDMSG 2221 @!@!@
@!@!@STARTMSG 2221:0 @!@!@
  line 591, col 26 to line 597, col 77 of module trash_single: 321
@!@!@ENDMSG 2221 @!@!@
@!@!@STARTMSG 2772:0 @!@!@
<UserAwaitScanResponse line 599, col 1 to line 599, col 27 of module trash_single>: 0:0
@!@!@ENDMSG 2772 @!@!@
@!@!@STARTMSG 2221:0 @!@!@
  line 599, col 35 to line 599, col 68 of module trash_single: 1639
@!@!@ENDMSG 2221 @!@!@
@!@!@STARTMSG 2221:0 @!@!@
  line 600, col 35 to line 600, col 53 of module trash_single: 1310
@!@!@ENDMSG 2221 @!@!@
@!@!@STARTMSG 2221:0 @!@!@
  line 601, col 35 to line 601, col 85 of module trash_single: 0
@!@!@ENDMSG 2221 @!@!@
@!@!@STARTMSG 2221:0 @!@!@
  line 602, col 35 to line 602, col 66 of module trash_single: 0
@!@!@ENDMSG 2221 @!@!@
@!@!@STARTMSG 2221:0 @!@!@
  line 608, col 46 to line 608, col 87 of module trash_single: 0
@!@!@ENDMSG 2221 @!@!@
@!@!@STARTMSG 2221:0 @!@!@
  line 609, col 46 to line 609, col 92 of module trash_single: 0
@!@!@ENDMSG 2221 @!@!@
@!@!@STARTMSG 2221:0 @!@!@
  line 610, col 35 to line 618, col 79 of module trash_single: 0
@!@!@ENDMSG 2221 @!@!@
@!@!@STARTMSG 2772:0 @!@!@
<UserOpenDoor line 620, col 1 to line 620, col 18 of module trash_single>: 0:0
@!@!@ENDMSG 2772 @!@!@
@!@!@STARTMSG 2221:0 @!@!@
  line 620, col 26 to line 620, col 50 of module trash_single: 1639
@!@!@ENDMSG 2221 @!@!@
@!@!@STARTMSG 2221:0 @!@!@
  line 621, col 26 to line 621, col 87 of module trash_single: 0
@!@!@ENDMSG 2221 @!@!@
@!@!@STARTMSG 2221:0 @!@!@
  line 622, col 26 to line 622, col 72 of module trash_single: 0
@!@!@ENDMSG 2221 @!@!@
@!@!@STARTMSG 2221:0 @!@!@
  line 623, col 26 to line 629, col 77 of module trash_single: 0
@!@!@ENDMSG 2221 @!@!@
@!@!@STARTMSG 2772:0 @!@!@
<UserAwaitOpenDoor line 631, col 1 to line 631, col 23 of module trash_single>: 0:0
@!@!@ENDMSG 2772 @!@!@
@!@!@STARTMSG 2221:0 @!@!@
  line 631, col 31 to line 631, col 60 of module trash_single: 1639
@!@!@ENDMSG 2221 @!@!@
@!@!@STARTMSG 2221:0 @!@!@
  line 633, col 31 to line 633, col 76 of module trash_single: 0
@!@!@ENDMSG 2221 @!@!@
@!@!@STARTMSG 2221:0 @!@!@
  line 634, col 31 to line 642, col 68 of module trash_single: 0
@!@!@ENDMSG 2221 @!@!@
@!@!@STARTMSG 2772:0 @!@!@
<UserDepositTrash line 644, col 1 to line 644, col 22 of module trash_single>: 0:0
@!@!@ENDMSG 2772 @!@!@
@!@!@STARTMSG 2221:0 @!@!@
  line 644, col 30 to line 644, col 58 of module trash_single: 1639
@!@!@ENDMSG 2221 @!@!@
@!@!@STARTMSG 2221:0 @!@!@
  line 647, col 30 to line 647, col 52 of module trash_single: 0
@!@!@ENDMSG 2221 @!@!@
@!@!@STARTMSG 2221:0 @!@!@
  line 648, col 30 to line 648, col 43 of module trash_single: 0
@!@!@ENDMSG 2221 @!@!@
@!@!@STARTMSG 2221:0 @!@!@
  line 649, col 30 to line 649, col 72 of module trash_single: 0
@!@!@ENDMSG 2221 @!@!@
@!@!@STARTMSG 2221:0 @!@!@
  line 650, col 30 to line 657, col 60 of module trash_single: 0
@!@!@ENDMSG 2221 @!@!@
@!@!@STARTMSG 2772:0 @!@!@
<UserCloseDoor line 659, col 1 to line 659, col 19 of module trash_single>: 0:0
@!@!@ENDMSG 2772 @!@!@
@!@!@STARTMSG 2221:0 @!@!@
  line 659, col 27 to line 659, col 52 of module trash_single: 1639
@!@!@ENDMSG 2221 @!@!@
@!@!@STARTMSG 2221:0 @!@!@
  line 660, col 27 to line 660, col 89 of module trash_single: 0
@!@!@ENDMSG 2221 @!@!@
@!@!@STARTMSG 2221:0 @!@!@
  line 661, col 27 to line 661, col 75 of module trash_single: 0
@!@!@ENDMSG 2221 @!@!@
@!@!@STARTMSG 2221:0 @!@!@
  line 662, col 27 to line 668, col 78 of module trash_single: 0
@!@!@ENDMSG 2221 @!@!@
@!@!@STARTMSG 2772:0 @!@!@
<UserAwaitClosedDoor line 670, col 1 to line 670, col 25 of module trash_single>: 0:0
@!@!@ENDMSG 2772 @!@!@
@!@!@STARTMSG 2221:0 @!@!@
  line 670, col 33 to line 670, col 64 of module trash_single: 1639
@!@!@ENDMSG 2221 @!@!@
@!@!@STARTMSG 2221:0 @!@!@
  line 672, col 33 to line 672, col 79 of module trash_single: 0
@!@!@ENDMSG 2221 @!@!@
@!@!@STARTMSG 2221:0 @!@!@
  line 673, col 33 to line 681, col 70 of module trash_single: 0
@!@!@ENDMSG 2221 @!@!@
@!@!@STARTMSG 2772:0 @!@!@
<UserNewTrash line 683, col 1 to line 683, col 18 of module trash_single>: 317:400
@!@!@ENDMSG 2772 @!@!@
@!@!@STARTMSG 2221:0 @!@!@
  line 683, col 26 to line 683, col 50 of module trash_single: 1644
@!@!@ENDMSG 2221 @!@!@
@!@!@STARTMSG 2221:0 @!@!@
  |line 683, col 26 to line 683, col 33 of module trash_single: 1639
@!@!@ENDMSG 2221 @!@!@
@!@!@STARTMSG 2221:0 @!@!@
  line 685, col 28 to line 685, col 43 of module trash_single: 400
@!@!@ENDMSG 2221 @!@!@
@!@!@STARTMSG 2221:0 @!@!@
  line 684, col 37 to line 684, col 51 of module trash_single: 5
@!@!@ENDMSG 2221 @!@!@
@!@!@STARTMSG 2221:0 @!@!@
  line 686, col 26 to line 686, col 67 of module trash_single: 400
@!@!@ENDMSG 2221 @!@!@
@!@!@STARTMSG 2221:0 @!@!@
  line 687, col 26 to line 693, col 77 of module trash_single: 400
@!@!@ENDMSG 2221 @!@!@
@!@!@STARTMSG 2772:0 @!@!@
<ServerNextIteration line 701, col 1 to line 701, col 19 of module trash_single>: 31:837
@!@!@ENDMSG 2772 @!@!@
@!@!@STARTMSG 2221:0 @!@!@
  line 701, col 27 to line 701, col 60 of module trash_single: 2493
@!@!@ENDMSG 2221 @!@!@
@!@!@STARTMSG 2221:0 @!@!@
  |line 701, col 27 to line 701, col 36 of module trash_single: 1656
@!@!@ENDMSG 2221 @!@!@
@!@!@STARTMSG 2221:0 @!@!@
  line 702, col 27 to line 702, col 76 of module trash_single: 837
@!@!@ENDMSG 2221 @!@!@
@!@!@STARTMSG 2221:0 @!@!@
  line 703, col 27 to line 710, col 57 of module trash_single: 837
@!@!@ENDMSG 2221 @!@!@
@!@!@STARTMSG 2772:0 @!@!@
<ServerAwaitRequest line 712, col 1 to line 712, col 18 of module trash_single>: 160:161
@!@!@ENDMSG 2772 @!@!@
@!@!@STARTMSG 2221:0 @!@!@
  line 712, col 26 to line 712, col 58 of module trash_single: 1816
@!@!@ENDMSG 2221 @!@!@
@!@!@STARTMSG 2221:0 @!@!@
  |line 712, col 26 to line 712, col 35 of module trash_single: 1655
@!@!@ENDMSG 2221 @!@!@
@!@!@STARTMSG 2221:0 @!@!@
  line 713, col 26 to line 713, col 47 of module trash_single: 980
@!@!@ENDMSG 2221 @!@!@
@!@!@STARTMSG 2221:0 @!@!@
  |line 713, col 26 to line 713, col 39 of module trash_single: 819
@!@!@ENDMSG 2221 @!@!@
@!@!@STARTMSG 2221:0 @!@!@
  |line 713, col 44 to line 713, col 47 of module trash_single: 819
@!@!@ENDMSG 2221 @!@!@
@!@!@STARTMSG 2221:0 @!@!@
  line 714, col 26 to line 714, col 52 of module trash_single: 161
@!@!@ENDMSG 2221 @!@!@
@!@!@STARTMSG 2221:0 @!@!@
  line 715, col 26 to line 715, col 63 of module trash_single: 161
@!@!@ENDMSG 2221 @!@!@
@!@!@STARTMSG 2221:0 @!@!@
  line 716, col 26 to line 717, col 115 of module trash_single: 161
@!@!@ENDMSG 2221 @!@!@
@!@!@STARTMSG 2221:0 @!@!@
  line 718, col 26 to line 718, col 76 of module trash_single: 161
@!@!@ENDMSG 2221 @!@!@
@!@!@STARTMSG 2221:0 @!@!@
  line 719, col 26 to line 725, col 45 of module trash_single: 161
@!@!@ENDMSG 2221 @!@!@
@!@!@STARTMSG 2772:0 @!@!@
<TruckStart line 729, col 1 to line 729, col 16 of module trash_single>: 16:825
@!@!@ENDMSG 2772 @!@!@
@!@!@STARTMSG 2221:0 @!@!@
  line 729, col 24 to line 729, col 46 of module trash_single: 2463
@!@!@ENDMSG 2221 @!@!@
@!@!@STARTMSG 2221:0 @!@!@
  |line 729, col 24 to line 729, col 31 of module trash_single: 1638
@!@!@ENDMSG 2221 @!@!@
@!@!@STARTMSG 2221:0 @!@!@
  line 730, col 24 to line 730, col 27 of module trash_single: 825
@!@!@ENDMSG 2221 @!@!@
@!@!@STARTMSG 2221:0 @!@!@
  line 731, col 24 to line 731, col 57 of module trash_single: 825
@!@!@ENDMSG 2221 @!@!@
@!@!@STARTMSG 2221:0 @!@!@
  line 732, col 24 to line 738, col 75 of module trash_single: 825
@!@!@ENDMSG 2221 @!@!@
@!@!@STARTMSG 2772:0 @!@!@
<ControlStart line 742, col 1 to line 742, col 12 of module trash_single>: 316:652
@!@!@ENDMSG 2772 @!@!@
@!@!@STARTMSG 2221:0 @!@!@
  line 742, col 20 to line 742, col 47 of module trash_single: 2306
@!@!@ENDMSG 2221 @!@!@
@!@!@STARTMSG 2221:0 @!@!@
  |line 742, col 20 to line 742, col 30 of module trash_single: 1654
@!@!@ENDMSG 2221 @!@!@
@!@!@STARTMSG 2221:0 @!@!@
  line 743, col 23 to line 743, col 34 of module trash_single: 652
@!@!@ENDMSG 2221 @!@!@
@!@!@STARTMSG 2221:0 @!@!@
  line 744, col 28 to line 744, col 71 of module trash_single: 321
@!@!@ENDMSG 2221 @!@!@
@!@!@STARTMSG 2221:0 @!@!@
  line 745, col 28 to line 748, col 75 of module trash_single: 331
@!@!@ENDMSG 2221 @!@!@
@!@!@STARTMSG 2221:0 @!@!@
  line 749, col 20 to line 755, col 45 of module trash_single: 652
@!@!@ENDMSG 2221 @!@!@
@!@!@STARTMSG 2772:0 @!@!@
<ReadCard line 757, col 1 to line 757, col 8 of module trash_single>: 318:321
@!@!@ENDMSG 2772 @!@!@
@!@!@STARTMSG 2221:0 @!@!@
  line 757, col 16 to line 757, col 39 of module trash_single: 1974
@!@!@ENDMSG 2221 @!@!@
@!@!@STARTMSG 2221:0 @!@!@
  |line 757, col 16 to line 757, col 26 of module trash_single: 1653
@!@!@ENDMSG 2221 @!@!@
@!@!@STARTMSG 2221:0 @!@!@
  line 758, col 16 to line 758, col 28 of module trash_single: 642
@!@!@ENDMSG 2221 @!@!@
@!@!@STARTMSG 2221:0 @!@!@
  |line 758, col 16 to line 758, col 20 of module trash_single: 321
@!@!@ENDMSG 2221 @!@!@
@!@!@STARTMSG 2221:0 @!@!@
  |line 758, col 25 to line 758, col 28 of module trash_single: 321
@!@!@ENDMSG 2221 @!@!@
@!@!@STARTMSG 2221:0 @!@!@
  line 759, col 16 to line 759, col 34 of module trash_single: 321
@!@!@ENDMSG 2221 @!@!@
@!@!@STARTMSG 2221:0 @!@!@
  line 760, col 16 to line 760, col 35 of module trash_single: 321
@!@!@ENDMSG 2221 @!@!@
@!@!@STARTMSG 2221:0 @!@!@
  line 761, col 16 to line 761, col 57 of module trash_single: 321
@!@!@ENDMSG 2221 @!@!@
@!@!@STARTMSG 2221:0 @!@!@
  line 762, col 16 to line 767, col 47 of module trash_single: 321
@!@!@ENDMSG 2221 @!@!@
@!@!@STARTMSG 2772:0 @!@!@
<AskServer line 769, col 1 to line 769, col 9 of module trash_single>: 320:321
@!@!@ENDMSG 2772 @!@!@
@!@!@STARTMSG 2221:0 @!@!@
  line 769, col 17 to line 769, col 41 of module trash_single: 1973
@!@!@ENDMSG 2221 @!@!@
@!@!@STARTMSG 2221:0 @!@!@
  |line 769, col 17 to line 769, col 27 of module trash_single: 1652
@!@!@ENDMSG 2221 @!@!@
@!@!@STARTMSG 2221:0 @!@!@
  line 770, col 17 to line 770, col 80 of module trash_single: 321
@!@!@ENDMSG 2221 @!@!@
@!@!@STARTMSG 2221:0 @!@!@
  line 771, col 17 to line 771, col 59 of module trash_single: 321
@!@!@ENDMSG 2221 @!@!@
@!@!@STARTMSG 2221:0 @!@!@
  line 772, col 17 to line 777, col 47 of module trash_single: 321
@!@!@ENDMSG 2221 @!@!@
@!@!@STARTMSG 2772:0 @!@!@
<WaitServer line 779, col 1 to line 779, col 10 of module trash_single>: 36:38
@!@!@ENDMSG 2772 @!@!@
@!@!@STARTMSG 2221:0 @!@!@
  line 779, col 18 to line 779, col 43 of module trash_single: 1689
@!@!@ENDMSG 2221 @!@!@
@!@!@STARTMSG 2221:0 @!@!@
  |line 779, col 18 to line 779, col 28 of module trash_single: 1651
@!@!@ENDMSG 2221 @!@!@
@!@!@STARTMSG 2221:0 @!@!@
  line 780, col 18 to line 780, col 40 of module trash_single: 389
@!@!@ENDMSG 2221 @!@!@
@!@!@STARTMSG 2221:0 @!@!@
  |line 780, col 18 to line 780, col 32 of module trash_single: 351
@!@!@ENDMSG 2221 @!@!@
@!@!@STARTMSG 2221:0 @!@!@
  |line 780, col 37 to line 780, col 40 of module trash_single: 351
@!@!@ENDMSG 2221 @!@!@
@!@!@STARTMSG 2221:0 @!@!@
  line 781, col 18 to line 781, col 46 of module trash_single: 38
@!@!@ENDMSG 2221 @!@!@
@!@!@STARTMSG 2221:0 @!@!@
  line 782, col 18 to line 782, col 57 of module trash_single: 38
@!@!@ENDMSG 2221 @!@!@
@!@!@STARTMSG 2221:0 @!@!@
  line 783, col 21 to line 783, col 37 of module trash_single: 38
@!@!@ENDMSG 2221 @!@!@
@!@!@STARTMSG 2221:0 @!@!@
  line 784, col 29 to line 784, col 71 of module trash_single: 0
@!@!@ENDMSG 2221 @!@!@
@!@!@STARTMSG 2221:0 @!@!@
  line 785, col 26 to line 785, col 70 of module trash_single: 38
@!@!@ENDMSG 2221 @!@!@
@!@!@STARTMSG 2221:0 @!@!@
  line 786, col 18 to line 791, col 42 of module trash_single: 38
@!@!@ENDMSG 2221 @!@!@
@!@!@STARTMSG 2772:0 @!@!@
<ForbidUser line 793, col 1 to line 793, col 10 of module trash_single>: 0:0
@!@!@ENDMSG 2772 @!@!@
@!@!@STARTMSG 2221:0 @!@!@
  line 793, col 18 to line 793, col 43 of module trash_single: 1650
@!@!@ENDMSG 2221 @!@!@
@!@!@STARTMSG 2221:0 @!@!@
  line 794, col 18 to line 794, col 122 of module trash_single: 0
@!@!@ENDMSG 2221 @!@!@
@!@!@STARTMSG 2221:0 @!@!@
  line 795, col 18 to line 795, col 62 of module trash_single: 0
@!@!@ENDMSG 2221 @!@!@
@!@!@STARTMSG 2221:0 @!@!@
  line 796, col 18 to line 801, col 55 of module trash_single: 0
@!@!@ENDMSG 2221 @!@!@
@!@!@STARTMSG 2772:0 @!@!@
<AllowUser line 803, col 1 to line 803, col 9 of module trash_single>: 0:0
@!@!@ENDMSG 2772 @!@!@
@!@!@STARTMSG 2221:0 @!@!@
  line 803, col 17 to line 803, col 41 of module trash_single: 1650
@!@!@ENDMSG 2221 @!@!@
@!@!@STARTMSG 2221:0 @!@!@
  line 804, col 17 to line 804, col 100 of module trash_single: 0
@!@!@ENDMSG 2221 @!@!@
@!@!@STARTMSG 2221:0 @!@!@
  |line 804, col 31 to line 804, col 100 of module trash_single: 9
@!@!@ENDMSG 2221 @!@!@
@!@!@STARTMSG 2221:0 @!@!@
  line 805, col 17 to line 805, col 121 of module trash_single: 0
@!@!@ENDMSG 2221 @!@!@
@!@!@STARTMSG 2221:0 @!@!@
  line 806, col 17 to line 806, col 63 of module trash_single: 0
@!@!@ENDMSG 2221 @!@!@
@!@!@STARTMSG 2221:0 @!@!@
  line 807, col 17 to line 812, col 36 of module trash_single: 0
@!@!@ENDMSG 2221 @!@!@
@!@!@STARTMSG 2772:0 @!@!@
<WaitDoorClosed line 814, col 1 to line 814, col 14 of module trash_single>: 0:0
@!@!@ENDMSG 2772 @!@!@
@!@!@STARTMSG 2221:0 @!@!@
  line 814, col 22 to line 814, col 51 of module trash_single: 1641
@!@!@ENDMSG 2221 @!@!@
@!@!@STARTMSG 2221:0 @!@!@
  line 816, col 22 to line 816, col 62 of module trash_single: 0
@!@!@ENDMSG 2221 @!@!@
@!@!@STARTMSG 2221:0 @!@!@
  line 817, col 22 to line 823, col 73 of module trash_single: 0
@!@!@ENDMSG 2221 @!@!@
@!@!@STARTMSG 2772:0 @!@!@
<LockDoor line 825, col 1 to line 825, col 8 of module trash_single>: 0:0
@!@!@ENDMSG 2772 @!@!@
@!@!@STARTMSG 2221:0 @!@!@
  line 825, col 16 to line 825, col 39 of module trash_single: 1641
@!@!@ENDMSG 2221 @!@!@
@!@!@STARTMSG 2221:0 @!@!@
  line 826, col 16 to line 826, col 99 of module trash_single: 0
@!@!@ENDMSG 2221 @!@!@
@!@!@STARTMSG 2221:0 @!@!@
  line 827, col 16 to line 827, col 52 of module trash_single: 0
@!@!@ENDMSG 2221 @!@!@
@!@!@STARTMSG 2221:0 @!@!@
  line 828, col 16 to line 833, col 53 of module trash_single: 0
@!@!@ENDMSG 2221 @!@!@
@!@!@STARTMSG 2772:0 @!@!@
<Trap line 835, col 1 to line 835, col 4 of module trash_single>: 0:0
@!@!@ENDMSG 2772 @!@!@
@!@!@STARTMSG 2221:0 @!@!@
  line 835, col 12 to line 835, col 31 of module trash_single: 1641
@!@!@ENDMSG 2221 @!@!@
@!@!@STARTMSG 2221:0 @!@!@
  line 836, col 12 to line 836, col 94 of module trash_single: 0
@!@!@ENDMSG 2221 @!@!@
@!@!@STARTMSG 2221:0 @!@!@
  line 837, col 12 to line 837, col 47 of module trash_single: 0
@!@!@ENDMSG 2221 @!@!@
@!@!@STARTMSG 2221:0 @!@!@
  line 838, col 12 to line 843, col 42 of module trash_single: 0
@!@!@ENDMSG 2221 @!@!@
@!@!@STARTMSG 2772:0 @!@!@
<Ram line 845, col 1 to line 845, col 3 of module trash_single>: 0:0
@!@!@ENDMSG 2772 @!@!@
@!@!@STARTMSG 2221:0 @!@!@
  line 845, col 11 to line 845, col 29 of module trash_single: 1641
@!@!@ENDMSG 2221 @!@!@
@!@!@STARTMSG 2221:0 @!@!@
  line 846, col 11 to line 846, col 87 of module trash_single: 0
@!@!@ENDMSG 2221 @!@!@
@!@!@STARTMSG 2221:0 @!@!@
  line 847, col 11 to line 847, col 48 of module trash_single: 0
@!@!@ENDMSG 2221 @!@!@
@!@!@STARTMSG 2221:0 @!@!@
  line 848, col 11 to line 853, col 41 of module trash_single: 0
@!@!@ENDMSG 2221 @!@!@
@!@!@STARTMSG 2772:0 @!@!@
<UnRam line 855, col 1 to line 855, col 5 of module trash_single>: 0:0
@!@!@ENDMSG 2772 @!@!@
@!@!@STARTMSG 2221:0 @!@!@
  line 855, col 13 to line 855, col 33 of module trash_single: 1641
@!@!@ENDMSG 2221 @!@!@
@!@!@STARTMSG 2221:0 @!@!@
  line 856, col 13 to line 856, col 90 of module trash_single: 0
@!@!@ENDMSG 2221 @!@!@
@!@!@STARTMSG 2221:0 @!@!@
  line 857, col 13 to line 857, col 51 of module trash_single: 0
@!@!@ENDMSG 2221 @!@!@
@!@!@STARTMSG 2221:0 @!@!@
  line 858, col 13 to line 863, col 43 of module trash_single: 0
@!@!@ENDMSG 2221 @!@!@
@!@!@STARTMSG 2772:0 @!@!@
<UnTrap line 865, col 1 to line 865, col 6 of module trash_single>: 0:0
@!@!@ENDMSG 2772 @!@!@
@!@!@STARTMSG 2221:0 @!@!@
  line 865, col 14 to line 865, col 35 of module trash_single: 1641
@!@!@ENDMSG 2221 @!@!@
@!@!@STARTMSG 2221:0 @!@!@
  line 866, col 14 to line 866, col 97 of module trash_single: 0
@!@!@ENDMSG 2221 @!@!@
@!@!@STARTMSG 2221:0 @!@!@
  line 867, col 14 to line 867, col 58 of module trash_single: 0
@!@!@ENDMSG 2221 @!@!@
@!@!@STARTMSG 2221:0 @!@!@
  line 868, col 14 to line 873, col 44 of module trash_single: 0
@!@!@ENDMSG 2221 @!@!@
@!@!@STARTMSG 2202:0 @!@!@
End of statistics.
@!@!@ENDMSG 2202 @!@!@
@!@!@STARTMSG 2200:0 @!@!@
Progress(12) at 2026-09-30 15:19:31: 3,789 states generated (101,900 s/min), 1,835 distinct states found (49,350 ds/min), 189 states left on queue.
@!@!@ENDMSG 2200 @!@!@
@!@!@STARTMSG 2199:0 @!@!@
3789 states generated, 1835 distinct states found, 189 states left on queue.
@!@!@ENDMSG 2199 @!@!@
@!@!@STARTMSG 2186:0 @!@!@
Finished in 2242ms at (2026-09-30 15:19:31)
@!@!@ENDMSG 2186 @!@!@
