@!@!@STARTMSG 2262:0 @!@!@
TLC2 Version 2.19 of 08 August 2024 (rev: 5a47802)
@!@!@ENDMSG 2262 @!@!@
@!@!@STARTMSG 2187:0 @!@!@
Running breadth-first search Model-Checking with fp 39 and seed 9153951341389140261 with 8 workers on 16 cores with 2357MB heap and 5298MB offheap memory [pid: 34418] (Linux 7.2.7-arch1-1 amd64, AdoptOpenJDK 14.0.1 x86_64, OffHeapDiskFPSet, DiskStateQueue).
@!@!@ENDMSG 2187 @!@!@
@!@!@STARTMSG 2220:0 @!@!@
Starting SANY...
@!@!@ENDMSG 2220 @!@!@
Parsing file /home/jerzy/Documents/programming/TUE/2ix20/trash_single.toolbox/singleBin/MC.tla
Parsing file /home/jerzy/Documents/programming/TUE/2ix20/trash_single.toolbox/singleBin/trash_single.tla
Warning: symbols were renamed.
Parsing file /home/jerzy/Downloads/toolbox/plugins/org.lamport.tlatools_1.0.0.202408081326/tla2sany/StandardModules/TLC.tla
Parsing file /home/jerzy/Documents/programming/TUE/2ix20/trash_single.toolbox/singleBin/trash_data.tla
Parsing file /home/jerzy/Downloads/toolbox/plugins/org.lamport.tlatools_1.0.0.202408081326/tla2sany/StandardModules/Integers.tla
Parsing file /home/jerzy/Downloads/toolbox/plugins/org.lamport.tlatools_1.0.0.202408081326/tla2sany/StandardModules/Sequences.tla
Parsing file /home/jerzy/Downloads/toolbox/plugins/org.lamport.tlatools_1.0.0.202408081326/tla2sany/StandardModules/FiniteSets.tla
Parsing file /home/jerzy/Downloads/toolbox/plugins/org.lamport.tlatools_1.0.0.202408081326/tla2sany/StandardModules/Naturals.tla
Semantic processing of module Naturals
Semantic processing of module Integers
Semantic processing of module Sequences
Semantic processing of module FiniteSets
Semantic processing of module TLC
Semantic processing of module trash_data
Semantic processing of module trash_single
Semantic processing of module MC
@!@!@STARTMSG 2219:0 @!@!@
SANY finished.
@!@!@ENDMSG 2219 @!@!@
@!@!@STARTMSG 2185:0 @!@!@
Starting... (2026-09-30 15:03:09)
@!@!@ENDMSG 2185 @!@!@
@!@!@STARTMSG 2189:0 @!@!@
Computing initial states...
@!@!@ENDMSG 2189 @!@!@
@!@!@STARTMSG 2190:0 @!@!@
Finished computing initial states: 1 distinct state generated at 2026-09-30 15:03:10.
@!@!@ENDMSG 2190 @!@!@
@!@!@STARTMSG 2182:1 @!@!@
Evaluating an expression of the form Append(v, s) when s is not a sequence:
[command |-> "finished", open |-> FALSE]
@!@!@ENDMSG 2182 @!@!@
@!@!@STARTMSG 2121:1 @!@!@
The behavior up to this point is:
@!@!@ENDMSG 2121 @!@!@
@!@!@STARTMSG 2217:4 @!@!@
1: <Initial predicate>
/\ trapDoorOpen = FALSE
/\ binSensor = [sensor |-> "idle"]
/\ serverRequests = <<>>
/\ ramExtended = FALSE
/\ trapDestroyed = FALSE
/\ userTrash = 0
/\ pc = ( 0 :> "ControlStart" @@
  1 :> "BinWaitForCommand" @@
  2 :> "UserNextIteration" @@
  3 :> "TruckStart" @@
  4 :> "ServerNextIteration" )
/\ serverResponses = <<>>
/\ permissions = <<>>
/\ req = [user |-> 0]
/\ outerDoorLocked = TRUE
/\ scans = <<>>
/\ binCommand = [command |-> "finished", open |-> FALSE]
/\ scan = 0
/\ outerDoorOpen = FALSE
/\ truckCommand = [command |-> "emptied", bin |-> 1]
/\ perm = 0
/\ trashInTop = 0
/\ trashCompressed = 0
/\ trashUncompressed = 0
/\ perm_ = (2 :> [bin |-> 0, user |-> 0, granted |-> FALSE])
/\ trashCapacity = 100

@!@!@ENDMSG 2217 @!@!@
@!@!@STARTMSG 2217:4 @!@!@
2: <ServerNextIteration line 681, col 24 to line 690, col 57 of module trash_single>
/\ trapDoorOpen = FALSE
/\ binSensor = [sensor |-> "idle"]
/\ serverRequests = <<>>
/\ ramExtended = FALSE
/\ trapDestroyed = FALSE
/\ userTrash = 0
/\ pc = ( 0 :> "ControlStart" @@
  1 :> "BinWaitForCommand" @@
  2 :> "UserNextIteration" @@
  3 :> "TruckStart" @@
  4 :> "ServerAwaitRequest" )
/\ serverResponses = <<>>
/\ permissions = <<>>
/\ req = [user |-> 0]
/\ outerDoorLocked = TRUE
/\ scans = <<>>
/\ binCommand = [command |-> "finished", open |-> FALSE]
/\ scan = 0
/\ outerDoorOpen = FALSE
/\ truckCommand = [command |-> "emptied", bin |-> 1]
/\ perm = 0
/\ trashInTop = 0
/\ trashCompressed = 0
/\ trashUncompressed = 0
/\ perm_ = (2 :> [bin |-> 0, user |-> 0, granted |-> FALSE])
/\ trashCapacity = 100

@!@!@ENDMSG 2217 @!@!@
@!@!@STARTMSG 2217:4 @!@!@
3: <UserNextIteration line 554, col 28 to line 566, col 68 of module trash_single>
/\ trapDoorOpen = FALSE
/\ binSensor = [sensor |-> "idle"]
/\ serverRequests = <<>>
/\ ramExtended = FALSE
/\ trapDestroyed = FALSE
/\ userTrash = 0
/\ pc = ( 0 :> "ControlStart" @@
  1 :> "BinWaitForCommand" @@
  2 :> "UserNewTrash" @@
  3 :> "TruckStart" @@
  4 :> "ServerAwaitRequest" )
/\ serverResponses = <<>>
/\ permissions = <<>>
/\ req = [user |-> 0]
/\ outerDoorLocked = TRUE
/\ scans = <<>>
/\ binCommand = [command |-> "finished", open |-> FALSE]
/\ scan = 0
/\ outerDoorOpen = FALSE
/\ truckCommand = [command |-> "emptied", bin |-> 1]
/\ perm = 0
/\ trashInTop = 0
/\ trashCompressed = 0
/\ trashUncompressed = 0
/\ perm_ = (2 :> [bin |-> 0, user |-> 0, granted |-> FALSE])
/\ trashCapacity = 100

@!@!@ENDMSG 2217 @!@!@
@!@!@STARTMSG 2217:4 @!@!@
4: <UserNewTrash line 663, col 23 to line 673, col 77 of module trash_single>
/\ trapDoorOpen = FALSE
/\ binSensor = [sensor |-> "idle"]
/\ serverRequests = <<>>
/\ ramExtended = FALSE
/\ trapDestroyed = FALSE
/\ userTrash = 1
/\ pc = ( 0 :> "ControlStart" @@
  1 :> "BinWaitForCommand" @@
  2 :> "UserScanCard" @@
  3 :> "TruckStart" @@
  4 :> "ServerAwaitRequest" )
/\ serverResponses = <<>>
/\ permissions = <<>>
/\ req = [user |-> 0]
/\ outerDoorLocked = TRUE
/\ scans = <<>>
/\ binCommand = [command |-> "finished", open |-> FALSE]
/\ scan = 0
/\ outerDoorOpen = FALSE
/\ truckCommand = [command |-> "emptied", bin |-> 1]
/\ perm = 0
/\ trashInTop = 0
/\ trashCompressed = 0
/\ trashUncompressed = 0
/\ perm_ = (2 :> [bin |-> 0, user |-> 0, granted |-> FALSE])
/\ trashCapacity = 100

@!@!@ENDMSG 2217 @!@!@
@!@!@STARTMSG 2217:4 @!@!@
5: <UserScanCard line 568, col 23 to line 577, col 77 of module trash_single>
/\ trapDoorOpen = FALSE
/\ binSensor = [sensor |-> "idle"]
/\ serverRequests = <<>>
/\ ramExtended = FALSE
/\ trapDestroyed = FALSE
/\ userTrash = 1
/\ pc = ( 0 :> "ControlStart" @@
  1 :> "BinWaitForCommand" @@
  2 :> "UserAwaitScanResponse" @@
  3 :> "TruckStart" @@
  4 :> "ServerAwaitRequest" )
/\ serverResponses = <<>>
/\ permissions = <<>>
/\ req = [user |-> 0]
/\ outerDoorLocked = TRUE
/\ scans = <<[bin |-> 1, user |-> 2]>>
/\ binCommand = [command |-> "finished", open |-> FALSE]
/\ scan = 0
/\ outerDoorOpen = FALSE
/\ truckCommand = [command |-> "emptied", bin |-> 1]
/\ perm = 0
/\ trashInTop = 0
/\ trashCompressed = 0
/\ trashUncompressed = 0
/\ perm_ = (2 :> [bin |-> 0, user |-> 0, granted |-> FALSE])
/\ trashCapacity = 100

@!@!@ENDMSG 2217 @!@!@
@!@!@STARTMSG 2217:4 @!@!@
6: <ControlStart line 722, col 17 to line 735, col 45 of module trash_single>
/\ trapDoorOpen = FALSE
/\ binSensor = [sensor |-> "idle"]
/\ serverRequests = <<>>
/\ ramExtended = FALSE
/\ trapDestroyed = FALSE
/\ userTrash = 1
/\ pc = ( 0 :> "ReadCard" @@
  1 :> "BinWaitForCommand" @@
  2 :> "UserAwaitScanResponse" @@
  3 :> "TruckStart" @@
  4 :> "ServerAwaitRequest" )
/\ serverResponses = <<>>
/\ permissions = <<>>
/\ req = [user |-> 0]
/\ outerDoorLocked = TRUE
/\ scans = <<[bin |-> 1, user |-> 2]>>
/\ binCommand = [command |-> "finished", open |-> FALSE]
/\ scan = 0
/\ outerDoorOpen = FALSE
/\ truckCommand = [command |-> "emptied", bin |-> 1]
/\ perm = 0
/\ trashInTop = 0
/\ trashCompressed = 0
/\ trashUncompressed = 0
/\ perm_ = (2 :> [bin |-> 0, user |-> 0, granted |-> FALSE])
/\ trashCapacity = 100

@!@!@ENDMSG 2217 @!@!@
@!@!@STARTMSG 2217:4 @!@!@
7: <ReadCard line 737, col 13 to line 747, col 47 of module trash_single>
/\ trapDoorOpen = FALSE
/\ binSensor = [sensor |-> "idle"]
/\ serverRequests = <<>>
/\ ramExtended = FALSE
/\ trapDestroyed = FALSE
/\ userTrash = 1
/\ pc = ( 0 :> "AskServer" @@
  1 :> "BinWaitForCommand" @@
  2 :> "UserAwaitScanResponse" @@
  3 :> "TruckStart" @@
  4 :> "ServerAwaitRequest" )
/\ serverResponses = <<>>
/\ permissions = <<>>
/\ req = [user |-> 0]
/\ outerDoorLocked = TRUE
/\ scans = <<>>
/\ binCommand = [command |-> "finished", open |-> FALSE]
/\ scan = [bin |-> 1, user |-> 2]
/\ outerDoorOpen = FALSE
/\ truckCommand = [command |-> "emptied", bin |-> 1]
/\ perm = 0
/\ trashInTop = 0
/\ trashCompressed = 0
/\ trashUncompressed = 0
/\ perm_ = (2 :> [bin |-> 0, user |-> 0, granted |-> FALSE])
/\ trashCapacity = 100

@!@!@ENDMSG 2217 @!@!@
@!@!@STARTMSG 2217:4 @!@!@
8: <AskServer line 749, col 14 to line 757, col 47 of module trash_single>
/\ trapDoorOpen = FALSE
/\ binSensor = [sensor |-> "idle"]
/\ serverRequests = <<[user |-> 2]>>
/\ ramExtended = FALSE
/\ trapDestroyed = FALSE
/\ userTrash = 1
/\ pc = ( 0 :> "WaitServer" @@
  1 :> "BinWaitForCommand" @@
  2 :> "UserAwaitScanResponse" @@
  3 :> "TruckStart" @@
  4 :> "ServerAwaitRequest" )
/\ serverResponses = <<>>
/\ permissions = <<>>
/\ req = [user |-> 0]
/\ outerDoorLocked = TRUE
/\ scans = <<>>
/\ binCommand = [command |-> "finished", open |-> FALSE]
/\ scan = [bin |-> 1, user |-> 2]
/\ outerDoorOpen = FALSE
/\ truckCommand = [command |-> "emptied", bin |-> 1]
/\ perm = 0
/\ trashInTop = 0
/\ trashCompressed = 0
/\ trashUncompressed = 0
/\ perm_ = (2 :> [bin |-> 0, user |-> 0, granted |-> FALSE])
/\ trashCapacity = 100

@!@!@ENDMSG 2217 @!@!@
@!@!@STARTMSG 2217:4 @!@!@
9: <ServerAwaitRequest line 692, col 23 to line 705, col 45 of module trash_single>
/\ trapDoorOpen = FALSE
/\ binSensor = [sensor |-> "idle"]
/\ serverRequests = <<>>
/\ ramExtended = FALSE
/\ trapDestroyed = FALSE
/\ userTrash = 1
/\ pc = ( 0 :> "WaitServer" @@
  1 :> "BinWaitForCommand" @@
  2 :> "UserAwaitScanResponse" @@
  3 :> "TruckStart" @@
  4 :> "ServerNextIteration" )
/\ serverResponses = <<[user |-> 2, permission |-> TRUE]>>
/\ permissions = <<>>
/\ req = [user |-> 2]
/\ outerDoorLocked = TRUE
/\ scans = <<>>
/\ binCommand = [command |-> "finished", open |-> FALSE]
/\ scan = [bin |-> 1, user |-> 2]
/\ outerDoorOpen = FALSE
/\ truckCommand = [command |-> "emptied", bin |-> 1]
/\ perm = 0
/\ trashInTop = 0
/\ trashCompressed = 0
/\ trashUncompressed = 0
/\ perm_ = (2 :> [bin |-> 0, user |-> 0, granted |-> FALSE])
/\ trashCapacity = 100

@!@!@ENDMSG 2217 @!@!@
@!@!@STARTMSG 2217:4 @!@!@
10: <WaitServer line 759, col 15 to line 771, col 42 of module trash_single>
/\ trapDoorOpen = FALSE
/\ binSensor = [sensor |-> "idle"]
/\ serverRequests = <<>>
/\ ramExtended = FALSE
/\ trapDestroyed = FALSE
/\ userTrash = 1
/\ pc = ( 0 :> "AllowUser" @@
  1 :> "BinWaitForCommand" @@
  2 :> "UserAwaitScanResponse" @@
  3 :> "TruckStart" @@
  4 :> "ServerNextIteration" )
/\ serverResponses = <<>>
/\ permissions = <<>>
/\ req = [user |-> 2]
/\ outerDoorLocked = TRUE
/\ scans = <<>>
/\ binCommand = [command |-> "finished", open |-> FALSE]
/\ scan = [bin |-> 1, user |-> 2]
/\ outerDoorOpen = FALSE
/\ truckCommand = [command |-> "emptied", bin |-> 1]
/\ perm = [user |-> 2, permission |-> TRUE]
/\ trashInTop = 0
/\ trashCompressed = 0
/\ trashUncompressed = 0
/\ perm_ = (2 :> [bin |-> 0, user |-> 0, granted |-> FALSE])
/\ trashCapacity = 100

@!@!@ENDMSG 2217 @!@!@
@!@!@STARTMSG 2103:1 @!@!@
The error occurred when TLC was evaluating the nested
expressions at the following positions:
0. Line 783, column 14 to line 792, column 36 in trash_single
1. Line 783, column 17 to line 783, column 41 in trash_single
2. Line 784, column 17 to line 784, column 100 in trash_single
3. Line 784, column 31 to line 784, column 100 in trash_single


@!@!@ENDMSG 2103 @!@!@
@!@!@STARTMSG 2201:0 @!@!@
The coverage statistics at 2026-09-30 15:03:10
@!@!@ENDMSG 2201 @!@!@
@!@!@STARTMSG 2773:0 @!@!@
<Init line 422, col 1 to line 422, col 4 of module trash_single>: 2:2
@!@!@ENDMSG 2773 @!@!@
@!@!@STARTMSG 2221:0 @!@!@
  line 423, col 9 to line 451, col 76 of module trash_single: 2
@!@!@ENDMSG 2221 @!@!@
@!@!@STARTMSG 2772:0 @!@!@
<BinWaitForCommand line 453, col 1 to line 453, col 23 of module trash_single>: 0:0
@!@!@ENDMSG 2772 @!@!@
@!@!@STARTMSG 2221:0 @!@!@
  line 453, col 31 to line 453, col 60 of module trash_single: 1629
@!@!@ENDMSG 2221 @!@!@
@!@!@STARTMSG 2221:0 @!@!@
  line 454, col 31 to line 454, col 62 of module trash_single: 1629
@!@!@ENDMSG 2221 @!@!@
@!@!@STARTMSG 2221:0 @!@!@
  line 458, col 42 to line 458, col 73 of module trash_single: 0
@!@!@ENDMSG 2221 @!@!@
@!@!@STARTMSG 2221:0 @!@!@
  line 460, col 53 to line 460, col 97 of module trash_single: 0
@!@!@ENDMSG 2221 @!@!@
@!@!@STARTMSG 2221:0 @!@!@
  line 462, col 53 to line 462, col 71 of module trash_single: 0
@!@!@ENDMSG 2221 @!@!@
@!@!@STARTMSG 2221:0 @!@!@
  line 463, col 42 to line 468, col 70 of module trash_single: 0
@!@!@ENDMSG 2221 @!@!@
@!@!@STARTMSG 2221:0 @!@!@
  line 472, col 53 to line 472, col 89 of module trash_single: 0
@!@!@ENDMSG 2221 @!@!@
@!@!@STARTMSG 2221:0 @!@!@
  line 473, col 53 to line 478, col 81 of module trash_single: 0
@!@!@ENDMSG 2221 @!@!@
@!@!@STARTMSG 2221:0 @!@!@
  line 483, col 75 to line 483, col 95 of module trash_single: 0
@!@!@ENDMSG 2221 @!@!@
@!@!@STARTMSG 2221:0 @!@!@
  line 485, col 75 to line 485, col 97 of module trash_single: 0
@!@!@ENDMSG 2221 @!@!@
@!@!@STARTMSG 2221:0 @!@!@
  line 486, col 64 to line 486, col 94 of module trash_single: 0
@!@!@ENDMSG 2221 @!@!@
@!@!@STARTMSG 2221:0 @!@!@
  line 488, col 75 to line 488, col 125 of module trash_single: 0
@!@!@ENDMSG 2221 @!@!@
@!@!@STARTMSG 2221:0 @!@!@
  line 489, col 75 to line 489, col 89 of module trash_single: 0
@!@!@ENDMSG 2221 @!@!@
@!@!@STARTMSG 2221:0 @!@!@
  line 491, col 75 to line 492, col 107 of module trash_single: 0
@!@!@ENDMSG 2221 @!@!@
@!@!@STARTMSG 2221:0 @!@!@
  line 493, col 64 to line 494, col 94 of module trash_single: 0
@!@!@ENDMSG 2221 @!@!@
@!@!@STARTMSG 2221:0 @!@!@
  line 498, col 75 to line 498, col 104 of module trash_single: 0
@!@!@ENDMSG 2221 @!@!@
@!@!@STARTMSG 2221:0 @!@!@
  line 501, col 97 to line 501, col 117 of module trash_single: 0
@!@!@ENDMSG 2221 @!@!@
@!@!@STARTMSG 2221:0 @!@!@
  line 503, col 97 to line 503, col 119 of module trash_single: 0
@!@!@ENDMSG 2221 @!@!@
@!@!@STARTMSG 2221:0 @!@!@
  line 504, col 86 to line 504, col 203 of module trash_single: 0
@!@!@ENDMSG 2221 @!@!@
@!@!@STARTMSG 2221:0 @!@!@
  line 505, col 86 to line 505, col 107 of module trash_single: 0
@!@!@ENDMSG 2221 @!@!@
@!@!@STARTMSG 2221:0 @!@!@
  line 507, col 86 to line 509, col 114 of module trash_single: 0
@!@!@ENDMSG 2221 @!@!@
@!@!@STARTMSG 2221:0 @!@!@
  line 521, col 86 to line 521, col 105 of module trash_single: 0
@!@!@ENDMSG 2221 @!@!@
@!@!@STARTMSG 2221:0 @!@!@
  line 524, col 86 to line 524, col 110 of module trash_single: 0
@!@!@ENDMSG 2221 @!@!@
@!@!@STARTMSG 2221:0 @!@!@
  line 525, col 75 to line 527, col 103 of module trash_single: 0
@!@!@ENDMSG 2221 @!@!@
@!@!@STARTMSG 2221:0 @!@!@
  line 528, col 64 to line 529, col 89 of module trash_single: 0
@!@!@ENDMSG 2221 @!@!@
@!@!@STARTMSG 2221:0 @!@!@
  line 530, col 53 to line 530, col 77 of module trash_single: 0
@!@!@ENDMSG 2221 @!@!@
@!@!@STARTMSG 2221:0 @!@!@
  line 531, col 42 to line 531, col 81 of module trash_single: 0
@!@!@ENDMSG 2221 @!@!@
@!@!@STARTMSG 2221:0 @!@!@
  line 532, col 31 to line 532, col 78 of module trash_single: 0
@!@!@ENDMSG 2221 @!@!@
@!@!@STARTMSG 2221:0 @!@!@
  line 533, col 31 to line 537, col 50 of module trash_single: 0
@!@!@ENDMSG 2221 @!@!@
@!@!@STARTMSG 2772:0 @!@!@
<BinCommandFinished line 539, col 1 to line 539, col 24 of module trash_single>: 0:0
@!@!@ENDMSG 2772 @!@!@
@!@!@STARTMSG 2221:0 @!@!@
  line 539, col 32 to line 539, col 62 of module trash_single: 1629
@!@!@ENDMSG 2221 @!@!@
@!@!@STARTMSG 2221:0 @!@!@
  line 540, col 32 to line 540, col 87 of module trash_single: 0
@!@!@ENDMSG 2221 @!@!@
@!@!@STARTMSG 2221:0 @!@!@
  line 541, col 32 to line 541, col 78 of module trash_single: 0
@!@!@ENDMSG 2221 @!@!@
@!@!@STARTMSG 2221:0 @!@!@
  line 542, col 32 to line 550, col 51 of module trash_single: 0
@!@!@ENDMSG 2221 @!@!@
@!@!@STARTMSG 2772:0 @!@!@
<UserNextIteration line 554, col 1 to line 554, col 23 of module trash_single>: 4:5
@!@!@ENDMSG 2772 @!@!@
@!@!@STARTMSG 2221:0 @!@!@
  line 554, col 31 to line 554, col 60 of module trash_single: 1634
@!@!@ENDMSG 2221 @!@!@
@!@!@STARTMSG 2221:0 @!@!@
  |line 554, col 31 to line 554, col 38 of module trash_single: 1629
@!@!@ENDMSG 2221 @!@!@
@!@!@STARTMSG 2221:0 @!@!@
  line 555, col 34 to line 555, col 46 of module trash_single: 5
@!@!@ENDMSG 2221 @!@!@
@!@!@STARTMSG 2221:0 @!@!@
  line 556, col 39 to line 556, col 83 of module trash_single: 5
@!@!@ENDMSG 2221 @!@!@
@!@!@STARTMSG 2221:0 @!@!@
  line 557, col 42 to line 557, col 83 of module trash_single: 0
@!@!@ENDMSG 2221 @!@!@
@!@!@STARTMSG 2221:0 @!@!@
  line 558, col 31 to line 566, col 68 of module trash_single: 5
@!@!@ENDMSG 2221 @!@!@
@!@!@STARTMSG 2772:0 @!@!@
<UserScanCard line 568, col 1 to line 568, col 18 of module trash_single>: 314:321
@!@!@ENDMSG 2772 @!@!@
@!@!@STARTMSG 2221:0 @!@!@
  line 568, col 26 to line 568, col 50 of module trash_single: 1949
@!@!@ENDMSG 2221 @!@!@
@!@!@STARTMSG 2221:0 @!@!@
  |line 568, col 26 to line 568, col 33 of module trash_single: 1628
@!@!@ENDMSG 2221 @!@!@
@!@!@STARTMSG 2221:0 @!@!@
  line 569, col 26 to line 569, col 77 of module trash_single: 321
@!@!@ENDMSG 2221 @!@!@
@!@!@STARTMSG 2221:0 @!@!@
  line 570, col 26 to line 570, col 76 of module trash_single: 321
@!@!@ENDMSG 2221 @!@!@
@!@!@STARTMSG 2221:0 @!@!@
  line 571, col 26 to line 577, col 77 of module trash_single: 321
@!@!@ENDMSG 2221 @!@!@
@!@!@STARTMSG 2772:0 @!@!@
<UserAwaitScanResponse line 579, col 1 to line 579, col 27 of module trash_single>: 0:0
@!@!@ENDMSG 2772 @!@!@
@!@!@STARTMSG 2221:0 @!@!@
  line 579, col 35 to line 579, col 68 of module trash_single: 1627
@!@!@ENDMSG 2221 @!@!@
@!@!@STARTMSG 2221:0 @!@!@
  line 580, col 35 to line 580, col 53 of module trash_single: 1298
@!@!@ENDMSG 2221 @!@!@
@!@!@STARTMSG 2221:0 @!@!@
  line 581, col 35 to line 581, col 85 of module trash_single: 0
@!@!@ENDMSG 2221 @!@!@
@!@!@STARTMSG 2221:0 @!@!@
  line 582, col 35 to line 582, col 66 of module trash_single: 0
@!@!@ENDMSG 2221 @!@!@
@!@!@STARTMSG 2221:0 @!@!@
  line 588, col 46 to line 588, col 87 of module trash_single: 0
@!@!@ENDMSG 2221 @!@!@
@!@!@STARTMSG 2221:0 @!@!@
  line 589, col 46 to line 589, col 92 of module trash_single: 0
@!@!@ENDMSG 2221 @!@!@
@!@!@STARTMSG 2221:0 @!@!@
  line 590, col 35 to line 598, col 79 of module trash_single: 0
@!@!@ENDMSG 2221 @!@!@
@!@!@STARTMSG 2772:0 @!@!@
<UserOpenDoor line 600, col 1 to line 600, col 18 of module trash_single>: 0:0
@!@!@ENDMSG 2772 @!@!@
@!@!@STARTMSG 2221:0 @!@!@
  line 600, col 26 to line 600, col 50 of module trash_single: 1627
@!@!@ENDMSG 2221 @!@!@
@!@!@STARTMSG 2221:0 @!@!@
  line 601, col 26 to line 601, col 87 of module trash_single: 0
@!@!@ENDMSG 2221 @!@!@
@!@!@STARTMSG 2221:0 @!@!@
  line 602, col 26 to line 602, col 72 of module trash_single: 0
@!@!@ENDMSG 2221 @!@!@
@!@!@STARTMSG 2221:0 @!@!@
  line 603, col 26 to line 609, col 77 of module trash_single: 0
@!@!@ENDMSG 2221 @!@!@
@!@!@STARTMSG 2772:0 @!@!@
<UserAwaitOpenDoor line 611, col 1 to line 611, col 23 of module trash_single>: 0:0
@!@!@ENDMSG 2772 @!@!@
@!@!@STARTMSG 2221:0 @!@!@
  line 611, col 31 to line 611, col 60 of module trash_single: 1627
@!@!@ENDMSG 2221 @!@!@
@!@!@STARTMSG 2221:0 @!@!@
  line 613, col 31 to line 613, col 76 of module trash_single: 0
@!@!@ENDMSG 2221 @!@!@
@!@!@STARTMSG 2221:0 @!@!@
  line 614, col 31 to line 622, col 68 of module trash_single: 0
@!@!@ENDMSG 2221 @!@!@
@!@!@STARTMSG 2772:0 @!@!@
<UserDepositTrash line 624, col 1 to line 624, col 22 of module trash_single>: 0:0
@!@!@ENDMSG 2772 @!@!@
@!@!@STARTMSG 2221:0 @!@!@
  line 624, col 30 to line 624, col 58 of module trash_single: 1627
@!@!@ENDMSG 2221 @!@!@
@!@!@STARTMSG 2221:0 @!@!@
  line 627, col 30 to line 627, col 52 of module trash_single: 0
@!@!@ENDMSG 2221 @!@!@
@!@!@STARTMSG 2221:0 @!@!@
  line 628, col 30 to line 628, col 43 of module trash_single: 0
@!@!@ENDMSG 2221 @!@!@
@!@!@STARTMSG 2221:0 @!@!@
  line 629, col 30 to line 629, col 72 of module trash_single: 0
@!@!@ENDMSG 2221 @!@!@
@!@!@STARTMSG 2221:0 @!@!@
  line 630, col 30 to line 637, col 60 of module trash_single: 0
@!@!@ENDMSG 2221 @!@!@
@!@!@STARTMSG 2772:0 @!@!@
<UserCloseDoor line 639, col 1 to line 639, col 19 of module trash_single>: 0:0
@!@!@ENDMSG 2772 @!@!@
@!@!@STARTMSG 2221:0 @!@!@
  line 639, col 27 to line 639, col 52 of module trash_single: 1627
@!@!@ENDMSG 2221 @!@!@
@!@!@STARTMSG 2221:0 @!@!@
  line 640, col 27 to line 640, col 89 of module trash_single: 0
@!@!@ENDMSG 2221 @!@!@
@!@!@STARTMSG 2221:0 @!@!@
  line 641, col 27 to line 641, col 75 of module trash_single: 0
@!@!@ENDMSG 2221 @!@!@
@!@!@STARTMSG 2221:0 @!@!@
  line 642, col 27 to line 648, col 78 of module trash_single: 0
@!@!@ENDMSG 2221 @!@!@
@!@!@STARTMSG 2772:0 @!@!@
<UserAwaitClosedDoor line 650, col 1 to line 650, col 25 of module trash_single>: 0:0
@!@!@ENDMSG 2772 @!@!@
@!@!@STARTMSG 2221:0 @!@!@
  line 650, col 33 to line 650, col 64 of module trash_single: 1627
@!@!@ENDMSG 2221 @!@!@
@!@!@STARTMSG 2221:0 @!@!@
  line 652, col 33 to line 652, col 79 of module trash_single: 0
@!@!@ENDMSG 2221 @!@!@
@!@!@STARTMSG 2221:0 @!@!@
  line 653, col 33 to line 661, col 70 of module trash_single: 0
@!@!@ENDMSG 2221 @!@!@
@!@!@STARTMSG 2772:0 @!@!@
<UserNewTrash line 663, col 1 to line 663, col 18 of module trash_single>: 318:400
@!@!@ENDMSG 2772 @!@!@
@!@!@STARTMSG 2221:0 @!@!@
  line 663, col 26 to line 663, col 50 of module trash_single: 1632
@!@!@ENDMSG 2221 @!@!@
@!@!@STARTMSG 2221:0 @!@!@
  |line 663, col 26 to line 663, col 33 of module trash_single: 1627
@!@!@ENDMSG 2221 @!@!@
@!@!@STARTMSG 2221:0 @!@!@
  line 665, col 28 to line 665, col 43 of module trash_single: 400
@!@!@ENDMSG 2221 @!@!@
@!@!@STARTMSG 2221:0 @!@!@
  line 664, col 37 to line 664, col 51 of module trash_single: 5
@!@!@ENDMSG 2221 @!@!@
@!@!@STARTMSG 2221:0 @!@!@
  line 666, col 26 to line 666, col 67 of module trash_single: 400
@!@!@ENDMSG 2221 @!@!@
@!@!@STARTMSG 2221:0 @!@!@
  line 667, col 26 to line 673, col 77 of module trash_single: 400
@!@!@ENDMSG 2221 @!@!@
@!@!@STARTMSG 2772:0 @!@!@
<ServerNextIteration line 681, col 1 to line 681, col 19 of module trash_single>: 29:834
@!@!@ENDMSG 2772 @!@!@
@!@!@STARTMSG 2221:0 @!@!@
  line 681, col 27 to line 681, col 60 of module trash_single: 2478
@!@!@ENDMSG 2221 @!@!@
@!@!@STARTMSG 2221:0 @!@!@
  |line 681, col 27 to line 681, col 36 of module trash_single: 1644
@!@!@ENDMSG 2221 @!@!@
@!@!@STARTMSG 2221:0 @!@!@
  line 682, col 27 to line 682, col 76 of module trash_single: 834
@!@!@ENDMSG 2221 @!@!@
@!@!@STARTMSG 2221:0 @!@!@
  line 683, col 27 to line 690, col 57 of module trash_single: 834
@!@!@ENDMSG 2221 @!@!@
@!@!@STARTMSG 2772:0 @!@!@
<ServerAwaitRequest line 692, col 1 to line 692, col 18 of module trash_single>: 150:152
@!@!@ENDMSG 2772 @!@!@
@!@!@STARTMSG 2221:0 @!@!@
  line 692, col 26 to line 692, col 58 of module trash_single: 1795
@!@!@ENDMSG 2221 @!@!@
@!@!@STARTMSG 2221:0 @!@!@
  |line 692, col 26 to line 692, col 35 of module trash_single: 1643
@!@!@ENDMSG 2221 @!@!@
@!@!@STARTMSG 2221:0 @!@!@
  line 693, col 26 to line 693, col 47 of module trash_single: 962
@!@!@ENDMSG 2221 @!@!@
@!@!@STARTMSG 2221:0 @!@!@
  |line 693, col 26 to line 693, col 39 of module trash_single: 810
@!@!@ENDMSG 2221 @!@!@
@!@!@STARTMSG 2221:0 @!@!@
  |line 693, col 44 to line 693, col 47 of module trash_single: 810
@!@!@ENDMSG 2221 @!@!@
@!@!@STARTMSG 2221:0 @!@!@
  line 694, col 26 to line 694, col 52 of module trash_single: 152
@!@!@ENDMSG 2221 @!@!@
@!@!@STARTMSG 2221:0 @!@!@
  line 695, col 26 to line 695, col 63 of module trash_single: 152
@!@!@ENDMSG 2221 @!@!@
@!@!@STARTMSG 2221:0 @!@!@
  line 696, col 26 to line 697, col 115 of module trash_single: 152
@!@!@ENDMSG 2221 @!@!@
@!@!@STARTMSG 2221:0 @!@!@
  line 698, col 26 to line 698, col 76 of module trash_single: 152
@!@!@ENDMSG 2221 @!@!@
@!@!@STARTMSG 2221:0 @!@!@
  line 699, col 26 to line 705, col 45 of module trash_single: 152
@!@!@ENDMSG 2221 @!@!@
@!@!@STARTMSG 2772:0 @!@!@
<TruckStart line 709, col 1 to line 709, col 16 of module trash_single>: 26:809
@!@!@ENDMSG 2772 @!@!@
@!@!@STARTMSG 2221:0 @!@!@
  line 709, col 24 to line 709, col 46 of module trash_single: 2435
@!@!@ENDMSG 2221 @!@!@
@!@!@STARTMSG 2221:0 @!@!@
  |line 709, col 24 to line 709, col 31 of module trash_single: 1626
@!@!@ENDMSG 2221 @!@!@
@!@!@STARTMSG 2221:0 @!@!@
  line 710, col 24 to line 710, col 27 of module trash_single: 809
@!@!@ENDMSG 2221 @!@!@
@!@!@STARTMSG 2221:0 @!@!@
  line 711, col 24 to line 711, col 57 of module trash_single: 809
@!@!@ENDMSG 2221 @!@!@
@!@!@STARTMSG 2221:0 @!@!@
  line 712, col 24 to line 718, col 75 of module trash_single: 809
@!@!@ENDMSG 2221 @!@!@
@!@!@STARTMSG 2772:0 @!@!@
<ControlStart line 722, col 1 to line 722, col 12 of module trash_single>: 314:652
@!@!@ENDMSG 2772 @!@!@
@!@!@STARTMSG 2221:0 @!@!@
  line 722, col 20 to line 722, col 47 of module trash_single: 2294
@!@!@ENDMSG 2221 @!@!@
@!@!@STARTMSG 2221:0 @!@!@
  |line 722, col 20 to line 722, col 30 of module trash_single: 1642
@!@!@ENDMSG 2221 @!@!@
@!@!@STARTMSG 2221:0 @!@!@
  line 723, col 23 to line 723, col 34 of module trash_single: 652
@!@!@ENDMSG 2221 @!@!@
@!@!@STARTMSG 2221:0 @!@!@
  line 724, col 28 to line 724, col 71 of module trash_single: 321
@!@!@ENDMSG 2221 @!@!@
@!@!@STARTMSG 2221:0 @!@!@
  line 725, col 28 to line 728, col 75 of module trash_single: 331
@!@!@ENDMSG 2221 @!@!@
@!@!@STARTMSG 2221:0 @!@!@
  line 729, col 20 to line 735, col 45 of module trash_single: 652
@!@!@ENDMSG 2221 @!@!@
@!@!@STARTMSG 2772:0 @!@!@
<ReadCard line 737, col 1 to line 737, col 8 of module trash_single>: 315:321
@!@!@ENDMSG 2772 @!@!@
@!@!@STARTMSG 2221:0 @!@!@
  line 737, col 16 to line 737, col 39 of module trash_single: 1962
@!@!@ENDMSG 2221 @!@!@
@!@!@STARTMSG 2221:0 @!@!@
  |line 737, col 16 to line 737, col 26 of module trash_single: 1641
@!@!@ENDMSG 2221 @!@!@
@!@!@STARTMSG 2221:0 @!@!@
  line 738, col 16 to line 738, col 28 of module trash_single: 642
@!@!@ENDMSG 2221 @!@!@
@!@!@STARTMSG 2221:0 @!@!@
  |line 738, col 16 to line 738, col 20 of module trash_single: 321
@!@!@ENDMSG 2221 @!@!@
@!@!@STARTMSG 2221:0 @!@!@
  |line 738, col 25 to line 738, col 28 of module trash_single: 321
@!@!@ENDMSG 2221 @!@!@
@!@!@STARTMSG 2221:0 @!@!@
  line 739, col 16 to line 739, col 34 of module trash_single: 321
@!@!@ENDMSG 2221 @!@!@
@!@!@STARTMSG 2221:0 @!@!@
  line 740, col 16 to line 740, col 35 of module trash_single: 321
@!@!@ENDMSG 2221 @!@!@
@!@!@STARTMSG 2221:0 @!@!@
  line 741, col 16 to line 741, col 57 of module trash_single: 321
@!@!@ENDMSG 2221 @!@!@
@!@!@STARTMSG 2221:0 @!@!@
  line 742, col 16 to line 747, col 47 of module trash_single: 321
@!@!@ENDMSG 2221 @!@!@
@!@!@STARTMSG 2772:0 @!@!@
<AskServer line 749, col 1 to line 749, col 9 of module trash_single>: 316:321
@!@!@ENDMSG 2772 @!@!@
@!@!@STARTMSG 2221:0 @!@!@
  line 749, col 17 to line 749, col 41 of module trash_single: 1961
@!@!@ENDMSG 2221 @!@!@
@!@!@STARTMSG 2221:0 @!@!@
  |line 749, col 17 to line 749, col 27 of module trash_single: 1640
@!@!@ENDMSG 2221 @!@!@
@!@!@STARTMSG 2221:0 @!@!@
  line 750, col 17 to line 750, col 80 of module trash_single: 321
@!@!@ENDMSG 2221 @!@!@
@!@!@STARTMSG 2221:0 @!@!@
  line 751, col 17 to line 751, col 59 of module trash_single: 321
@!@!@ENDMSG 2221 @!@!@
@!@!@STARTMSG 2221:0 @!@!@
  line 752, col 17 to line 757, col 47 of module trash_single: 321
@!@!@ENDMSG 2221 @!@!@
@!@!@STARTMSG 2772:0 @!@!@
<WaitServer line 759, col 1 to line 759, col 10 of module trash_single>: 34:35
@!@!@ENDMSG 2772 @!@!@
@!@!@STARTMSG 2221:0 @!@!@
  line 759, col 18 to line 759, col 43 of module trash_single: 1674
@!@!@ENDMSG 2221 @!@!@
@!@!@STARTMSG 2221:0 @!@!@
  |line 759, col 18 to line 759, col 28 of module trash_single: 1639
@!@!@ENDMSG 2221 @!@!@
@!@!@STARTMSG 2221:0 @!@!@
  line 760, col 18 to line 760, col 40 of module trash_single: 374
@!@!@ENDMSG 2221 @!@!@
@!@!@STARTMSG 2221:0 @!@!@
  |line 760, col 18 to line 760, col 32 of module trash_single: 339
@!@!@ENDMSG 2221 @!@!@
@!@!@STARTMSG 2221:0 @!@!@
  |line 760, col 37 to line 760, col 40 of module trash_single: 339
@!@!@ENDMSG 2221 @!@!@
@!@!@STARTMSG 2221:0 @!@!@
  line 761, col 18 to line 761, col 46 of module trash_single: 35
@!@!@ENDMSG 2221 @!@!@
@!@!@STARTMSG 2221:0 @!@!@
  line 762, col 18 to line 762, col 57 of module trash_single: 35
@!@!@ENDMSG 2221 @!@!@
@!@!@STARTMSG 2221:0 @!@!@
  line 763, col 21 to line 763, col 37 of module trash_single: 35
@!@!@ENDMSG 2221 @!@!@
@!@!@STARTMSG 2221:0 @!@!@
  line 764, col 29 to line 764, col 71 of module trash_single: 0
@!@!@ENDMSG 2221 @!@!@
@!@!@STARTMSG 2221:0 @!@!@
  line 765, col 26 to line 765, col 70 of module trash_single: 35
@!@!@ENDMSG 2221 @!@!@
@!@!@STARTMSG 2221:0 @!@!@
  line 766, col 18 to line 771, col 42 of module trash_single: 35
@!@!@ENDMSG 2221 @!@!@
@!@!@STARTMSG 2772:0 @!@!@
<ForbidUser line 773, col 1 to line 773, col 10 of module trash_single>: 0:0
@!@!@ENDMSG 2772 @!@!@
@!@!@STARTMSG 2221:0 @!@!@
  line 773, col 18 to line 773, col 43 of module trash_single: 1638
@!@!@ENDMSG 2221 @!@!@
@!@!@STARTMSG 2221:0 @!@!@
  line 774, col 18 to line 774, col 122 of module trash_single: 0
@!@!@ENDMSG 2221 @!@!@
@!@!@STARTMSG 2221:0 @!@!@
  line 775, col 18 to line 775, col 62 of module trash_single: 0
@!@!@ENDMSG 2221 @!@!@
@!@!@STARTMSG 2221:0 @!@!@
  line 776, col 18 to line 781, col 55 of module trash_single: 0
@!@!@ENDMSG 2221 @!@!@
@!@!@STARTMSG 2772:0 @!@!@
<AllowUser line 783, col 1 to line 783, col 9 of module trash_single>: 0:0
@!@!@ENDMSG 2772 @!@!@
@!@!@STARTMSG 2221:0 @!@!@
  line 783, col 17 to line 783, col 41 of module trash_single: 1638
@!@!@ENDMSG 2221 @!@!@
@!@!@STARTMSG 2221:0 @!@!@
  line 784, col 17 to line 784, col 100 of module trash_single: 0
@!@!@ENDMSG 2221 @!@!@
@!@!@STARTMSG 2221:0 @!@!@
  |line 784, col 31 to line 784, col 100 of module trash_single: 9
@!@!@ENDMSG 2221 @!@!@
@!@!@STARTMSG 2221:0 @!@!@
  line 785, col 17 to line 785, col 121 of module trash_single: 0
@!@!@ENDMSG 2221 @!@!@
@!@!@STARTMSG 2221:0 @!@!@
  line 786, col 17 to line 786, col 61 of module trash_single: 0
@!@!@ENDMSG 2221 @!@!@
@!@!@STARTMSG 2221:0 @!@!@
  line 787, col 17 to line 792, col 36 of module trash_single: 0
@!@!@ENDMSG 2221 @!@!@
@!@!@STARTMSG 2202:0 @!@!@
End of statistics.
@!@!@ENDMSG 2202 @!@!@
@!@!@STARTMSG 2200:0 @!@!@
Progress(12) at 2026-09-30 15:03:10: 3,758 states generated (104,195 s/min), 1,821 distinct states found (50,489 ds/min), 187 states left on queue.
@!@!@ENDMSG 2200 @!@!@
@!@!@STARTMSG 2199:0 @!@!@
3758 states generated, 1821 distinct states found, 187 states left on queue.
@!@!@ENDMSG 2199 @!@!@
@!@!@STARTMSG 2186:0 @!@!@
Finished in 2175ms at (2026-09-30 15:03:10)
@!@!@ENDMSG 2186 @!@!@
